02-13 20:31:24.202 24768 29536 E rs$DefaultThreadFactory: java.lang.Thread.getStackTrace(Thread.java:1538)
02-13 20:31:24.202 24768 29536 E rs$DefaultThreadFactory: java.util.concurrent.Executors$DefaultThreadFactory.newThread(Executors.java:569)
02-13 20:31:24.202 24768 29536 E rs$DefaultThreadFactory: tqo.newThread(:com.google.android.gms@210214028@21.02.14 (100400-352619232):0)
02-13 20:31:24.202 24768 29536 E rs$DefaultThreadFactory: java.util.concurrent.ThreadPoolExecutor$Worker.<init>(ThreadPoolExecutor.java:636)
02-13 20:31:24.202 24768 29536 E rs$DefaultThreadFactory: java.util.concurrent.ThreadPoolExecutor.addWorker(ThreadPoolExecutor.java:950)
02-13 20:31:24.203 24768 29536 E rs$DefaultThreadFactory: java.util.concurrent.ThreadPoolExecutor.execute(ThreadPoolExecutor.java:1393)
02-13 20:31:24.203 24768 29536 E rs$DefaultThreadFactory: tkt.e(:com.google.android.gms@210214028@21.02.14 (100400-352619232):5)
02-13 20:31:24.203 24768 29536 E rs$DefaultThreadFactory: tkt.execute(:com.google.android.gms@210214028@21.02.14 (100400-352619232):2)
02-13 20:31:24.203 24768 29536 E rs$DefaultThreadFactory: cqax.a(:com.google.android.gms@210214028@21.02.14 (100400-352619232):2)
02-13 20:31:24.203 24768 29536 E rs$DefaultThreadFactory: cqax.execute(:com.google.android.gms@210214028@21.02.14 (100400-352619232):0)
02-13 20:31:24.204 24768 29536 E rs$DefaultThreadFactory: cqbv.flush(:com.google.android.gms@210214028@21.02.14 (100400-352619232):4)
02-13 20:31:24.204 24768 29536 E rs$DefaultThreadFactory: cqnz.flush(:com.google.android.gms@210214028@21.02.14 (100400-352619232):3)
02-13 20:31:24.204 24768 29536 E rs$DefaultThreadFactory: cqed.b(:com.google.android.gms@210214028@21.02.14 (100400-352619232):2)
02-13 20:31:24.204 24768 29536 E rs$DefaultThreadFactory: cqco.run(:com.google.android.gms@210214028@21.02.14 (100400-352619232):57)
02-13 20:31:24.204 24768 29536 E rs$DefaultThreadFactory: tks.c(:com.google.android.gms@210214028@21.02.14 (100400-352619232):6)
02-13 20:31:24.204 24768 29536 E rs$DefaultThreadFactory: tks.run(:com.google.android.gms@210214028@21.02.14 (100400-352619232):7)
02-13 20:31:24.205 24768 29536 E rs$DefaultThreadFactory: java.util.concurrent.ThreadPoolExecutor.runWorker(ThreadPoolExecutor.java:1167)
02-13 20:31:24.205 24768 29536 E rs$DefaultThreadFactory: java.util.concurrent.ThreadPoolExecutor$Worker.run(ThreadPoolExecutor.java:641)
02-13 20:31:24.205 24768 29536 E rs$DefaultThreadFactory: tqp.run(:com.google.android.gms@210214028@21.02.14 (100400-352619232):0)
02-13 20:31:24.205 24768 29536 E rs$DefaultThreadFactory: java.lang.Thread.run(Thread.java:764)
02-13 20:31:24.902  5370  5459 E Netd    : getNetworkForDns: getNetId from enterpriseCtrl is netid 0
02-13 20:31:30.153  5606  8120 E BartenderActivityManager: BarTender: pid : 12530 cached=true abnormal=false kill=false stay=false release=false
02-13 20:31:30.162  5606  8120 E BartenderActivityManager: BarTender: pid : 12212 cached=true abnormal=false kill=false stay=false release=false
02-13 20:31:30.169  5606  8120 E BartenderActivityManager: BarTender: pid : 12473 cached=true abnormal=false kill=false stay=false release=false
02-13 20:31:39.512  5373  5473 E storaged: getDiskStats failed with result NOT_SUPPORTED and size 0
02-13 20:31:50.772  5370  5459 E Netd    : getNetworkForDns: getNetId from enterpriseCtrl is netid 0
02-13 20:31:50.869  5370  5459 E Netd    : getNetworkForDns: getNetId from enterpriseCtrl is netid 0
02-13 20:31:50.887  5606  6124 E Watchdog: !@Sync 7905 [2021-02-13 20:31:50.887] FD count : 584
02-13 20:31:50.908  5370  5459 E Netd    : getNetworkForDns: getNetId from enterpriseCtrl is netid 0
02-13 20:32:00.002  5606  5794 E AlarmManager: Set nextNonWakeup as mNextNonWakeupDeliveryTime=618875792 , orig nextNonWakeup=0
02-13 20:32:06.016 25280 32342 E SQLiteLog: (10) POSIX Error : 9 SQLite Error : 3850
02-13 20:32:06.017 25280 32342 E SQLiteLog: (10) LOCK : Getting pending lock for (4) failed due to (9). The current owner is (-992811640).
02-13 20:32:06.028 25280 32342 E SQLiteLog: (10) POSIX Error : 9 SQLite Error : 3850
02-13 20:32:06.028 25280 32342 E SQLiteLog: (10) LOCK : Getting pending lock for (4) failed due to (9). The current owner is (-992811640).
02-13 20:32:11.603  5606  8121 E PackageManager: Failed to find package; permName: android.permission.INTERNET, uid: 9510125, caller: 1000
02-13 20:32:11.603  5606  8121 E PackageManager: Failed to find package; permName: android.permission.INTERNET, uid: 9510125, caller: 1000
02-13 20:32:12.005  5370  5459 E Netd    : getNetworkForDns: getNetId from enterpriseCtrl is netid 0
02-13 20:32:12.021  5370  5459 E Netd    : getNetworkForDns: getNetId from enterpriseCtrl is netid 0
02-13 20:32:12.068 31531 31731 E StructuredHeadersBuffer.cpp: Error message: Invalid character. Number of characters parsed before error:6. Header Content:u=3, i
02-13 20:32:12.315  5606  5805 E MotionRecognitionService:  handler : SCREEN_OFF end 
02-13 20:32:12.405  5352 10793 E SEC_DRM_PLUGIN_Omafl: OmaPlugin::onOpenDecryptSession(fd)::Drm2IsDrmFileByExtFd::file is NOT DRM by extension
02-13 20:32:12.550  5606  5698 E AlarmManager: Set nextNonWakeup as mNextNonWakeupDeliveryTime=618875792 , orig nextNonWakeup=0
02-13 20:32:12.552  5606  5698 E AlarmManager: Set nextNonWakeup as mNextNonWakeupDeliveryTime=618875792 , orig nextNonWakeup=0
02-13 20:32:13.313  5376 28840 E         : MOON>> SOMXAACD_COMP_SetParameter()11 in nIndex: 0x6f400006
02-13 20:32:13.359  3376 26743 E AudioFlinger: stageIndex is 0, get default sink buf
02-13 20:32:15.736  5992  5992 E KeyguardUpdateMonitor: handleStartedWakingUp start 1
02-13 20:32:15.743  3361  3361 E Sensors : inject_scontext_data: New ssp_data_injection_fd(29)
02-13 20:32:15.755  5992  5992 E KeyguardFingerPrint: updateFingerprintListeningState#mFingerprintRunningState=1 shouldListenForFingerprint=true
02-13 20:32:15.763  5992  5992 E KeyguardUpdateMonitor: handleStartedWakingUp end
02-13 20:32:15.767  3361  3361 E Sensors : inject_scontext_data: New ssp_data_injection_fd(29)
02-13 20:32:15.769  3361  3361 E Sensors : inject_scontext_data: New ssp_data_injection_fd(29)
02-13 20:32:15.788  6324  6593 E EPDG -- SIM0 [RILRECEIVER]: Incorrect EpdgIilIpcMessage IPC Message -- not initialized
02-13 20:32:15.813  5606  8118 E LockSettingsStorage: Cannot read file java.io.FileNotFoundException: /data/system/fmmpassword.key: open failed: ENOENT (No such file or directory)
02-13 20:32:15.824  5606  8118 E LockSettingsStorage: Cannot read file java.io.FileNotFoundException: /data/system/fmmpassword.key: open failed: ENOENT (No such file or directory)
02-13 20:32:15.842  5935  6497 E ImsAdaptorImpl: setSSACInfo : ImsAdaptorImpl.
02-13 20:32:15.844  6324  6593 E EPDG -- SIM0 [RILRECEIVER]: RX [NET_REGIST] -- RESPONSE -- not initialized
02-13 20:32:15.849  6324  6593 E EPDG -- SIM1 [RILRECEIVER]: Incorrect EpdgIilIpcMessage IPC Message -- not initialized
02-13 20:32:15.849  5935  6522 E ImsAdaptorImpl2: setSSACInfo : ImsAdaptorImpl.
02-13 20:32:15.853  6324  6593 E EPDG -- SIM1 [RILRECEIVER]: RX [NET_REGIST] -- RESPONSE -- not initialized
02-13 20:32:15.863  5606  5606 E PocketModeEvent: ACTION_SCREEN_ON(by 1)
02-13 20:32:15.920  5606  8118 E LockSettingsStorage: Cannot read file java.io.FileNotFoundException: /data/system/fmmpassword.key: open failed: ENOENT (No such file or directory)
02-13 20:32:15.931  3366  3366 E SecHAL  : nfc_hal_write: [Cmd]Send EVT data_sending_flag = true, return size=4!!
02-13 20:32:15.956  5606  5606 E PocketModeEvent: onSensorChanged : proxVal: 8.0
02-13 20:32:15.959  3366  1293 E SecHAL  : nfc_data_callback: [Cmd]Received a response packet : data_sending_flag = false!!
02-13 20:32:15.977  5992  5992 E KeyguardFingerPrint: updateFingerprintListeningState#mFingerprintRunningState=1 shouldListenForFingerprint=true
02-13 20:32:16.002  5606  7567 E LockSettingsStorage: Cannot read file java.io.FileNotFoundException: /data/system/fmmpassword.key: open failed: ENOENT (No such file or directory)
02-13 20:32:16.043 13676   375 E BtGatt.ContextMap: remove() - removed: 4
02-13 20:32:16.058 13676 13757 E BtGatt.GattService: [GSIM LOG]: gsimLogHandler, msg: MESSAGE_SCAN_STOP, appName: android.uid.bcmgr, scannerId: 4, reportDelayMillis=0
02-13 20:32:16.149  5606  7567 E BluetoothManagerService: Unable to handle updateBleAppCount
02-13 20:32:16.162 13676 13757 E BtGatt.GattService: [GSIM LOG]: gsimLogHandler, msg: MESSAGE_SCAN_START, appName: android.uid.bcmgr, scannerId: 4, reportDelayMillis=0
02-13 20:32:16.165  5606  7567 E BluetoothManagerService: Unable to handle updateBleAppCount
02-13 20:32:16.167  3361  3361 E Sensors : inject_scontext_data: New ssp_data_injection_fd(29)
02-13 20:32:16.168 24710 20147 E DeviceScanner: [BLE] Failed to start scan because the Bluetooth is disabled.
02-13 20:32:16.207 13676 13756 E BtGatt.ScanManager: default value of curScanSetting 0 is choosen
02-13 20:32:16.213 13676 13757 E BtGatt.GattService: [GSIM LOG]: gsimLogHandler, msg: MESSAGE_SCAN_START, appName: android.uid.system, scannerId: 5, reportDelayMillis=0
02-13 20:32:16.219 13676 13756 E BtGatt.ScanManager: default value of curScanSetting 0 is choosen
02-13 20:32:16.222 32394 32394 E Zygote  : isWhitelistProcess - Process is Whitelisted
02-13 20:32:16.224 32394 32394 E Zygote  : accessInfo : 1
02-13 20:32:16.231 32394 32394 E p.clipboardedg: Not starting debugger since process cannot load the jdwp agent.
02-13 20:32:16.271  5606  5850 E WifiScanningService: Use Cached ScanResult. useCachedScan : true, simulation mode : false, settings.scanType : 0
02-13 20:32:17.039  5606  5606 E PocketModeEvent: unregi sensor L : 49 P : 0
02-13 20:32:20.888  5992  5992 E KeyguardFingerPrint: updateFingerprintListeningState#mFingerprintRunningState=1 shouldListenForFingerprint=true
02-13 20:32:20.896  5606  6124 E Watchdog: !@Sync 7906 [2021-02-13 20:32:20.896] FD count : 592
02-13 20:32:21.183  3361  3361 E Sensors : inject_scontext_data: New ssp_data_injection_fd(29)
02-13 20:32:21.221  5271  8048 E BufferQueueProducer: [ColorFade#0] disconnect: not connected (req=1)
02-13 20:32:21.271 32419 32419 E Zygote  : isWhitelistProcess - Process is Whitelisted
02-13 20:32:21.276 32419 32419 E Zygote  : accessInfo : 1
02-13 20:32:21.301  5271  6877 E BufferQueueProducer: [com.android.systemui.infinity.InfinityWallpaperOrchid[6129]#0] disconnect: not connected (req=1)
02-13 20:32:21.335  3361  3361 E Sensors : inject_scontext_data: New ssp_data_injection_fd(29)
02-13 20:32:21.338  3361  3361 E Sensors : inject_scontext_data: New ssp_data_injection_fd(29)
02-13 20:32:21.342 32419 32419 E ervice:provide: Not starting debugger since process cannot load the jdwp agent.
02-13 20:32:21.343  3361  3361 E Sensors : inject_scontext_data: New ssp_data_injection_fd(29)
02-13 20:32:21.582  5606  7391 E LockSettingsStorage: Cannot read file java.io.FileNotFoundException: /data/system/fmmpassword.key: open failed: ENOENT (No such file or directory)
02-13 20:32:21.604  5271  8048 E BufferQueueProducer: [com.samsung.android.app.cocktailbarservice/com.samsung.android.app.cocktailbarservice.CocktailBarService[11067]#0] disconnect: not connected (req=1)
02-13 20:32:21.628  5606  7391 E WindowManager: win=Window{be50773 u0 com.samsung.android.app.cocktailbarservice/com.samsung.android.app.cocktailbarservice.CocktailBarService} destroySurfaces: appStopped=true win.mWindowRemovalAllowed=false win.mRemoveOnExit=false win.mViewVisibility=8 caller=com.android.server.wm.WindowManagerService.tryStartExitingAnimation:2798 com.android.server.wm.WindowManagerService.relayoutWindow:2496 com.android.server.wm.Session.relayoutForTranslate:302 android.view.IWindowSession$Stub.onTransact:518 com.android.server.wm.Session.onTransact:186 android.os.Binder.execTransact:739 <bottom of call stack> 
02-13 20:32:21.645  5992  5992 E KeyguardFingerPrint: updateFingerprintListeningState#mFingerprintRunningState=1 shouldListenForFingerprint=true
02-13 20:32:21.658  5606  8120 E LockSettingsStorage: Cannot read file java.io.FileNotFoundException: /data/system/fmmpassword.key: open failed: ENOENT (No such file or directory)
02-13 20:32:21.690  5606  8120 E LockSettingsStorage: Cannot read file java.io.FileNotFoundException: /data/system/fmmpassword.key: open failed: ENOENT (No such file or directory)
02-13 20:32:21.719  5606  8120 E LockSettingsStorage: Cannot read file java.io.FileNotFoundException: /data/system/fmmpassword.key: open failed: ENOENT (No such file or directory)
02-13 20:32:21.800  5606  8120 E LockSettingsStorage: Cannot read file java.io.FileNotFoundException: /data/system/fmmpassword.key: open failed: ENOENT (No such file or directory)
02-13 20:32:21.913  5992  5992 E AOD_CONFIG@AODConfigurationController: Skipping initialize MONITOR_BATTERY - no registered monitor
02-13 20:32:21.959  5992 12218 E KeyguardViewMediator: resetStateLocked
02-13 20:32:22.029  5992  5992 E KeyguardFingerPrint: updateFingerprintListeningState#mFingerprintRunningState=1 shouldListenForFingerprint=true
02-13 20:32:22.046  5606  5606 E PocketModeEvent: ACTION_SCREEN_OFF
02-13 20:32:22.051  5606  8120 E LockSettingsStorage: Cannot read file java.io.FileNotFoundException: /data/system/fmmpassword.key: open failed: ENOENT (No such file or directory)
02-13 20:32:22.087  5606  8120 E LockSettingsStorage: Cannot read file java.io.FileNotFoundException: /data/system/fmmpassword.key: open failed: ENOENT (No such file or directory)
02-13 20:32:22.114  5606  8120 E LockSettingsStorage: Cannot read file java.io.FileNotFoundException: /data/system/fmmpassword.key: open failed: ENOENT (No such file or directory)
02-13 20:32:22.128  5606  7391 E LockSettingsStorage: Cannot read file java.io.FileNotFoundException: /data/system/fmmpassword.key: open failed: ENOENT (No such file or directory)
02-13 20:32:22.136  5606  8120 E LockSettingsStorage: Cannot read file java.io.FileNotFoundException: /data/system/fmmpassword.key: open failed: ENOENT (No such file or directory)
02-13 20:32:22.137  3366  3366 E SecHAL  : nfc_hal_write: [Cmd]Send EVT data_sending_flag = true, return size=4!!
02-13 20:32:22.154  5606  8120 E LockSettingsStorage: Cannot read file java.io.FileNotFoundException: /data/system/fmmpassword.key: open failed: ENOENT (No such file or directory)
02-13 20:32:22.165  5992  5992 E KeyguardFingerPrint: updateFingerprintListeningState#mFingerprintRunningState=1 shouldListenForFingerprint=true
02-13 20:32:22.167  3366  1293 E SecHAL  : nfc_data_callback: [Cmd]Received a response packet : data_sending_flag = false!!
02-13 20:32:22.177  5606  7567 E LockSettingsStorage: Cannot read file java.io.FileNotFoundException: /data/system/fmmpassword.key: open failed: ENOENT (No such file or directory)
02-13 20:32:22.244 32441 32441 E Zygote  : isWhitelistProcess - Process is Whitelisted
02-13 20:32:22.246  5992  5992 E KeyguardFingerPrint: updateFingerprintListeningState#mFingerprintRunningState=1 shouldListenForFingerprint=true
02-13 20:32:22.250 32441 32441 E Zygote  : accessInfo : 1
02-13 20:32:22.271 32441 32441 E pmode.uiservic: Not starting debugger since process cannot load the jdwp agent.
02-13 20:32:22.301  5606  7567 E LockSettingsStorage: Cannot read file java.io.FileNotFoundException: /data/system/fmmpassword.key: open failed: ENOENT (No such file or directory)
02-13 20:32:22.336 13676   375 E BtGatt.ContextMap: remove() - removed: 4
02-13 20:32:22.399 13676 13756 E BtGatt.ScanManager: default value of curScanSetting 0 is choosen
02-13 20:32:22.402 13676 13757 E BtGatt.GattService: [GSIM LOG]: gsimLogHandler, msg: MESSAGE_SCAN_STOP, appName: android.uid.bcmgr, scannerId: 4, reportDelayMillis=0
02-13 20:32:22.464 12684 12684 E SENL$CPLog$SO$PenInfoModel: initPenPositionType# /sys/class/sec/sec_epen/input/device/of_node/wacom,spen_garage_pos (No such file or directory)
02-13 20:32:22.479 13676 13757 E BtGatt.GattService: [GSIM LOG]: gsimLogHandler, msg: MESSAGE_SCAN_START, appName: android.uid.bcmgr, scannerId: 4, reportDelayMillis=0
02-13 20:32:22.509 13676 13756 E BtGatt.ScanManager: default value of curScanSetting 0 is choosen
02-13 20:32:22.693  5606  6230 E BluetoothManagerService: Unable to handle updateBleAppCount
02-13 20:32:22.710 13676   375 E BtGatt.ContextMap: remove() - removed: 5
02-13 20:32:22.714 30679 30709 E DBG_FMESEC :[FMEPreference       ]: Location info too old
02-13 20:32:22.718 13676 13756 E BtGatt.ScanManager: default value of curScanSetting 0 is choosen
02-13 20:32:22.735 13676 13757 E BtGatt.GattService: [GSIM LOG]: gsimLogHandler, msg: MESSAGE_SCAN_STOP, appName: android.uid.system, scannerId: 5, reportDelayMillis=0
02-13 20:32:22.739 30679 11862 E DBG_FMESEC :[FMEPreference       ]: Data not exist in pref : 2
02-13 20:32:22.739 30679 11862 E DBG_FMESEC :[FMEPreference       ]: Data not exist in pref : 3
02-13 20:32:22.739 30679 11862 E DBG_FMESEC :[FMEPreference       ]: Data not exist in pref : 4
02-13 20:32:22.739 30679 11862 E DBG_FMESEC :[FMEPreference       ]: Data not exist in pref : 5
02-13 20:32:22.739 30679 11862 E DBG_FMESEC :[FMEPreference       ]: Data not exist in pref : 6
02-13 20:32:22.739 30679 11862 E DBG_FMESEC :[FMEPreference       ]: location info not exist
02-13 20:32:22.741 30679 11862 E DBG_FMESEC :[FMEPreference       ]: Data not exist in pref : 200
02-13 20:32:29.830  5606  5655 E PackageManager: Failed to find package; permName: android.permission.INTERNET, uid: 9510125, caller: 1000
02-13 20:32:29.830  5606  5655 E PackageManager: Failed to find package; permName: android.permission.INTERNET, uid: 9510125, caller: 1000
02-13 20:32:32.970 24710 20147 E SQLiteCastStore: Skip saving CastDeviceInfo: " " (__cast_nearby___V_214b9639-a8b7-4b1a-bca3-fd762fda75bc)
02-13 20:32:39.514  5373  5473 E storaged: getDiskStats failed with result NOT_SUPPORTED and size 0
02-13 20:32:42.503  5606  7240 E BartenderActivityManager: BarTender: pid : 31792 cached=true abnormal=false kill=false stay=false release=false
02-13 20:32:42.883  5606  8121 E BartenderActivityManager: BarTender: pid : 31813 cached=true abnormal=false kill=false stay=false release=false
02-13 20:32:45.995  5606  8121 E BartenderActivityManager: BarTender: pid : 27384 cached=true abnormal=false kill=false stay=false release=false
02-13 20:32:46.009  5606  8121 E BartenderActivityManager: BarTender: pid : 14557 cached=true abnormal=false kill=false stay=false release=false
02-13 20:32:46.208  5606  8121 E BartenderActivityManager: BarTender: pid : 12530 cached=true abnormal=false kill=false stay=false release=false
02-13 20:32:46.221  5606  8121 E BartenderActivityManager: BarTender: pid : 12212 cached=true abnormal=false kill=false stay=false release=false
02-13 20:32:46.237  5606  8121 E BartenderActivityManager: BarTender: pid : 12473 cached=true abnormal=false kill=false stay=false release=false
02-13 20:32:50.917  5606  6124 E Watchdog: !@Sync 7907 [2021-02-13 20:32:50.917] FD count : 584
02-13 20:32:52.041  5606  8121 E BartenderActivityManager: BarTender: pid : 31531 cached=true abnormal=false kill=false stay=false release=false
02-13 20:32:52.317  5606  8121 E BartenderActivityManager: BarTender: pid : 10235 cached=true abnormal=false kill=false stay=false release=false
02-13 20:32:52.335  5606  8121 E BartenderActivityManager: BarTender: pid : 32196 cached=true abnormal=false kill=false stay=false release=false
02-13 20:32:52.343  5606  8121 E BartenderActivityManager: BarTender: pid : 32214 cached=true abnormal=false kill=false stay=false release=false
02-13 20:32:52.349  5606  8121 E BartenderActivityManager: BarTender: pid : 32235 cached=true abnormal=false kill=false stay=false release=false
02-13 20:32:52.356  5606  8121 E BartenderActivityManager: BarTender: pid : 32257 cached=true abnormal=false kill=false stay=false release=false
02-13 20:32:52.477  5606  8121 E BartenderActivityManager: BarTender: pid : 32441 cached=true abnormal=false kill=false stay=false release=false
02-13 20:32:52.735  5606  7391 E BartenderActivityManager: BarTender: pid : 14616 cached=true abnormal=false kill=false stay=false release=false
02-13 20:32:52.740  5606  7391 E BartenderActivityManager: BarTender: pid : 25280 cached=true abnormal=false kill=false stay=false release=false
02-13 20:32:52.783  5606  7391 E BartenderActivityManager: BarTender: pid : 31373 cached=true abnormal=false kill=false stay=false release=false
02-13 20:32:52.803  5606  7391 E BartenderActivityManager: BarTender: pid : 32394 cached=true abnormal=false kill=false stay=false release=false
02-13 20:33:20.936  5606  6124 E Watchdog: !@Sync 7908 [2021-02-13 20:33:20.936] FD count : 584
02-13 20:33:27.552  5606  5794 E AlarmManager: Set nextNonWakeup as mNextNonWakeupDeliveryTime=617765792 , orig nextNonWakeup=0
02-13 20:33:27.554  5606  5794 E AlarmManager: Set nextNonWakeup as mNextNonWakeupDeliveryTime=617765792 , orig nextNonWakeup=0
02-13 20:33:39.516  5373  5473 E storaged: getDiskStats failed with result NOT_SUPPORTED and size 0
02-13 20:33:48.448  5606  5794 E AlarmManager: Set nextNonWakeup as mNextNonWakeupDeliveryTime=617814232 , orig nextNonWakeup=0
02-13 20:33:50.957  5606  6124 E Watchdog: !@Sync 7909 [2021-02-13 20:33:50.956] FD count : 584
02-13 20:33:52.987  5606  8121 E BartenderActivityManager: BarTender: pid : 27538 cached=true abnormal=false kill=false stay=false release=false
02-13 20:33:52.994  5606  8121 E BartenderActivityManager: BarTender: pid : 32075 cached=true abnormal=false kill=false stay=false release=false
02-13 20:34:00.132 32496 32496 E Zygote  : isWhitelistProcess - Process is Whitelisted
02-13 20:34:00.136 32496 32496 E Zygote  : accessInfo : 1
02-13 20:34:00.156 32496 32496 E com.whatsapp: Not starting debugger since process cannot load the jdwp agent.
02-13 20:34:00.730  5370  5459 E Netd    : getNetworkForDns: getNetId from enterpriseCtrl is netid 0
02-13 20:34:00.974  5370  5459 E Netd    : getNetworkForDns: getNetId from enterpriseCtrl is netid 0
02-13 20:34:01.253  5370  5459 E Netd    : getNetworkForDns: getNetId from enterpriseCtrl is netid 0
02-13 20:34:01.369  5370  5459 E Netd    : getNetworkForDns: getNetId from enterpriseCtrl is netid 0
02-13 20:34:03.748  5606  6028 E BartenderActivityManager: BarTender: pid : 31531 cached=true abnormal=false kill=false stay=false release=false
02-13 20:34:16.392  5606  5794 E AlarmManager: Set nextNonWakeup as mNextNonWakeupDeliveryTime=617842182 , orig nextNonWakeup=0
02-13 20:34:20.976  5606  6124 E Watchdog: !@Sync 7910 [2021-02-13 20:34:20.975] FD count : 584
02-13 20:34:30.130  5606  8028 E BartenderActivityManager: BarTender: pid : 12530 cached=true abnormal=false kill=false stay=false release=false
02-13 20:34:30.140  5606  8028 E BartenderActivityManager: BarTender: pid : 12212 cached=true abnormal=false kill=false stay=false release=false
02-13 20:34:30.147  5606  8028 E BartenderActivityManager: BarTender: pid : 12473 cached=true abnormal=false kill=false stay=false release=false
02-13 20:34:31.486  5606  8028 E BartenderActivityManager: BarTender: pid : 6714 cached=true abnormal=false kill=false stay=false release=false
02-13 20:34:31.494  5606  8028 E BartenderActivityManager: BarTender: pid : 9077 cached=true abnormal=false kill=false stay=false release=false
02-13 20:34:31.745  5370  5459 E Netd    : getNetworkForDns: getNetId from enterpriseCtrl is netid 0
02-13 20:34:39.518  5373  5473 E storaged: getDiskStats failed with result NOT_SUPPORTED and size 0
02-13 20:34:47.411 32620 32620 E Zygote  : isWhitelistProcess - Process is Whitelisted
02-13 20:34:47.415 32620 32620 E Zygote  : accessInfo : 1
02-13 20:34:47.435 32620 32620 E .intl.arm64:P5: Not starting debugger since process cannot load the jdwp agent.
02-13 20:34:48.634  3257  3257 E audit   : avc:  denied  { find } for service=wifiscanner pid=32620 uid=10191 scontext=u:r:untrusted_app:s0:c191,c256,c512,c768 tcontext=u:object_r:wifiscanner_service:s0 tclass=service_manager permissive=0
02-13 20:34:48.643  3257  3257 E audit   : avc:  denied  { find } for service=system_update pid=32620 uid=10191 scontext=u:r:untrusted_app:s0:c191,c256,c512,c768 tcontext=u:object_r:system_update_service:s0 tclass=service_manager permissive=0
02-13 20:34:48.647  3257  3257 E audit   : avc:  denied  { find } for service=lock_settings pid=32620 uid=10191 scontext=u:r:untrusted_app:s0:c191,c256,c512,c768 tcontext=u:object_r:lock_settings_service:s0 tclass=service_manager permissive=0
02-13 20:34:48.830  3257  3257 E audit   : avc:  denied  { find } for service=recovery pid=32620 uid=10191 scontext=u:r:untrusted_app:s0:c191,c256,c512,c768 tcontext=u:object_r:recovery_service:s0 tclass=service_manager permissive=0
02-13 20:34:50.989  5606  6124 E Watchdog: !@Sync 7911 [2021-02-13 20:34:50.988] FD count : 584
02-13 20:34:52.134  5606  8028 E BartenderActivityManager: BarTender: pid : 31531 cached=true abnormal=false kill=false stay=false release=false
02-13 20:34:52.145  5606  8028 E BartenderActivityManager: BarTender: pid : 32496 cached=true abnormal=false kill=false stay=false release=false
02-13 20:34:52.346  5370  5459 E Netd    : getNetworkForDns: getNetId from enterpriseCtrl is netid 0
02-13 20:35:00.003  5606  5794 E AlarmManager: Set nextNonWakeup as mNextNonWakeupDeliveryTime=617885791 , orig nextNonWakeup=0
02-13 20:35:08.681  3361  4018 E Sensors : inject_scontext_data: New ssp_data_injection_fd(29)
02-13 20:35:20.998  5606  6124 E Watchdog: !@Sync 7912 [2021-02-13 20:35:20.997] FD count : 584
02-13 20:35:25.508 24768 29536 E rs$DefaultThreadFactory: ===== Detect pool-thread leak =====
02-13 20:35:25.510 24768 29536 E rs$DefaultThreadFactory: dalvik.system.VMStack.getThreadStackTrace(Native Method)
02-13 20:35:25.510 24768 29536 E rs$DefaultThreadFactory: java.lang.Thread.getStackTrace(Thread.java:1538)
02-13 20:35:25.510 24768 29536 E rs$DefaultThreadFactory: java.util.concurrent.Executors$DefaultThreadFactory.newThread(Executors.java:569)
02-13 20:35:25.511 24768 29536 E rs$DefaultThreadFactory: bvsi.newThread(:com.google.android.gms@210214028@21.02.14 (100400-352619232):1)
02-13 20:35:25.511 24768 29536 E rs$DefaultThreadFactory: java.util.concurrent.ThreadPoolExecutor$Worker.<init>(ThreadPoolExecutor.java:636)
02-13 20:35:25.511 24768 29536 E rs$DefaultThreadFactory: java.util.concurrent.ThreadPoolExecutor.addWorker(ThreadPoolExecutor.java:950)
02-13 20:35:25.511 24768 29536 E rs$DefaultThreadFactory: java.util.concurrent.ThreadPoolExecutor.execute(ThreadPoolExecutor.java:1393)
02-13 20:35:25.511 24768 29536 E rs$DefaultThreadFactory: cpxs.execute(:com.google.android.gms@210214028@21.02.14 (100400-352619232):0)
02-13 20:35:25.511 24768 29536 E rs$DefaultThreadFactory: cpve.f(:com.google.android.gms@210214028@21.02.14 (100400-352619232):3)
02-13 20:35:25.511 24768 29536 E rs$DefaultThreadFactory: cpve.d(:com.google.android.gms@210214028@21.02.14 (100400-352619232):0)
02-13 20:35:25.512 24768 29536 E rs$DefaultThreadFactory: cpyx.p(:com.google.android.gms@210214028@21.02.14 (100400-352619232):2)
02-13 20:35:25.512 24768 29536 E rs$DefaultThreadFactory: cpwz.e(:com.google.android.gms@210214028@21.02.14 (100400-352619232):3)
02-13 20:35:25.512 24768 29536 E rs$DefaultThreadFactory: cpwz.d(:com.google.android.gms@210214028@21.02.14 (100400-352619232):2)
02-13 20:35:25.512 24768 29536 E rs$DefaultThreadFactory: cpwv.run(:com.google.android.gms@210214028@21.02.14 (100400-352619232):2)
02-13 20:35:25.512 24768 29536 E rs$DefaultThreadFactory: cpqe.a(:com.google.android.gms@210214028@21.02.14 (100400-352619232):3)
02-13 20:35:25.512 24768 29536 E rs$DefaultThreadFactory: cpqe.execute(:com.google.android.gms@210214028@21.02.14 (100400-352619232):0)
02-13 20:35:25.512 24768 29536 E rs$DefaultThreadFactory: cpwx.c(:com.google.android.gms@210214028@21.02.14 (100400-352619232):4)
02-13 20:35:25.513 24768 29536 E rs$DefaultThreadFactory: cqcp.m(:com.google.android.gms@210214028@21.02.14 (100400-352619232):1)
02-13 20:35:25.513 24768 29536 E rs$DefaultThreadFactory: cqco.run(:com.google.android.gms@210214028@21.02.14 (100400-352619232):93)
02-13 20:35:25.513 24768 29536 E rs$DefaultThreadFactory: tks.c(:com.google.android.gms@210214028@21.02.14 (100400-352619232):6)
02-13 20:35:25.513 24768 29536 E rs$DefaultThreadFactory: tks.run(:com.google.android.gms@210214028@21.02.14 (100400-352619232):7)
02-13 20:35:25.513 24768 29536 E rs$DefaultThreadFactory: java.util.concurrent.ThreadPoolExecutor.runWorker(ThreadPoolExecutor.java:1167)
02-13 20:35:25.514 24768 29536 E rs$DefaultThreadFactory: java.util.concurrent.ThreadPoolExecutor$Worker.run(ThreadPoolExecutor.java:641)
02-13 20:35:25.514 24768 29536 E rs$DefaultThreadFactory: tqp.run(:com.google.android.gms@210214028@21.02.14 (100400-352619232):0)
02-13 20:35:25.514 24768 29536 E rs$DefaultThreadFactory: java.lang.Thread.run(Thread.java:764)
02-13 20:35:25.522  5370  5459 E Netd    : getNetworkForDns: getNetId from enterpriseCtrl is netid 0
02-13 20:35:39.520  5373  5473 E storaged: getDiskStats failed with result NOT_SUPPORTED and size 0
02-13 20:35:51.015  5606  6124 E Watchdog: !@Sync 7913 [2021-02-13 20:35:51.015] FD count : 584
02-13 20:36:00.003  5606  5794 E AlarmManager: Set nextNonWakeup as mNextNonWakeupDeliveryTime=617940000 , orig nextNonWakeup=0
02-13 20:36:03.739  5606  8028 E BartenderActivityManager: BarTender: pid : 12530 cached=true abnormal=false kill=false stay=false release=false
02-13 20:36:03.748  5606  8028 E BartenderActivityManager: BarTender: pid : 12212 cached=true abnormal=false kill=false stay=false release=false
02-13 20:36:03.754  5606  8028 E BartenderActivityManager: BarTender: pid : 12473 cached=true abnormal=false kill=false stay=false release=false
02-13 20:36:15.594  6324  6593 E EPDG -- SIM0 [RILRECEIVER]: Incorrect EpdgIilIpcMessage IPC Message -- not initialized
02-13 20:36:15.597  5935  6497 E ImsAdaptorImpl: setSSACInfo : ImsAdaptorImpl.
02-13 20:36:15.608  5935  6497 E ImsAdaptorImpl: setSSACInfo : ImsAdaptorImpl.
02-13 20:36:15.612  6324  6593 E EPDG -- SIM0 [RILRECEIVER]: Incorrect EpdgIilIpcMessage IPC Message -- not initialized
02-13 20:36:15.618  6324  6593 E EPDG -- SIM0 [RILRECEIVER]: RX [NET_REGIST] -- RESPONSE -- not initialized
02-13 20:36:15.899  5606  8028 E AlarmManager: Set nextNonWakeup as mNextNonWakeupDeliveryTime=617940000 , orig nextNonWakeup=0
02-13 20:36:15.904  5606  6371 E AlarmManager: Set nextNonWakeup as mNextNonWakeupDeliveryTime=617940000 , orig nextNonWakeup=0
02-13 20:36:21.025  5606  6124 E Watchdog: !@Sync 7914 [2021-02-13 20:36:21.025] FD count : 584
02-13 20:36:23.108  6324  6593 E EPDG -- SIM0 [RILRECEIVER]: Incorrect EpdgIilIpcMessage IPC Message -- not initialized
02-13 20:36:23.114  5935  6497 E ImsAdaptorImpl: setSSACInfo : ImsAdaptorImpl.
02-13 20:36:23.128  5935  6497 E ImsAdaptorImpl: setSSACInfo : ImsAdaptorImpl.
02-13 20:36:23.130  6324  6593 E EPDG -- SIM0 [RILRECEIVER]: Incorrect EpdgIilIpcMessage IPC Message -- not initialized
02-13 20:36:23.132  6324  6593 E EPDG -- SIM0 [RILRECEIVER]: RX [NET_REGIST] -- RESPONSE -- not initialized
02-13 20:36:23.647  5606  5663 E BatteryExternalStatsWorker: no controller energy info supplied for bluetooth
02-13 20:36:23.830  6324  6593 E EPDG -- SIM0 [RILRECEIVER]: Incorrect EpdgIilIpcMessage IPC Message -- not initialized
02-13 20:36:23.833  5935  6497 E ImsAdaptorImpl: setSSACInfo : ImsAdaptorImpl.
02-13 20:36:23.846  5935  6497 E ImsAdaptorImpl: setSSACInfo : ImsAdaptorImpl.
02-13 20:36:23.847  6324  6593 E EPDG -- SIM0 [RILRECEIVER]: Incorrect EpdgIilIpcMessage IPC Message -- not initialized
02-13 20:36:23.850  6324  6593 E EPDG -- SIM0 [RILRECEIVER]: RX [NET_REGIST] -- RESPONSE -- not initialized
02-13 20:36:38.192  5606  7442 E AlarmManager: Set nextNonWakeup as mNextNonWakeupDeliveryTime=617940000 , orig nextNonWakeup=0
02-13 20:36:38.200  5606  7442 E AlarmManager: Set nextNonWakeup as mNextNonWakeupDeliveryTime=617940000 , orig nextNonWakeup=0
02-13 20:36:38.224 25280 32699 E SQLiteLog: (10) POSIX Error : 9 SQLite Error : 3850
02-13 20:36:38.224 25280 32699 E SQLiteLog: (10) LOCK : Getting pending lock for (4) failed due to (9). The current owner is (-992811640).
02-13 20:36:38.231 25280 32699 E SQLiteLog: (10) POSIX Error : 9 SQLite Error : 3850
02-13 20:36:38.231 25280 32699 E SQLiteLog: (10) LOCK : Getting pending lock for (4) failed due to (9). The current owner is (-992811640).
02-13 20:36:39.523  5373  5473 E storaged: getDiskStats failed with result NOT_SUPPORTED and size 0
02-13 20:36:39.558 25280 32700 E SQLiteLog: (10) POSIX Error : 9 SQLite Error : 3850
02-13 20:36:39.558 25280 32700 E SQLiteLog: (10) LOCK : Getting pending lock for (4) failed due to (9). The current owner is (-1000356472).
02-13 20:36:39.564 25280 32700 E SQLiteLog: (10) POSIX Error : 9 SQLite Error : 3850
02-13 20:36:39.564 25280 32700 E SQLiteLog: (10) LOCK : Getting pending lock for (4) failed due to (9). The current owner is (-1000356472).
02-13 20:36:51.044  5606  6124 E Watchdog: !@Sync 7915 [2021-02-13 20:36:51.043] FD count : 584
02-13 20:36:51.911  6324  6593 E EPDG -- SIM0 [RILRECEIVER]: Incorrect EpdgIilIpcMessage IPC Message -- not initialized
02-13 20:36:51.915  5935  6497 E ImsAdaptorImpl: setSSACInfo : ImsAdaptorImpl.
02-13 20:36:51.930  5935  6497 E ImsAdaptorImpl: setSSACInfo : ImsAdaptorImpl.
02-13 20:36:51.931  6324  6593 E EPDG -- SIM0 [RILRECEIVER]: Incorrect EpdgIilIpcMessage IPC Message -- not initialized
02-13 20:36:51.932  6324  6593 E EPDG -- SIM0 [RILRECEIVER]: RX [NET_REGIST] -- RESPONSE -- not initialized
02-13 20:37:17.160  5370  5469 E IptablesRestoreController: [iptables debug]iptables-restore execute *filter
02-13 20:37:17.160  5370  5469 E IptablesRestoreController: -D fw_standby_uid -m owner --uid-owner 10264 -j DROP
02-13 20:37:17.160  5370  5469 E IptablesRestoreController: COMMIT
02-13 20:37:17.179  5370  5469 E IptablesRestoreController: [iptables debug]iptables-restore execute done *filter
02-13 20:37:17.179  5370  5469 E IptablesRestoreController: -D fw_standby_uid -m owner --uid-owner 10264 -j DROP
02-13 20:37:17.179  5370  5469 E IptablesRestoreController: COMMIT
02-13 20:37:17.179  5370  5469 E IptablesRestoreController: , res : 0
02-13 20:37:17.181  5370  5469 E IptablesRestoreController: [iptables debug]iptables-restore execute *filter
02-13 20:37:17.181  5370  5469 E IptablesRestoreController: -A fw_standby_uid -m owner --uid-owner 10052 -j DROP
02-13 20:37:17.181  5370  5469 E IptablesRestoreController: COMMIT
02-13 20:37:17.198  5370  5469 E IptablesRestoreController: [iptables debug]iptables-restore execute done *filter
02-13 20:37:17.198  5370  5469 E IptablesRestoreController: -A fw_standby_uid -m owner --uid-owner 10052 -j DROP
02-13 20:37:17.198  5370  5469 E IptablesRestoreController: COMMIT
02-13 20:37:17.198  5370  5469 E IptablesRestoreController: , res : 0
02-13 20:37:17.201  5370  5469 E IptablesRestoreController: [iptables debug]iptables-restore execute *filter
02-13 20:37:17.201  5370  5469 E IptablesRestoreController: -A fw_standby_uid -m owner --uid-owner 10131 -j DROP
02-13 20:37:17.201  5370  5469 E IptablesRestoreController: COMMIT
02-13 20:37:17.218  5370  5469 E IptablesRestoreController: [iptables debug]iptables-restore execute done *filter
02-13 20:37:17.218  5370  5469 E IptablesRestoreController: -A fw_standby_uid -m owner --uid-owner 10131 -j DROP
02-13 20:37:17.218  5370  5469 E IptablesRestoreController: COMMIT
02-13 20:37:17.218  5370  5469 E IptablesRestoreController: , res : 0
02-13 20:37:21.065  5606  6124 E Watchdog: !@Sync 7916 [2021-02-13 20:37:21.065] FD count : 584
02-13 20:37:22.102  5606  6230 E BartenderActivityManager: BarTender: pid : 27384 cached=true abnormal=false kill=false stay=false release=false
02-13 20:37:22.115  5606  6230 E BartenderActivityManager: BarTender: pid : 14557 cached=true abnormal=false kill=false stay=false release=false
02-13 20:37:32.974 24710 20147 E SQLiteCastStore: Skip saving CastDeviceInfo: " " (__cast_nearby___V_214b9639-a8b7-4b1a-bca3-fd762fda75bc)
02-13 20:37:39.525  5373  5473 E storaged: getDiskStats failed with result NOT_SUPPORTED and size 0
02-13 20:37:45.532  5606  8028 E BartenderActivityManager: BarTender: pid : 27538 cached=true abnormal=false kill=false stay=false release=false
02-13 20:37:45.540  5606  8028 E BartenderActivityManager: BarTender: pid : 32075 cached=true abnormal=false kill=false stay=false release=false
02-13 20:37:50.917  5370  5469 E IptablesRestoreController: [iptables debug]iptables-restore execute *filter
02-13 20:37:50.917  5370  5469 E IptablesRestoreController: -A fw_standby_uid -m owner --uid-owner 10180 -j DROP
02-13 20:37:50.917  5370  5469 E IptablesRestoreController: COMMIT
02-13 20:37:50.963  5370  5469 E IptablesRestoreController: [iptables debug]iptables-restore execute done *filter
02-13 20:37:50.963  5370  5469 E IptablesRestoreController: -A fw_standby_uid -m owner --uid-owner 10180 -j DROP
02-13 20:37:50.963  5370  5469 E IptablesRestoreController: COMMIT
02-13 20:37:50.963  5370  5469 E IptablesRestoreController: , res : 0
02-13 20:37:51.086  5606  6124 E Watchdog: !@Sync 7917 [2021-02-13 20:37:51.085] FD count : 584
02-13 20:38:21.106  5606  6124 E Watchdog: !@Sync 7918 [2021-02-13 20:38:21.106] FD count : 584
02-13 20:38:22.301  5606  5794 E AlarmManager: Set nextNonWakeup as mNextNonWakeupDeliveryTime=617940000 , orig nextNonWakeup=0
02-13 20:38:22.444 32733 32733 E Zygote  : isWhitelistProcess - Process is Whitelisted
02-13 20:38:22.448 32733 32733 E Zygote  : accessInfo : 1
02-13 20:38:22.482 32739 32739 E Zygote  : isWhitelistProcess - Process is Whitelisted
02-13 20:38:22.486 32733 32733 E android.youtub: Not starting debugger since process cannot load the jdwp agent.
02-13 20:38:22.486 32739 32739 E Zygote  : accessInfo : 1
02-13 20:38:22.504 32739 32739 E le.CoursePlaye: Not starting debugger since process cannot load the jdwp agent.
02-13 20:38:22.519 32757 32757 E Zygote  : isWhitelistProcess - Process is Whitelisted
02-13 20:38:22.525 32757 32757 E Zygote  : accessInfo : 1
02-13 20:38:22.560 32757 32757 E droid.apps.doc: Not starting debugger since process cannot load the jdwp agent.
02-13 20:38:23.299  5370  5459 E Netd    : getNetworkForDns: getNetId from enterpriseCtrl is netid 0
02-13 20:38:23.335  5370  5459 E Netd    : getNetworkForDns: getNetId from enterpriseCtrl is netid 0
02-13 20:38:23.528 32733   427 E GEL_DELAYED_EVENT_DEBUG: Failed delayed event dispatch, no dispatchers.
02-13 20:38:23.696 32757   387 E NotificationAccessor: Cannot delete notification channel. Channel not found.
02-13 20:38:23.701 32757   387 E NotificationAccessor: Cannot delete notification channel. Channel not found.
02-13 20:38:23.707 32757   387 E NotificationAccessor: Cannot delete notification channel. Channel not found.
02-13 20:38:23.718 32757   387 E NotificationAccessor: Cannot delete notification channel. Channel not found.
02-13 20:38:23.721 32757   387 E NotificationAccessor: Cannot delete notification channel. Channel not found.
02-13 20:38:23.885 32733   474 E ActivityThread: Failed to find provider info for com.mgoogle.android.gms.chimera
02-13 20:38:24.190  5370  5459 E Netd    : getNetworkForDns: getNetId from enterpriseCtrl is netid 0
02-13 20:38:24.204  5370  5459 E Netd    : getNetworkForDns: getNetId from enterpriseCtrl is netid 0
02-13 20:38:24.281  5370  5459 E Netd    : getNetworkForDns: getNetId from enterpriseCtrl is netid 0
02-13 20:38:24.651 32733   464 E FirebaseMessaging: Topic operation failed: SERVICE_NOT_AVAILABLE. Will retry Topic operation.
02-13 20:38:24.691  3266  3266 E keymaster_tee: [ERROR]: (nwd_keymaster_tc_api.c:1917) KM_TZRunCommand returned -28
02-13 20:38:24.775  3266  3266 E keymaster_tee: [ERROR]: (nwd_keymaster_tc_api.c:1917) KM_TZRunCommand returned -28
02-13 20:38:24.876 32757   364 E CelloDelayUploadFixer: [RxCachedThreadScheduler-5] Cleanup delay upload complete
02-13 20:38:24.888  3266  3266 E keymaster_tee: [ERROR]: (nwd_keymaster_tc_api.c:1917) KM_TZRunCommand returned -28
02-13 20:38:24.992  3266  3266 E keymaster_tee: [ERROR]: (nwd_keymaster_tc_api.c:1917) KM_TZRunCommand returned -28
02-13 20:38:25.368  5370  5459 E Netd    : getNetworkForDns: getNetId from enterpriseCtrl is netid 0
02-13 20:38:25.539  5370  5459 E Netd    : getNetworkForDns: getNetId from enterpriseCtrl is netid 0
02-13 20:38:25.556 32739   333 E FirebaseCrashlytics: Settings request failed.
02-13 20:38:28.367 24768 29536 E rs$DefaultThreadFactory: ===== Detect pool-thread leak =====
02-13 20:38:28.368 24768 29536 E rs$DefaultThreadFactory: dalvik.system.VMStack.getThreadStackTrace(Native Method)
02-13 20:38:28.368 24768 29536 E rs$DefaultThreadFactory: java.lang.Thread.getStackTrace(Thread.java:1538)
02-13 20:38:28.368 24768 29536 E rs$DefaultThreadFactory: java.util.concurrent.Executors$DefaultThreadFactory.newThread(Executors.java:569)
02-13 20:38:28.368 24768 29536 E rs$DefaultThreadFactory: tqo.newThread(:com.google.android.gms@210214028@21.02.14 (100400-352619232):0)
02-13 20:38:28.368 24768 29536 E rs$DefaultThreadFactory: java.util.concurrent.ThreadPoolExecutor$Worker.<init>(ThreadPoolExecutor.java:636)
02-13 20:38:28.368 24768 29536 E rs$DefaultThreadFactory: java.util.concurrent.ThreadPoolExecutor.addWorker(ThreadPoolExecutor.java:950)
02-13 20:38:28.368 24768 29536 E rs$DefaultThreadFactory: java.util.concurrent.ThreadPoolExecutor.execute(ThreadPoolExecutor.java:1393)
02-13 20:38:28.368 24768 29536 E rs$DefaultThreadFactory: tkt.e(:com.google.android.gms@210214028@21.02.14 (100400-352619232):5)
02-13 20:38:28.368 24768 29536 E rs$DefaultThreadFactory: tkt.execute(:com.google.android.gms@210214028@21.02.14 (100400-352619232):2)
02-13 20:38:28.368 24768 29536 E rs$DefaultThreadFactory: abbv.a(:com.google.android.gms@210214028@21.02.14 (100400-352619232):0)
02-13 20:38:28.368 24768 29536 E rs$DefaultThreadFactory: abbv.run(:com.google.android.gms@210214028@21.02.14 (100400-352619232):12)
02-13 20:38:28.368 24768 29536 E rs$DefaultThreadFactory: bqnc.run(:com.google.android.gms@210214028@21.02.14 (100400-352619232):2)
02-13 20:38:28.368 24768 29536 E rs$DefaultThreadFactory: tks.c(:com.google.android.gms@210214028@21.02.14 (100400-352619232):6)
02-13 20:38:28.368 24768 29536 E rs$DefaultThreadFactory: tks.run(:com.google.android.gms@210214028@21.02.14 (100400-352619232):8)
02-13 20:38:28.368 24768 29536 E rs$DefaultThreadFactory: java.util.concurrent.ThreadPoolExecutor.runWorker(ThreadPoolExecutor.java:1167)
02-13 20:38:28.368 24768 29536 E rs$DefaultThreadFactory: java.util.concurrent.ThreadPoolExecutor$Worker.run(ThreadPoolExecutor.java:641)
02-13 20:38:28.368 24768 29536 E rs$DefaultThreadFactory: tqp.run(:com.google.android.gms@210214028@21.02.14 (100400-352619232):0)
02-13 20:38:28.368 24768 29536 E rs$DefaultThreadFactory: java.lang.Thread.run(Thread.java:764)
02-13 20:38:28.381 24768   770 E rs$DefaultThreadFactory: ===== Detect pool-thread leak =====
02-13 20:38:28.382 24768   770 E rs$DefaultThreadFactory: dalvik.system.VMStack.getThreadStackTrace(Native Method)
02-13 20:38:28.382 24768   770 E rs$DefaultThreadFactory: java.lang.Thread.getStackTrace(Thread.java:1538)
02-13 20:38:28.383 24768   770 E rs$DefaultThreadFactory: java.util.concurrent.Executors$DefaultThreadFactory.newThread(Executors.java:569)
02-13 20:38:28.383 24768   770 E rs$DefaultThreadFactory: tqo.newThread(:com.google.android.gms@210214028@21.02.14 (100400-352619232):0)
02-13 20:38:28.383 24768   770 E rs$DefaultThreadFactory: java.util.concurrent.ThreadPoolExecutor$Worker.<init>(ThreadPoolExecutor.java:636)
02-13 20:38:28.383 24768   770 E rs$DefaultThreadFactory: java.util.concurrent.ThreadPoolExecutor.addWorker(ThreadPoolExecutor.java:950)
02-13 20:38:28.383 24768   770 E rs$DefaultThreadFactory: java.util.concurrent.ThreadPoolExecutor.execute(ThreadPoolExecutor.java:1393)
02-13 20:38:28.383 24768   770 E rs$DefaultThreadFactory: tks.d(:com.google.android.gms@210214028@21.02.14 (100400-352619232):4)
02-13 20:38:28.383 24768   770 E rs$DefaultThreadFactory: tks.run(:com.google.android.gms@210214028@21.02.14 (100400-352619232):9)
02-13 20:38:28.383 24768   770 E rs$DefaultThreadFactory: java.util.concurrent.ThreadPoolExecutor.runWorker(ThreadPoolExecutor.java:1167)
02-13 20:38:28.383 24768   770 E rs$DefaultThreadFactory: java.util.concurrent.ThreadPoolExecutor$Worker.run(ThreadPoolExecutor.java:641)
02-13 20:38:28.383 24768   770 E rs$DefaultThreadFactory: tqp.run(:com.google.android.gms@210214028@21.02.14 (100400-352619232):0)
02-13 20:38:28.383 24768   770 E rs$DefaultThreadFactory: java.lang.Thread.run(Thread.java:764)
02-13 20:38:31.281  5606  5659 E libprocessgroup: Error encountered killing process cgroup uid 99646 pid 31712: No such file or directory
02-13 20:38:33.163  5606  5655 E system_server: No package ID 7f found for ID 0x7f080267.
02-13 20:38:33.163  5606  5655 E system_server: No package ID 7f found for ID 0x7f1304f1.
02-13 20:38:33.163  5606  5655 E system_server: No package ID 7f found for ID 0x7f1304f1.
02-13 20:38:33.164  5606  5655 E system_server: No package ID 7f found for ID 0x7f080263.
02-13 20:38:33.164  5606  5655 E system_server: No package ID 7f found for ID 0x7f1304ef.
02-13 20:38:33.164  5606  5655 E system_server: No package ID 7f found for ID 0x7f1304ef.
02-13 20:38:33.164  5606  5655 E system_server: No package ID 7f found for ID 0x7f080265.
02-13 20:38:33.164  5606  5655 E system_server: No package ID 7f found for ID 0x7f1304f0.
02-13 20:38:33.164  5606  5655 E system_server: No package ID 7f found for ID 0x7f1304f0.
02-13 20:38:39.728  5373  5473 E storaged: getDiskStats failed with result NOT_SUPPORTED and size 0
02-13 20:38:48.569   814   814 E Zygote  : isWhitelistProcess - Process is Whitelisted
02-13 20:38:48.572   814   814 E Zygote  : accessInfo : 1
02-13 20:38:48.591   814   814 E id.partnersetu: Not starting debugger since process cannot load the jdwp agent.
02-13 20:38:48.699  3258  3258 E audit   : avc:  denied  { find } for interface=android.hardware.memtrack::IMemtrack sid=u:r:untrusted_app:s0:c246,c256,c512,c768 pid=32496 scontext=u:r:untrusted_app:s0:c246,c256,c512,c768 tcontext=u:object_r:hal_memtrack_hwservice:s0 tclass=hwservice_manager permissive=0
02-13 20:38:48.700  3258  3258 E audit   : avc:  denied  { find } for interface=android.hardware.memtrack::IMemtrack sid=u:r:untrusted_app:s0:c246,c256,c512,c768 pid=32496 scontext=u:r:untrusted_app:s0:c246,c256,c512,c768 tcontext=u:object_r:hal_memtrack_hwservice:s0 tclass=hwservice_manager permissive=0
02-13 20:38:48.709  3258  3258 E audit   : avc:  denied  { find } for interface=android.hardware.memtrack::IMemtrack sid=u:r:untrusted_app:s0:c246,c256,c512,c768 pid=32496 scontext=u:r:untrusted_app:s0:c246,c256,c512,c768 tcontext=u:object_r:hal_memtrack_hwservice:s0 tclass=hwservice_manager permissive=0
02-13 20:38:48.878   834   834 E Zygote  : isWhitelistProcess - Process is Whitelisted
02-13 20:38:48.880   834   834 E Zygote  : accessInfo : 1
02-13 20:38:48.898   834   834 E com.ria.dom: Not starting debugger since process cannot load the jdwp agent.
02-13 20:38:49.412  5370  5459 E Netd    : getNetworkForDns: getNetId from enterpriseCtrl is netid 0
02-13 20:38:49.636  5370  5459 E Netd    : getNetworkForDns: getNetId from enterpriseCtrl is netid 0
02-13 20:38:50.154   834   886 E GraphResponse: {HttpStatus: 400, errorCode: 43003, subErrorCode: -1, errorType: OAuthException, errorMessage: (#43003) App button auto detection is disabled}
02-13 20:38:51.130  5606  6124 E Watchdog: !@Sync 7919 [2021-02-13 20:38:51.130] FD count : 672
02-13 20:38:52.453  5606  8116 E BartenderActivityManager: BarTender: pid : 12530 cached=true abnormal=false kill=false stay=false release=false
02-13 20:38:52.463  5606  8116 E BartenderActivityManager: BarTender: pid : 12212 cached=true abnormal=false kill=false stay=false release=false
02-13 20:38:52.471  5606  8116 E BartenderActivityManager: BarTender: pid : 12473 cached=true abnormal=false kill=false stay=false release=false
02-13 20:38:54.209  5606  5794 E AlarmManager: No more alarm at this time. nowELAPSED=617940000 batch.start=617941268 mNextWakeup=617941268 mNextNonWakeup=617940000 mAlarmBatches.size=118
02-13 20:38:54.209  5606  5794 E AlarmManager: Batch 1 size = 1 : 617941268, Batch 2 size = 1 : 617944505, Batch 3 size = 1 : 617945792
02-13 20:38:54.209  5606  5794 E AlarmManager: No more alarm at this time. mNextWakeup will be set as zero : 617941268
02-13 20:38:54.992 32733   464 E FirebaseMessaging: Topic operation failed: SERVICE_NOT_AVAILABLE. Will retry Topic operation.
02-13 20:38:55.816  5370  5459 E Netd    : getNetworkForDns: getNetId from enterpriseCtrl is netid 0
02-13 20:38:55.837  5370  5459 E Netd    : getNetworkForDns: getNetId from enterpriseCtrl is netid 0
02-13 20:38:56.086  5606  7224 E BartenderActivityManager: BarTender: pid : 32739 cached=true abnormal=false kill=false stay=false release=false
02-13 20:38:56.569  5606  5626 E BartenderActivityManager: BarTender: pid : 32733 cached=true abnormal=false kill=false stay=false release=false
02-13 20:39:03.591  5606  5626 E BartenderActivityManager: BarTender: pid : 31128 cached=true abnormal=false kill=false stay=false release=false
02-13 20:39:03.909  5606  5626 E BartenderActivityManager: BarTender: pid : 27928 cached=true abnormal=false kill=false stay=false release=false
02-13 20:39:18.900  5606  5626 E BartenderActivityManager: BarTender: pid : 814 cached=true abnormal=false kill=false stay=false release=false
02-13 20:39:18.920  5606  5626 E BartenderActivityManager: BarTender: pid : 32496 cached=true abnormal=false kill=false stay=false release=false
02-13 20:39:19.782  5606  8116 E BartenderActivityManager: BarTender: pid : 31531 cached=true abnormal=false kill=false stay=false release=false
02-13 20:39:19.792  5606  8116 E BartenderActivityManager: BarTender: pid : 834 cached=true abnormal=false kill=false stay=false release=false
