02-13 20:39:20.045   944   944 E Zygote  : isWhitelistProcess - Process is Whitelisted
02-13 20:39:20.048   944   944 E Zygote  : accessInfo : 1
02-13 20:39:20.072   944   944 E oid.samsungpas: Not starting debugger since process cannot load the jdwp agent.
02-13 20:39:20.497  3257  3257 E ServiceManager: add_service('com.samsung.android.pass.IPassService',117) uid=1201 - ALREADY REGISTERED, OVERRIDE
02-13 20:39:21.151  5606  6124 E Watchdog: !@Sync 7920 [2021-02-13 20:39:21.151] FD count : 582
02-13 20:39:26.795  5606  6028 E BartenderActivityManager: BarTender: pid : 32757 cached=true abnormal=false kill=false stay=false release=false
02-13 20:39:27.554  5606  5794 E AlarmManager: Set nextNonWakeup as mNextNonWakeupDeliveryTime=619295793 , orig nextNonWakeup=0
02-13 20:39:27.556  5606  5794 E AlarmManager: Set nextNonWakeup as mNextNonWakeupDeliveryTime=619295793 , orig nextNonWakeup=0
02-13 20:39:33.432 20979 22430 E WakeLock: IntentOp:com.google.android.gms/.chimera.GmsIntentOperationService ** IS FORCE-RELEASED ON TIMEOUT **
02-13 20:39:39.730  5373  5473 E storaged: getDiskStats failed with result NOT_SUPPORTED and size 0
02-13 20:39:42.961  1013  1013 E Zygote  : isWhitelistProcess - Process is Whitelisted
02-13 20:39:42.964  1013  1013 E Zygote  : accessInfo : 1
02-13 20:39:42.984  1013  1013 E inkedin.androi: Not starting debugger since process cannot load the jdwp agent.
02-13 20:39:43.225  1013  1013 E FlagshipApplication: [main] FlagshipApplication#onCreate() called for process id 1013
02-13 20:39:43.532  5370  5459 E Netd    : getNetworkForDns: getNetId from enterpriseCtrl is netid 0
02-13 20:39:50.642  5606  7567 E BartenderActivityManager: BarTender: pid : 944 cached=true abnormal=false kill=false stay=false release=false
02-13 20:39:50.760  5370  5469 E IptablesRestoreController: [iptables debug]iptables-restore execute *filter
02-13 20:39:50.760  5370  5469 E IptablesRestoreController: -A fw_standby_uid -m owner --uid-owner 10202 -j DROP
02-13 20:39:50.760  5370  5469 E IptablesRestoreController: COMMIT
02-13 20:39:50.793  5370  5469 E IptablesRestoreController: [iptables debug]iptables-restore execute done *filter
02-13 20:39:50.793  5370  5469 E IptablesRestoreController: -A fw_standby_uid -m owner --uid-owner 10202 -j DROP
02-13 20:39:50.793  5370  5469 E IptablesRestoreController: COMMIT
02-13 20:39:50.793  5370  5469 E IptablesRestoreController: , res : 0
02-13 20:39:51.171  5606  6124 E Watchdog: !@Sync 7921 [2021-02-13 20:39:51.171] FD count : 582
02-13 20:39:55.343 32733   464 E FirebaseMessaging: Topic operation failed: SERVICE_NOT_AVAILABLE. Will retry Topic operation.
02-13 20:40:00.003  5606  5794 E AlarmManager: Set nextNonWakeup as mNextNonWakeupDeliveryTime=619355791 , orig nextNonWakeup=0
02-13 20:40:01.995  6324  6593 E EPDG -- SIM0 [RILRECEIVER]: Incorrect EpdgIilIpcMessage IPC Message -- not initialized
02-13 20:40:01.999  5935  6497 E ImsAdaptorImpl: setSSACInfo : ImsAdaptorImpl.
02-13 20:40:02.010  5935  6497 E ImsAdaptorImpl: setSSACInfo : ImsAdaptorImpl.
02-13 20:40:02.011  6324  6593 E EPDG -- SIM0 [RILRECEIVER]: Incorrect EpdgIilIpcMessage IPC Message -- not initialized
02-13 20:40:02.014  6324  6593 E EPDG -- SIM0 [RILRECEIVER]: RX [NET_REGIST] -- RESPONSE -- not initialized
02-13 20:40:10.772  1109  1109 E Zygote  : isWhitelistProcess - Process is Whitelisted
02-13 20:40:10.776  1109  1109 E Zygote  : accessInfo : 1
02-13 20:40:10.798  1109  1109 E com.viber.voip: Not starting debugger since process cannot load the jdwp agent.
02-13 20:40:10.984  1109  1109 E HMSSDK_HMSPackageManager: Failed to find HMS apk
02-13 20:40:10.986  1109  1109 E HMSSDK_HMSPackageManager: Failed to find HMS apk
02-13 20:40:10.991  1109  1109 E HMSSDK_HMSPackageManager: Failed to find HMS apk
02-13 20:40:11.246  1109  1109 E SchedPolicy: set_timerslack_ns write failed: Operation not permitted
02-13 20:40:11.247  1109  1109 E SchedPolicy: set_timerslack_ns write failed: Operation not permitted
02-13 20:40:11.610  1109  1109 E com.viber.voip: No package ID ff found for ID 0xffffffff.
02-13 20:40:11.798  5606  8121 E BartenderActivityManager: BarTender: pid : 8000 cached=true abnormal=false kill=false stay=false release=false
02-13 20:40:11.808  1109  1170 E NativeMethods: looking up class com/viber/jni/PhoneControllerHelper
02-13 20:40:11.810  1109  1170 E NativeMethods: looking up class com/viber/jni/backup/BackupReader
02-13 20:40:11.810  1109  1170 E NativeMethods: looking up class com/viber/jni/backup/BackupWriter
02-13 20:40:11.811  1109  1170 E NativeMethods: looking up class com/viber/jni/slashkey/SlashKeyAdapter
02-13 20:40:11.811  1109  1170 E NativeMethods: looking up class com/viber/jni/slashkey/SlashKeyController
02-13 20:40:11.811  1109  1170 E NativeMethods: looking up class com/viber/voip/sound/NativeMediaDelegateExtra
02-13 20:40:11.811  1109  1170 E NativeMethods: looking up class com/viber/jni/webrtc/IncomingProcessedCallback
02-13 20:40:11.811  1109  1170 E NativeMethods: looking up class com/viber/jni/webrtc/IncomingSdpProcessedCallback
02-13 20:40:11.835  3376  3777 E NativeSemDvfsCpuManager: acquire:: Start
02-13 20:40:11.835  3376  3777 E NativeSemDvfsCpuManager: acquire:: timeout = -1 mIsAcquired = 0  mTagName : AudioFlinger 
02-13 20:40:11.838  3376  3777 E NativeCustomFrequencyManager: [NativeCFMS] BpCustomFrequencyManager::acquireDVFSLock() 
02-13 20:40:11.839  3376  3777 E NativeSemDvfsCpuManager: acquire:: End
02-13 20:40:11.862  1109  1127 E SchedPolicy: set_timerslack_ns write failed: Operation not permitted
02-13 20:40:11.865  1109  1127 E SchedPolicy: set_timerslack_ns write failed: Operation not permitted
02-13 20:40:14.472  5606  8121 E BartenderActivityManager: BarTender: pid : 1013 cached=true abnormal=false kill=false stay=false release=false
02-13 20:40:14.849  3376  3777 E NativeSemDvfsCpuManager: release:: Start
02-13 20:40:14.849  3376  3777 E NativeSemDvfsCpuManager: release():: mIsAcquired = 1 , mName = CPU  , mTagName : AudioFlinger 
02-13 20:40:14.851  3376  3777 E NativeCustomFrequencyManager: [NativeCFMS] BpCustomFrequencyManager::releaseDVFSLock() 
02-13 20:40:14.852  3376  3777 E NativeSemDvfsCpuManager: release:: End
02-13 20:40:16.156  5370  5459 E Netd    : getNetworkForDns: getNetId from enterpriseCtrl is netid 0
02-13 20:40:16.166  1109  1127 E Adjust  : Adjust not initialized correctly
02-13 20:40:16.190  5370  5459 E Netd    : getNetworkForDns: getNetId from enterpriseCtrl is netid 0
02-13 20:40:16.214  5370  5459 E Netd    : getNetworkForDns: getNetId from enterpriseCtrl is netid 0
02-13 20:40:21.190  5606  6124 E Watchdog: !@Sync 7922 [2021-02-13 20:40:21.190] FD count : 582
02-13 20:40:31.912  5352 10793 E SEC_DRM_PLUGIN_Omafl: OmaPlugin::onOpenDecryptSession(fd)::Drm2IsDrmFileByExtFd::file is NOT DRM by extension
02-13 20:40:31.935  5352 10793 E SEC_DRM_PLUGIN_Omafl: OmaPlugin::onOpenDecryptSession(fd)::Drm2IsDrmFileByExtFd::file is NOT DRM by extension
02-13 20:40:31.956  5352 10793 E SEC_DRM_PLUGIN_Omafl: OmaPlugin::onOpenDecryptSession(fd)::Drm2IsDrmFileByExtFd::file is NOT DRM by extension
02-13 20:40:32.066  5370  5459 E Netd    : getNetworkForDns: getNetId from enterpriseCtrl is netid 0
02-13 20:40:32.100  5370  5459 E Netd    : getNetworkForDns: getNetId from enterpriseCtrl is netid 0
02-13 20:40:32.174  5365  1230 E MP3Extractor: Unable to resync. Signalling end of stream.
02-13 20:40:32.205  5606  7567 E BartenderActivityManager: BarTender: pid : 27384 cached=true abnormal=false kill=false stay=false release=false
02-13 20:40:32.212  5606  7567 E BartenderActivityManager: BarTender: pid : 14557 cached=true abnormal=false kill=false stay=false release=false
02-13 20:40:32.266  5370  5459 E Netd    : getNetworkForDns: getNetId from enterpriseCtrl is netid 0
02-13 20:40:32.415  5370  5459 E Netd    : getNetworkForDns: getNetId from enterpriseCtrl is netid 0
02-13 20:40:32.567  5370  5459 E Netd    : getNetworkForDns: getNetId from enterpriseCtrl is netid 0
02-13 20:40:39.733  5373  5473 E storaged: getDiskStats failed with result NOT_SUPPORTED and size 0
02-13 20:40:40.802  5606  8121 E BartenderActivityManager: BarTender: pid : 12530 cached=true abnormal=false kill=false stay=false release=false
02-13 20:40:40.812  5606  8121 E BartenderActivityManager: BarTender: pid : 12212 cached=true abnormal=false kill=false stay=false release=false
02-13 20:40:40.820  5606  8121 E BartenderActivityManager: BarTender: pid : 12473 cached=true abnormal=false kill=false stay=false release=false
02-13 20:40:46.315  5606  8121 E BartenderActivityManager: BarTender: pid : 31531 cached=true abnormal=false kill=false stay=false release=false
02-13 20:40:46.791  6324  6593 E EPDG -- SIM0 [RILRECEIVER]: Incorrect EpdgIilIpcMessage IPC Message -- not initialized
02-13 20:40:46.798  5935  6497 E ImsAdaptorImpl: setSSACInfo : ImsAdaptorImpl.
02-13 20:40:46.811  5935  6497 E ImsAdaptorImpl: setSSACInfo : ImsAdaptorImpl.
02-13 20:40:46.811  6324  6593 E EPDG -- SIM0 [RILRECEIVER]: Incorrect EpdgIilIpcMessage IPC Message -- not initialized
02-13 20:40:46.818  6324  6593 E EPDG -- SIM0 [RILRECEIVER]: RX [NET_REGIST] -- RESPONSE -- not initialized
02-13 20:40:51.200  5606  6124 E Watchdog: !@Sync 7923 [2021-02-13 20:40:51.200] FD count : 582
02-13 20:41:00.001  5606  5794 E AlarmManager: Set nextNonWakeup as mNextNonWakeupDeliveryTime=619415792 , orig nextNonWakeup=0
02-13 20:41:01.314  1394  1394 E Zygote  : isWhitelistProcess - Process is Whitelisted
02-13 20:41:01.317  1394  1394 E Zygote  : accessInfo : 1
02-13 20:41:01.332  1394  1394 E .apps.turbo:aa: Not starting debugger since process cannot load the jdwp agent.
02-13 20:41:01.938  5606  6028 E BartenderActivityManager: BarTender: pid : 1109 cached=true abnormal=false kill=false stay=false release=false
02-13 20:41:02.002  5370  5469 E IptablesRestoreController: [iptables debug]iptables-restore execute *filter
02-13 20:41:02.002  5370  5469 E IptablesRestoreController: -A fw_standby_uid -m owner --uid-owner 10008 -j DROP
02-13 20:41:02.002  5370  5469 E IptablesRestoreController: COMMIT
02-13 20:41:02.021  5370  5469 E IptablesRestoreController: [iptables debug]iptables-restore execute done *filter
02-13 20:41:02.021  5370  5469 E IptablesRestoreController: -A fw_standby_uid -m owner --uid-owner 10008 -j DROP
02-13 20:41:02.021  5370  5469 E IptablesRestoreController: COMMIT
02-13 20:41:02.021  5370  5469 E IptablesRestoreController: , res : 0
02-13 20:41:02.026  5370  5469 E IptablesRestoreController: [iptables debug]iptables-restore execute *filter
02-13 20:41:02.026  5370  5469 E IptablesRestoreController: -A fw_standby_uid -m owner --uid-owner 10205 -j DROP
02-13 20:41:02.026  5370  5469 E IptablesRestoreController: COMMIT
02-13 20:41:02.041  5370  5469 E IptablesRestoreController: [iptables debug]iptables-restore execute done *filter
02-13 20:41:02.041  5370  5469 E IptablesRestoreController: -A fw_standby_uid -m owner --uid-owner 10205 -j DROP
02-13 20:41:02.041  5370  5469 E IptablesRestoreController: COMMIT
02-13 20:41:02.041  5370  5469 E IptablesRestoreController: , res : 0
02-13 20:41:02.386  5606  8121 E BartenderActivityManager: BarTender: pid : 31792 cached=true abnormal=false kill=false stay=false release=false
02-13 20:41:02.674  5606  8121 E BartenderActivityManager: BarTender: pid : 31813 cached=true abnormal=false kill=false stay=false release=false
02-13 20:41:04.460  1441  1441 E Zygote  : isWhitelistProcess - Process is Whitelisted
02-13 20:41:04.463  1441  1441 E Zygote  : accessInfo : 1
02-13 20:41:04.488  1441  1441 E com.hiya.star: Not starting debugger since process cannot load the jdwp agent.
02-13 20:41:07.269  6324  6593 E EPDG -- SIM0 [RILRECEIVER]: Incorrect EpdgIilIpcMessage IPC Message -- not initialized
02-13 20:41:07.274  5935  6497 E ImsAdaptorImpl: setSSACInfo : ImsAdaptorImpl.
02-13 20:41:07.289  6324  6593 E EPDG -- SIM0 [RILRECEIVER]: Incorrect EpdgIilIpcMessage IPC Message -- not initialized
02-13 20:41:07.290  5935  6497 E ImsAdaptorImpl: setSSACInfo : ImsAdaptorImpl.
02-13 20:41:07.294  6324  6593 E EPDG -- SIM0 [RILRECEIVER]: RX [NET_REGIST] -- RESPONSE -- not initialized
02-13 20:41:08.545  1496  1496 E Zygote  : isWhitelistProcess - Process is Whitelisted
02-13 20:41:08.548  1496  1496 E Zygote  : accessInfo : 1
02-13 20:41:08.565  1496  1496 E msung.ipservic: Not starting debugger since process cannot load the jdwp agent.
02-13 20:41:21.218  5606  6124 E Watchdog: !@Sync 7924 [2021-02-13 20:41:21.218] FD count : 582
02-13 20:41:22.792  3361  3361 E Sensors : inject_scontext_data: New ssp_data_injection_fd(29)
02-13 20:41:22.809  3361  3361 E Sensors : inject_scontext_data: New ssp_data_injection_fd(29)
02-13 20:41:22.898  5606  5850 E WifiScanningService: Use Cached ScanResult. useCachedScan : true, simulation mode : false, settings.scanType : 0
02-13 20:41:23.381 25280  1524 E SQLiteLog: (10) POSIX Error : 9 SQLite Error : 3850
02-13 20:41:23.381 25280  1524 E SQLiteLog: (10) LOCK : Getting pending lock for (4) failed due to (9). The current owner is (-992811640).
02-13 20:41:23.388 25280  1524 E SQLiteLog: (10) POSIX Error : 9 SQLite Error : 3850
02-13 20:41:23.388 25280  1524 E SQLiteLog: (10) LOCK : Getting pending lock for (4) failed due to (9). The current owner is (-992811640).
02-13 20:41:23.895  1527  1527 E Zygote  : isWhitelistProcess - Process is Whitelisted
02-13 20:41:23.899  1527  1527 E Zygote  : accessInfo : 1
02-13 20:41:23.923  1527  1527 E com.samsung.ml: Not starting debugger since process cannot load the jdwp agent.
02-13 20:41:26.776  1550  1550 E Zygote  : isWhitelistProcess - Process is Whitelisted
02-13 20:41:26.780  1550  1550 E Zygote  : accessInfo : 1
02-13 20:41:26.800  1550  1550 E ng.storyservic: Not starting debugger since process cannot load the jdwp agent.
02-13 20:41:28.119  1580  1580 E Zygote  : isWhitelistProcess - Process is Whitelisted
02-13 20:41:28.123  1580  1580 E Zygote  : accessInfo : 1
02-13 20:41:28.140  1580  1580 E ung.faceservic: Not starting debugger since process cannot load the jdwp agent.
02-13 20:41:31.339  5606  6028 E BartenderActivityManager: BarTender: pid : 12530 cached=true abnormal=false kill=false stay=false release=false
02-13 20:41:31.350  5606  6028 E BartenderActivityManager: BarTender: pid : 12212 cached=true abnormal=false kill=false stay=false release=false
02-13 20:41:31.357  5606  6028 E BartenderActivityManager: BarTender: pid : 12473 cached=true abnormal=false kill=false stay=false release=false
02-13 20:41:32.090  5606  6028 E BartenderActivityManager: BarTender: pid : 1394 cached=true abnormal=false kill=false stay=false release=false
02-13 20:41:32.105  5606  6028 E BartenderActivityManager: BarTender: pid : 27538 cached=true abnormal=false kill=false stay=false release=false
02-13 20:41:35.050  5606  6028 E BartenderActivityManager: BarTender: pid : 1441 cached=true abnormal=false kill=false stay=false release=false
02-13 20:41:37.486  5606  6028 E BartenderActivityManager: BarTender: pid : 27384 cached=true abnormal=false kill=false stay=false release=false
02-13 20:41:37.524  5606  6028 E BartenderActivityManager: BarTender: pid : 14557 cached=true abnormal=false kill=false stay=false release=false
02-13 20:41:39.735  5373  5473 E storaged: getDiskStats failed with result NOT_SUPPORTED and size 0
02-13 20:41:51.238  5606  6124 E Watchdog: !@Sync 7925 [2021-02-13 20:41:51.238] FD count : 582
02-13 20:41:55.590 32733   464 E FirebaseMessaging: Topic operation failed: SERVICE_NOT_AVAILABLE. Will retry Topic operation.
02-13 20:41:58.533  5606  8120 E BartenderActivityManager: BarTender: pid : 1496 cached=true abnormal=false kill=false stay=false release=false
02-13 20:41:58.539  5606  8120 E BartenderActivityManager: BarTender: pid : 1527 cached=true abnormal=false kill=false stay=false release=false
02-13 20:41:58.546  5606  8120 E BartenderActivityManager: BarTender: pid : 1550 cached=true abnormal=false kill=false stay=false release=false
02-13 20:41:58.554  5606  8120 E BartenderActivityManager: BarTender: pid : 1580 cached=true abnormal=false kill=false stay=false release=false
02-13 20:41:58.559  5606  8120 E BartenderActivityManager: BarTender: pid : 10235 cached=true abnormal=false kill=false stay=false release=false
02-13 20:42:00.056  5606  5657 E PackageManager: Failed to find package; permName: android.permission.INTERNET, uid: 9510025, caller: 1000
02-13 20:42:00.056  5606  5657 E PackageManager: Failed to find package; permName: android.permission.INTERNET, uid: 9510025, caller: 1000
02-13 20:42:00.136  5606  5663 E BatteryExternalStatsWorker: no controller energy info supplied for bluetooth
02-13 20:42:00.524  1634  1634 E Zygote  : accessInfo : 1
02-13 20:42:00.539  1634  1634 E gle.android.gm: Not starting debugger since process cannot load the jdwp agent.
02-13 20:42:00.758  1652  1652 E Zygote  : accessInfo : 1
02-13 20:42:00.772  1652  1652 E ocess.gservice: Not starting debugger since process cannot load the jdwp agent.
02-13 20:42:01.904  1634  1680 E Pay     : Attempt to fetch active account from tapandpay failed. [CONTEXT service_id=198 ]
02-13 20:42:01.904  1634  1680 E Pay     : java.util.concurrent.ExecutionException: m.bqv: 17: API: TapAndPay.TAP_AND_PAY_API is not available on this device. Connection failed with: bpg{statusCode=API_UNAVAILABLE, resolution=null, message=null}
02-13 20:42:01.904  1634  1680 E Pay     : 	at m.ihp.i(:com.google.android.gms.optional_pay@210214057@21.02.14 (100000-0):3)
02-13 20:42:01.904  1634  1680 E Pay     : 	at m.ihp.d(:com.google.android.gms.optional_pay@210214057@21.02.14 (100000-0):8)
02-13 20:42:01.904  1634  1680 E Pay     : 	at m.dgo.c(:com.google.android.gms.optional_pay@210214057@21.02.14 (100000-0):5)
02-13 20:42:01.904  1634  1680 E Pay     : 	at com.google.android.gms.pay.gcmtask.PayGcmTaskChimeraService.a(:com.google.android.gms.optional_pay@210214057@21.02.14 (100000-0):4)
02-13 20:42:01.904  1634  1680 E Pay     : 	at m.crp.call(Unknown Source:4)
02-13 20:42:01.904  1634  1680 E Pay     : 	at java.util.concurrent.FutureTask.run(FutureTask.java:266)
02-13 20:42:01.904  1634  1680 E Pay     : 	at m.cde.c(:com.google.android.gms.optional_pay@210214057@21.02.14 (100000-0):6)
02-13 20:42:01.904  1634  1680 E Pay     : 	at m.cde.run(:com.google.android.gms.optional_pay@210214057@21.02.14 (100000-0):7)
02-13 20:42:01.904  1634  1680 E Pay     : 	at java.util.concurrent.ThreadPoolExecutor.runWorker(ThreadPoolExecutor.java:1167)
02-13 20:42:01.904  1634  1680 E Pay     : 	at java.util.concurrent.ThreadPoolExecutor$Worker.run(ThreadPoolExecutor.java:641)
02-13 20:42:01.904  1634  1680 E Pay     : 	at tqp.run(:com.google.android.gms@210214028@21.02.14 (100400-352619232):0)
02-13 20:42:01.904  1634  1680 E Pay     : 	at java.lang.Thread.run(Thread.java:764)
02-13 20:42:01.904  1634  1680 E Pay     : Caused by: m.bqv: 17: API: TapAndPay.TAP_AND_PAY_API is not available on this device. Connection failed with: bpg{statusCode=API_UNAVAILABLE, resolution=null, message=null}
02-13 20:42:01.904  1634  1680 E Pay     : 	at m.bwv.a(:com.google.android.gms.optional_pay@210214057@21.02.14 (100000-0):2)
02-13 20:42:01.904  1634  1680 E Pay     : 	at m.brt.b(:com.google.android.gms.optional_pay@210214057@21.02.14 (100000-0):2)
02-13 20:42:01.904  1634  1680 E Pay     : 	at m.bte.q(:com.google.android.gms.optional_pay@210214057@21.02.14 (100000-0):4)
02-13 20:42:01.904  1634  1680 E Pay     : 	at m.bte.k(:com.google.android.gms.optional_pay@210214057@21.02.14 (100000-0):0)
02-13 20:42:01.904  1634  1680 E Pay     : 	at m.bte.f(:com.google.android.gms.optional_pay@210214057@21.02.14 (100000-0):19)
02-13 20:42:01.904  1634  1680 E Pay     : 	at m.bte.e(:com.google.android.gms.optional_pay@210214057@21.02.14 (100000-0):0)
02-13 20:42:01.904  1634  1680 E Pay     : 	at m.bxz.a(:com.google.android.gms.optional_pay@210214057@21.02.14 (100000-0):0)
02-13 20:42:01.904  1634  1680 E Pay     : 	at m.bxd.b(:com.google.android.gms.optional_pay@210214057@21.02.14 (100000-0):1)
02-13 20:42:01.904  1634  1680 E Pay     : 	at m.bww.d(:com.google.android.gms.optional_pay@210214057@21.02.14 (100000-0):0)
02-13 20:42:01.904  1634  1680 E Pay     : 	at m.bwx.handleMessage(:com.google.android.gms.optional_pay@210214057@21.02.14 (100000-0):28)
02-13 20:42:01.904  1634  1680 E Pay     : 	at android.os.Handler.dispatchMessage(Handler.java:106)
02-13 20:42:01.904  1634  1680 E Pay     : 	at m.cqo.dispatchMessage(:com.google.android.gms.optional_pay@210214057@21.02.14 (100000-0):11)
02-13 20:42:01.904  1634  1680 E Pay     : 	at android.os.Looper.loop(Looper.java:214)
02-13 20:42:01.904  1634  1680 E Pay     : 	at android.os.HandlerThread.run(HandlerThread.java:65)
02-13 20:42:07.830 25280  1689 E SQLiteLog: (10) POSIX Error : 9 SQLite Error : 3850
02-13 20:42:07.830 25280  1689 E SQLiteLog: (10) LOCK : Getting pending lock for (4) failed due to (9). The current owner is (-992811640).
02-13 20:42:07.843 25280  1689 E SQLiteLog: (10) POSIX Error : 9 SQLite Error : 3850
02-13 20:42:07.843 25280  1689 E SQLiteLog: (10) LOCK : Getting pending lock for (4) failed due to (9). The current owner is (-992811640).
02-13 20:42:10.073  5606  5655 E PackageManager: Failed to find package; permName: android.permission.INTERNET, uid: 9510025, caller: 1000
02-13 20:42:10.073  5606  5655 E PackageManager: Failed to find package; permName: android.permission.INTERNET, uid: 9510025, caller: 1000
02-13 20:42:20.555  5606  5657 E PackageManager: Failed to find package; permName: android.permission.INTERNET, uid: 9510065, caller: 1000
02-13 20:42:20.555  5606  5657 E PackageManager: Failed to find package; permName: android.permission.INTERNET, uid: 9510065, caller: 1000
02-13 20:42:21.259  5606  6124 E Watchdog: !@Sync 7926 [2021-02-13 20:42:21.258] FD count : 582
02-13 20:42:24.815  5606  8117 E BartenderActivityManager: BarTender: pid : 14616 cached=true abnormal=false kill=false stay=false release=false
02-13 20:42:24.823  5606  8117 E BartenderActivityManager: BarTender: pid : 25280 cached=true abnormal=false kill=false stay=false release=false
02-13 20:42:30.163  5606  6099 E BartenderActivityManager: BarTender: pid : 12530 cached=true abnormal=false kill=false stay=false release=false
02-13 20:42:30.173  5606  6099 E BartenderActivityManager: BarTender: pid : 12212 cached=true abnormal=false kill=false stay=false release=false
02-13 20:42:30.181  5606  6099 E BartenderActivityManager: BarTender: pid : 12473 cached=true abnormal=false kill=false stay=false release=false
02-13 20:42:30.570  5606  5655 E PackageManager: Failed to find package; permName: android.permission.INTERNET, uid: 9510065, caller: 1000
02-13 20:42:30.570  5606  5655 E PackageManager: Failed to find package; permName: android.permission.INTERNET, uid: 9510065, caller: 1000
02-13 20:42:32.973 24710 20147 E SQLiteCastStore: Skip saving CastDeviceInfo: " " (__cast_nearby___V_214b9639-a8b7-4b1a-bca3-fd762fda75bc)
02-13 20:42:39.738  5373  5473 E storaged: getDiskStats failed with result NOT_SUPPORTED and size 0
02-13 20:42:45.190  6324  6593 E EPDG -- SIM0 [RILRECEIVER]: Incorrect EpdgIilIpcMessage IPC Message -- not initialized
02-13 20:42:45.197  5935  6497 E ImsAdaptorImpl: setSSACInfo : ImsAdaptorImpl.
02-13 20:42:45.209  5935  6497 E ImsAdaptorImpl: setSSACInfo : ImsAdaptorImpl.
02-13 20:42:45.210  6324  6593 E EPDG -- SIM0 [RILRECEIVER]: Incorrect EpdgIilIpcMessage IPC Message -- not initialized
02-13 20:42:45.213  6324  6593 E EPDG -- SIM0 [RILRECEIVER]: RX [NET_REGIST] -- RESPONSE -- not initialized
02-13 20:42:50.726  5606  5960 E BartenderActivityManager: BarTender: pid : 944 cached=true abnormal=false kill=false stay=false release=false
02-13 20:42:51.279  5606  6124 E Watchdog: !@Sync 7927 [2021-02-13 20:42:51.279] FD count : 582
02-13 20:42:52.127  5606  5960 E BartenderActivityManager: BarTender: pid : 31531 cached=true abnormal=false kill=false stay=false release=false
02-13 20:43:15.394  5606  5961 E BartenderActivityManager: BarTender: pid : 27384 cached=true abnormal=false kill=false stay=false release=false
02-13 20:43:15.414  5606  5961 E BartenderActivityManager: BarTender: pid : 14557 cached=true abnormal=false kill=false stay=false release=false
02-13 20:43:17.189  6324  6593 E EPDG -- SIM0 [RILRECEIVER]: Incorrect EpdgIilIpcMessage IPC Message -- not initialized
02-13 20:43:17.193  5935  6497 E ImsAdaptorImpl: setSSACInfo : ImsAdaptorImpl.
02-13 20:43:17.207  5935  6497 E ImsAdaptorImpl: setSSACInfo : ImsAdaptorImpl.
02-13 20:43:17.209  6324  6593 E EPDG -- SIM0 [RILRECEIVER]: Incorrect EpdgIilIpcMessage IPC Message -- not initialized
02-13 20:43:17.212  6324  6593 E EPDG -- SIM0 [RILRECEIVER]: RX [NET_REGIST] -- RESPONSE -- not initialized
02-13 20:43:21.299  5606  6124 E Watchdog: !@Sync 7928 [2021-02-13 20:43:21.299] FD count : 582
02-13 20:43:39.740  5373  5473 E storaged: getDiskStats failed with result NOT_SUPPORTED and size 0
02-13 20:43:47.354  5606  8117 E BartenderActivityManager: BarTender: pid : 27384 cached=true abnormal=false kill=false stay=false release=false
02-13 20:43:47.364  5606  8117 E BartenderActivityManager: BarTender: pid : 14557 cached=true abnormal=false kill=false stay=false release=false
02-13 20:43:48.447  5606  5794 E AlarmManager: Set nextNonWakeup as mNextNonWakeupDeliveryTime=619535793 , orig nextNonWakeup=0
02-13 20:43:48.450  5606  5794 E AlarmManager: Set nextNonWakeup as mNextNonWakeupDeliveryTime=619535793 , orig nextNonWakeup=0
02-13 20:43:51.320  5606  6124 E Watchdog: !@Sync 7929 [2021-02-13 20:43:51.320] FD count : 582
02-13 20:44:01.499  5370  5469 E IptablesRestoreController: [iptables debug]iptables-restore execute *filter
02-13 20:44:01.499  5370  5469 E IptablesRestoreController: -D fw_standby_uid -m owner --uid-owner 10246 -j DROP
02-13 20:44:01.499  5370  5469 E IptablesRestoreController: COMMIT
02-13 20:44:01.515  5370  5469 E IptablesRestoreController: [iptables debug]iptables-restore execute done *filter
02-13 20:44:01.515  5370  5469 E IptablesRestoreController: -D fw_standby_uid -m owner --uid-owner 10246 -j DROP
02-13 20:44:01.515  5370  5469 E IptablesRestoreController: COMMIT
02-13 20:44:01.515  5370  5469 E IptablesRestoreController: , res : 0
02-13 20:44:01.516  5606  5657 E PackageManager: Failed to find package; permName: android.permission.INTERNET, uid: 9510246, caller: 1000
02-13 20:44:01.516  5606  5657 E PackageManager: Failed to find package; permName: android.permission.INTERNET, uid: 9510246, caller: 1000
02-13 20:44:10.950  6324  6593 E EPDG -- SIM0 [RILRECEIVER]: Incorrect EpdgIilIpcMessage IPC Message -- not initialized
02-13 20:44:10.956  5935  6497 E ImsAdaptorImpl: setSSACInfo : ImsAdaptorImpl.
02-13 20:44:10.969  6324  6593 E EPDG -- SIM0 [RILRECEIVER]: Incorrect EpdgIilIpcMessage IPC Message -- not initialized
02-13 20:44:10.969  5935  6497 E ImsAdaptorImpl: setSSACInfo : ImsAdaptorImpl.
02-13 20:44:10.973  6324  6593 E EPDG -- SIM0 [RILRECEIVER]: RX [NET_REGIST] -- RESPONSE -- not initialized
02-13 20:44:11.501  5370  5469 E IptablesRestoreController: [iptables debug]iptables-restore execute *filter
02-13 20:44:11.501  5370  5469 E IptablesRestoreController: -A fw_standby_uid -m owner --uid-owner 10246 -j DROP
02-13 20:44:11.501  5370  5469 E IptablesRestoreController: COMMIT
02-13 20:44:11.536  5370  5469 E IptablesRestoreController: [iptables debug]iptables-restore execute done *filter
02-13 20:44:11.536  5370  5469 E IptablesRestoreController: -A fw_standby_uid -m owner --uid-owner 10246 -j DROP
02-13 20:44:11.536  5370  5469 E IptablesRestoreController: COMMIT
02-13 20:44:11.536  5370  5469 E IptablesRestoreController: , res : 0
02-13 20:44:11.538  5606  5655 E PackageManager: Failed to find package; permName: android.permission.INTERNET, uid: 9510246, caller: 1000
02-13 20:44:11.538  5606  5655 E PackageManager: Failed to find package; permName: android.permission.INTERNET, uid: 9510246, caller: 1000
02-13 20:44:17.192  5606  5794 E AlarmManager: Set nextNonWakeup as mNextNonWakeupDeliveryTime=619612983 , orig nextNonWakeup=0
02-13 20:44:21.338  5606  6124 E Watchdog: !@Sync 7930 [2021-02-13 20:44:21.338] FD count : 583
02-13 20:44:31.556  5606  5960 E BartenderActivityManager: BarTender: pid : 12530 cached=true abnormal=false kill=false stay=false release=false
02-13 20:44:31.562  5606  5960 E BartenderActivityManager: BarTender: pid : 12212 cached=true abnormal=false kill=false stay=false release=false
02-13 20:44:31.570  5606  5960 E BartenderActivityManager: BarTender: pid : 12473 cached=true abnormal=false kill=false stay=false release=false
02-13 20:44:39.742  5373  5473 E storaged: getDiskStats failed with result NOT_SUPPORTED and size 0
02-13 20:44:41.122  5606  6099 E BartenderActivityManager: BarTender: pid : 27384 cached=true abnormal=false kill=false stay=false release=false
02-13 20:44:41.132  5606  6099 E BartenderActivityManager: BarTender: pid : 14557 cached=true abnormal=false kill=false stay=false release=false
02-13 20:44:51.357  5606  6124 E Watchdog: !@Sync 7931 [2021-02-13 20:44:51.356] FD count : 582
02-13 20:44:54.325 23089  1789 E MailService: : 1 com.samsung.android.email
02-13 20:44:54.341 23089  1789 E MailService: : 2 com.samsung.android.email
02-13 20:44:54.625  5370  5459 E Netd    : getNetworkForDns: getNetId from enterpriseCtrl is netid 0
02-13 20:44:54.638  5370  5459 E Netd    : getNetworkForDns: getNetId from enterpriseCtrl is netid 0
02-13 20:44:55.756 23089 23214 E EmailSyncUtility: deleteOutOfSyncMessages : not able to find the syncFrom syncServertimeStamp
02-13 20:44:55.848 23089 23216 E EmailSyncUtility: deleteOutOfSyncMessages : not able to find the syncFrom syncServertimeStamp
02-13 20:44:55.994 23089 23214 E EmailSyncUtility: deleteOutOfSyncMessages : not able to find the syncFrom syncServertimeStamp
02-13 20:44:56.619 23089 23214 E SemNotification: SemNotificationUtil::shouldShowNotification() - mailboxType is don't support this type[5], return false!!
02-13 20:44:56.659 23089 23214 E EmailSyncUtility: deleteOutOfSyncMessages : not able to find the syncFrom syncServertimeStamp
02-13 20:44:57.106 23089 23214 E SemNotification: SemNotificationUtil::shouldShowNotification() - mailboxType is don't support this type[3], return false!!
02-13 20:44:57.148 23089 23214 E EmailSyncUtility: deleteOutOfSyncMessages : not able to find the syncFrom syncServertimeStamp
02-13 20:44:57.331 23089 23214 E SemNotification: SemNotificationUtil::shouldShowNotification() - mailboxType is don't support this type[7], return false!!
02-13 20:44:57.380 23089 23214 E EmailSyncUtility: deleteOutOfSyncMessages : not able to find the syncFrom syncServertimeStamp
02-13 20:45:00.002  5606  5794 E AlarmManager: Set nextNonWakeup as mNextNonWakeupDeliveryTime=619655792 , orig nextNonWakeup=0
02-13 20:45:20.395  5606  5961 E BartenderActivityManager: BarTender: pid : 1394 cached=true abnormal=false kill=false stay=false release=false
02-13 20:45:20.403  5606  5961 E BartenderActivityManager: BarTender: pid : 27538 cached=true abnormal=false kill=false stay=false release=false
02-13 20:45:21.377  5606  6124 E Watchdog: !@Sync 7932 [2021-02-13 20:45:21.377] FD count : 582
02-13 20:45:29.903  5606  8028 E AlarmManager: Set nextNonWakeup as mNextNonWakeupDeliveryTime=619655792 , orig nextNonWakeup=0
02-13 20:45:29.909  5606  8028 E AlarmManager: Set nextNonWakeup as mNextNonWakeupDeliveryTime=619655792 , orig nextNonWakeup=0
02-13 20:45:29.917  5606  8028 E AlarmManager: Set nextNonWakeup as mNextNonWakeupDeliveryTime=619655792 , orig nextNonWakeup=0
02-13 20:45:29.923  5606  8028 E AlarmManager: Set nextNonWakeup as mNextNonWakeupDeliveryTime=619655792 , orig nextNonWakeup=0
02-13 20:45:39.745  5373  5473 E storaged: getDiskStats failed with result NOT_SUPPORTED and size 0
02-13 20:45:41.562  5606  5626 E BartenderActivityManager: BarTender: pid : 32496 cached=true abnormal=false kill=false stay=false release=false
02-13 20:45:51.398  5606  6124 E Watchdog: !@Sync 7933 [2021-02-13 20:45:51.398] FD count : 582
02-13 20:45:55.711  5370  5459 E Netd    : getNetworkForDns: getNetId from enterpriseCtrl is netid 0
02-13 20:45:55.926 32733   464 E FirebaseMessaging: Topic operation failed: SERVICE_NOT_AVAILABLE. Will retry Topic operation.
02-13 20:46:00.002  5606  5794 E AlarmManager: Set nextNonWakeup as mNextNonWakeupDeliveryTime=619715792 , orig nextNonWakeup=0
02-13 20:46:08.366  5606  5626 E BartenderActivityManager: BarTender: pid : 12530 cached=true abnormal=false kill=false stay=false release=false
02-13 20:46:08.376  5606  5626 E BartenderActivityManager: BarTender: pid : 12212 cached=true abnormal=false kill=false stay=false release=false
02-13 20:46:08.384  5606  5626 E BartenderActivityManager: BarTender: pid : 12473 cached=true abnormal=false kill=false stay=false release=false
02-13 20:46:20.870  6324  6593 E EPDG -- SIM0 [RILRECEIVER]: Incorrect EpdgIilIpcMessage IPC Message -- not initialized
02-13 20:46:20.878  5935  6497 E ImsAdaptorImpl: setSSACInfo : ImsAdaptorImpl.
02-13 20:46:20.890  6324  6593 E EPDG -- SIM0 [RILRECEIVER]: Incorrect EpdgIilIpcMessage IPC Message -- not initialized
02-13 20:46:20.892  5935  6497 E ImsAdaptorImpl: setSSACInfo : ImsAdaptorImpl.
02-13 20:46:20.896  6324  6593 E EPDG -- SIM0 [RILRECEIVER]: RX [NET_REGIST] -- RESPONSE -- not initialized
02-13 20:46:21.407  5606  6124 E Watchdog: !@Sync 7934 [2021-02-13 20:46:21.407] FD count : 582
02-13 20:46:39.747  5373  5473 E storaged: getDiskStats failed with result NOT_SUPPORTED and size 0
02-13 20:46:39.918 25280  1870 E SQLiteLog: (10) POSIX Error : 9 SQLite Error : 3850
02-13 20:46:39.918 25280  1870 E SQLiteLog: (10) LOCK : Getting pending lock for (4) failed due to (9). The current owner is (-992811640).
02-13 20:46:39.925 25280  1870 E SQLiteLog: (10) POSIX Error : 9 SQLite Error : 3850
02-13 20:46:39.926 25280  1870 E SQLiteLog: (10) LOCK : Getting pending lock for (4) failed due to (9). The current owner is (-992811640).
02-13 20:46:40.030  6185  6228 E RequestManager_FLP: [LocationManagerService] Location request d9a2c0f(Listener) network interval=2000 from com.macrovideo.v380pro(10257)
02-13 20:46:40.103  5606  8117 E AlarmManager: Set nextNonWakeup as mNextNonWakeupDeliveryTime=619715792 , orig nextNonWakeup=0
02-13 20:46:40.107  5370  5459 E Netd    : getNetworkForDns: getNetId from enterpriseCtrl is netid 0
02-13 20:46:40.108  3361  4018 E Sensors : inject_scontext_data: New ssp_data_injection_fd(29)
02-13 20:46:40.130  3361  3361 E Sensors : inject_scontext_data: New ssp_data_injection_fd(29)
02-13 20:46:40.220 25280  1870 E SQLiteLog: (10) POSIX Error : 9 SQLite Error : 3850
02-13 20:46:40.221 25280  1870 E SQLiteLog: (10) LOCK : Getting pending lock for (4) failed due to (9). The current owner is (-992811640).
02-13 20:46:40.226 25280  1870 E SQLiteLog: (10) POSIX Error : 9 SQLite Error : 3850
02-13 20:46:40.226 25280  1870 E SQLiteLog: (10) LOCK : Getting pending lock for (4) failed due to (9). The current owner is (-992811640).
02-13 20:46:40.248  5606  5850 E AlarmManager: Set nextNonWakeup as mNextNonWakeupDeliveryTime=619715792 , orig nextNonWakeup=0
02-13 20:46:40.659  5606  8117 E AlarmManager: Set nextNonWakeup as mNextNonWakeupDeliveryTime=619715792 , orig nextNonWakeup=0
02-13 20:46:41.073  5606  5850 E AlarmManager: Set nextNonWakeup as mNextNonWakeupDeliveryTime=619715792 , orig nextNonWakeup=0
02-13 20:46:41.186  6185  6228 E RequestManager_FLP: [LocationManagerService] Location remove d9a2c0f from com.macrovideo.v380pro
02-13 20:46:41.230  3361  3361 E Sensors : inject_scontext_data: New ssp_data_injection_fd(29)
02-13 20:46:41.251  3361  3361 E Sensors : inject_scontext_data: New ssp_data_injection_fd(29)
02-13 20:46:41.261  3361  3361 E Sensors : inject_scontext_data: New ssp_data_injection_fd(29)
02-13 20:46:41.291  3361  3361 E Sensors : inject_scontext_data: New ssp_data_injection_fd(29)
02-13 20:46:42.238  5370  5459 E Netd    : getNetworkForDns: getNetId from enterpriseCtrl is netid 0
02-13 20:46:51.082  5606  8028 E BartenderActivityManager: BarTender: pid : 27384 cached=true abnormal=false kill=false stay=false release=false
02-13 20:46:51.093  5606  8028 E BartenderActivityManager: BarTender: pid : 14557 cached=true abnormal=false kill=false stay=false release=false
02-13 20:46:51.424  5606  6124 E Watchdog: !@Sync 7935 [2021-02-13 20:46:51.424] FD count : 582
