02-13 20:23:08.356  5606  7013 E system_server: No package ID 7f found for ID 0x7f0802cd.
02-13 20:23:08.356  5606  7013 E system_server: No package ID 7f found for ID 0x7f12093c.
02-13 20:23:08.356  5606  7013 E system_server: No package ID 7f found for ID 0x7f0802ce.
02-13 20:23:08.356  5606  7013 E system_server: No package ID 7f found for ID 0x7f12093d.
02-13 20:23:08.365  5606  7013 E system_server: No package ID 7f found for ID 0x7f02032e.
02-13 20:23:08.365  5606  7013 E system_server: No package ID 7f found for ID 0x7f090421.
02-13 20:23:08.365  5606  7013 E system_server: No package ID 7f found for ID 0x7f090421.
02-13 20:23:08.365  5606  7013 E system_server: No package ID 7f found for ID 0x7f02032f.
02-13 20:23:08.365  5606  7013 E system_server: No package ID 7f found for ID 0x7f0901a2.
02-13 20:23:08.365  5606  7013 E system_server: No package ID 7f found for ID 0x7f0901a2.
02-13 20:23:08.366  5606  7013 E system_server: No package ID 7f found for ID 0x7f02032d.
02-13 20:23:08.366  5606  7013 E system_server: No package ID 7f found for ID 0x7f0900f6.
02-13 20:23:08.366  5606  7013 E system_server: No package ID 7f found for ID 0x7f0900f6.
02-13 20:23:08.371  5606  7013 E system_server: No package ID 7f found for ID 0x7f08035a.
02-13 20:23:08.371  5606  7013 E system_server: No package ID 7f found for ID 0x7f11012f.
02-13 20:23:08.371  5606  7013 E system_server: No package ID 7f found for ID 0x7f11012f.
02-13 20:23:08.372  5606  7013 E system_server: No package ID 7f found for ID 0x7f080359.
02-13 20:23:08.372  5606  7013 E system_server: No package ID 7f found for ID 0x7f110834.
02-13 20:23:08.372  5606  7013 E system_server: No package ID 7f found for ID 0x7f110834.
02-13 20:23:08.380  5606  7013 E system_server: No package ID 7f found for ID 0x7f080249.
02-13 20:23:08.380  5606  7013 E system_server: No package ID 7f found for ID 0x7f12055c.
02-13 20:23:08.380  5606  7013 E system_server: No package ID 7f found for ID 0x7f08024b.
02-13 20:23:08.380  5606  7013 E system_server: No package ID 7f found for ID 0x7f12055e.
02-13 20:23:08.381  5606  7013 E system_server: No package ID 7f found for ID 0x7f08024d.
02-13 20:23:08.381  5606  7013 E system_server: No package ID 7f found for ID 0x7f120465.
02-13 20:23:08.381  5606  7013 E system_server: No package ID 7f found for ID 0x7f08024c.
02-13 20:23:08.381  5606  7013 E system_server: No package ID 7f found for ID 0x7f1205c1.
02-13 20:23:08.395  5606  7013 E system_server: No package ID 7f found for ID 0x7f080277.
02-13 20:23:08.395  5606  7013 E system_server: No package ID 7f found for ID 0x7f1106ee.
02-13 20:23:08.395  5606  7013 E system_server: No package ID 7f found for ID 0x7f080276.
02-13 20:23:08.395  5606  7013 E system_server: No package ID 7f found for ID 0x7f1106f0.
02-13 20:23:08.395  5606  7013 E system_server: No package ID 7f found for ID 0x7f080278.
02-13 20:23:08.396  5606  7013 E system_server: No package ID 7f found for ID 0x7f1106f1.
02-13 20:23:08.404  5606  7013 E system_server: No package ID 7f found for ID 0x7f02027b.
02-13 20:23:08.404  5606  7013 E system_server: No package ID 7f found for ID 0x7f0a00de.
02-13 20:23:08.404  5606  7013 E system_server: No package ID 7f found for ID 0x7f0a00de.
02-13 20:23:08.404  5606  7013 E system_server: No package ID 7f found for ID 0x7f02027a.
02-13 20:23:08.404  5606  7013 E system_server: No package ID 7f found for ID 0x7f0a00c6.
02-13 20:23:08.404  5606  7013 E system_server: No package ID 7f found for ID 0x7f0a00c6.
02-13 20:23:08.415  5606  7013 E system_server: No package ID 7f found for ID 0x7f0201c8.
02-13 20:23:08.415  5606  7013 E system_server: No package ID 7f found for ID 0x7f0902be.
02-13 20:23:08.415  5606  7013 E system_server: No package ID 7f found for ID 0x7f0902be.
02-13 20:23:08.416  5606  7013 E system_server: No package ID 7f found for ID 0x7f0201c7.
02-13 20:23:08.416  5606  7013 E system_server: No package ID 7f found for ID 0x7f090116.
02-13 20:23:08.416  5606  7013 E system_server: No package ID 7f found for ID 0x7f090116.
02-13 20:23:09.513  5370  5459 E Netd    : getNetworkForDns: getNetId from enterpriseCtrl is netid 0
02-13 20:23:10.144  5606  5847 E WifiApConfigStore: getWifiApConfiguration ssid
02-13 20:23:10.195 31248 31248 E Zygote  : isWhitelistProcess - Process is Whitelisted
02-13 20:23:10.198 31248 31248 E Zygote  : accessInfo : 1
02-13 20:23:10.218 31248 31248 E roid.music:mai: Not starting debugger since process cannot load the jdwp agent.
02-13 20:23:11.644  5370  5459 E Netd    : getNetworkForDns: getNetId from enterpriseCtrl is netid 0
02-13 20:23:13.027 20979 22430 E WakeLock: IntentOp:com.google.android.gms/.chimera.GmsIntentOperationService ** IS FORCE-RELEASED ON TIMEOUT **
02-13 20:23:20.562  5606  6124 E Watchdog: !@Sync 7888 [2021-02-13 20:23:20.562] FD count : 582
02-13 20:23:21.393  5606  5655 E system_server: No package ID 7f found for ID 0x7f08023d.
02-13 20:23:21.393  5606  5655 E system_server: No package ID 7f found for ID 0x7f1201c8.
02-13 20:23:21.393  5606  5655 E system_server: No package ID 7f found for ID 0x7f1201c5.
02-13 20:23:21.393  5606  5655 E system_server: No package ID 7f found for ID 0x7f1201c5.
02-13 20:23:21.396  5606  5655 E system_server: No package ID 7f found for ID 0x7f08023f.
02-13 20:23:21.396  5606  5655 E system_server: No package ID 7f found for ID 0x7f1201c6.
02-13 20:23:21.396  5606  5655 E system_server: No package ID 7f found for ID 0x7f1201c3.
02-13 20:23:21.396  5606  5655 E system_server: No package ID 7f found for ID 0x7f1201c3.
02-13 20:23:21.396  5606  5655 E system_server: No package ID 7f found for ID 0x7f080241.
02-13 20:23:21.396  5606  5655 E system_server: No package ID 7f found for ID 0x7f1201c7.
02-13 20:23:21.396  5606  5655 E system_server: No package ID 7f found for ID 0x7f1201c4.
02-13 20:23:21.396  5606  5655 E system_server: No package ID 7f found for ID 0x7f1201c4.
02-13 20:23:31.857  5606  7442 E BartenderActivityManager: BarTender: pid : 12530 cached=true abnormal=false kill=false stay=false release=false
02-13 20:23:31.887  5606  8120 E BartenderActivityManager: BarTender: pid : 12212 cached=true abnormal=false kill=false stay=false release=false
02-13 20:23:31.892  5606  8120 E BartenderActivityManager: BarTender: pid : 12473 cached=true abnormal=false kill=false stay=false release=false
02-13 20:23:37.682  5606  6028 E BartenderActivityManager: BarTender: pid : 8174 cached=true abnormal=false kill=false stay=false release=false
02-13 20:23:37.785  5606  6028 E BartenderActivityManager: BarTender: pid : 29903 cached=true abnormal=false kill=false stay=false release=false
02-13 20:23:39.494  5373  5473 E storaged: getDiskStats failed with result NOT_SUPPORTED and size 0
02-13 20:23:46.033  5606  6028 E BartenderActivityManager: BarTender: pid : 31248 cached=true abnormal=false kill=false stay=false release=false
02-13 20:23:50.587  5606  6124 E Watchdog: !@Sync 7889 [2021-02-13 20:23:50.587] FD count : 672
02-13 20:23:51.802  5606  6028 E BartenderActivityManager: BarTender: pid : 31128 cached=true abnormal=false kill=false stay=false release=false
02-13 20:23:52.231  5606  6028 E BartenderActivityManager: BarTender: pid : 27928 cached=true abnormal=false kill=false stay=false release=false
02-13 20:23:54.098  5606  5794 E AlarmManager: Set nextNonWakeup as mNextNonWakeupDeliveryTime=618384233 , orig nextNonWakeup=0
02-13 20:24:20.609  5606  6124 E Watchdog: !@Sync 7890 [2021-02-13 20:24:20.608] FD count : 672
02-13 20:24:21.474 20979 22430 E WakeLock: IntentOp:com.google.android.gms/.chimera.GmsIntentOperationService ** IS FORCE-RELEASED ON TIMEOUT **
02-13 20:24:39.496  5373  5473 E storaged: getDiskStats failed with result NOT_SUPPORTED and size 0
02-13 20:24:41.681 31373 31373 E Zygote  : isWhitelistProcess - Process is Whitelisted
02-13 20:24:41.684 31373 31373 E Zygote  : accessInfo : 1
02-13 20:24:41.697  5370  5459 E Netd    : getNetworkForDns: getNetId from enterpriseCtrl is netid 0
02-13 20:24:41.703 31373 31373 E inkedin.androi: Not starting debugger since process cannot load the jdwp agent.
02-13 20:24:41.837  5370  5459 E Netd    : getNetworkForDns: getNetId from enterpriseCtrl is netid 0
02-13 20:24:41.914 31373 31373 E FlagshipApplication: [main] FlagshipApplication#onCreate() called for process id 31373
02-13 20:24:42.182  5370  5459 E Netd    : getNetworkForDns: getNetId from enterpriseCtrl is netid 0
02-13 20:24:50.633  5606  6124 E Watchdog: !@Sync 7891 [2021-02-13 20:24:50.633] FD count : 672
02-13 20:24:54.210  5606  5794 E AlarmManager: Set nextNonWakeup as mNextNonWakeupDeliveryTime=618395836 , orig nextNonWakeup=0
02-13 20:25:09.544  5606  5657 E PackageManager: Failed to find package; permName: android.permission.INTERNET, uid: 9510241, caller: 1000
02-13 20:25:09.544  5606  5657 E PackageManager: Failed to find package; permName: android.permission.INTERNET, uid: 9510241, caller: 1000
02-13 20:25:09.567 20979 21752 E WakeLock: GCM_HB_ALARM release without a matched acquire!
02-13 20:25:13.126  5606  8116 E BartenderActivityManager: BarTender: pid : 31373 cached=true abnormal=false kill=false stay=false release=false
02-13 20:25:14.312  6324  6593 E EPDG -- SIM0 [RILRECEIVER]: Incorrect EpdgIilIpcMessage IPC Message -- not initialized
02-13 20:25:14.320  5935  6497 E ImsAdaptorImpl: setSSACInfo : ImsAdaptorImpl.
02-13 20:25:14.332  6324  6593 E EPDG -- SIM0 [RILRECEIVER]: Incorrect EpdgIilIpcMessage IPC Message -- not initialized
02-13 20:25:14.333  5935  6497 E ImsAdaptorImpl: setSSACInfo : ImsAdaptorImpl.
02-13 20:25:14.341  6324  6593 E EPDG -- SIM0 [RILRECEIVER]: RX [NET_REGIST] -- RESPONSE -- not initialized
02-13 20:25:19.575  5606  5655 E PackageManager: Failed to find package; permName: android.permission.INTERNET, uid: 9510241, caller: 1000
02-13 20:25:19.575  5606  5655 E PackageManager: Failed to find package; permName: android.permission.INTERNET, uid: 9510241, caller: 1000
02-13 20:25:20.658  5606  6124 E Watchdog: !@Sync 7892 [2021-02-13 20:25:20.657] FD count : 672
02-13 20:25:25.240  5606  5657 E PackageManager: Failed to find package; permName: android.permission.INTERNET, uid: 9510025, caller: 1000
02-13 20:25:25.240  5606  5657 E PackageManager: Failed to find package; permName: android.permission.INTERNET, uid: 9510025, caller: 1000
02-13 20:25:25.305 31476 31476 E Zygote  : isWhitelistProcess - Process is Whitelisted
02-13 20:25:25.308 31476 31476 E Zygote  : accessInfo : 1
02-13 20:25:25.325 31476 31476 E ua.slando: Not starting debugger since process cannot load the jdwp agent.
02-13 20:25:25.938  5370  5459 E Netd    : getNetworkForDns: getNetId from enterpriseCtrl is netid 0
02-13 20:25:25.939 31531 31531 E Zygote  : isWhitelistProcess - Process is Whitelisted
02-13 20:25:25.942 31531 31531 E Zygote  : accessInfo : 1
02-13 20:25:25.943  5370  5459 E Netd    : getNetworkForDns: getNetId from enterpriseCtrl is netid 0
02-13 20:25:25.976 31531 31531 E facebook.katan: Not starting debugger since process cannot load the jdwp agent.
02-13 20:25:26.370  5337  5337 E audit   : type=1400 audit(1613240726.365:14854): avc:  denied  { read } for  pid=31531 comm="facebook.katana" name="zoneinfo" dev="proc" ino=4026532479 scontext=u:r:untrusted_app:s0:c125,c256,c512,c768 tcontext=u:object_r:proc_zoneinfo:s0 tclass=file permissive=0 SEPF_SM-N950F_9_0020 audit_filtered
02-13 20:25:26.370  5337  5337 E audit   : type=1300 audit(1613240726.365:14854): arch=c00000b7 syscall=56 success=no exit=-13 a0=ffffff9c a1=6fe05de900 a2=0 a3=0 items=0 ppid=5348 pid=31531 auid=4294967295 uid=10125 gid=10125 euid=10125 suid=10125 fsuid=10125 egid=10125 sgid=10125 fsgid=10125 tty=(none) ses=4294967295 comm="facebook.katana" exe="/system/bin/app_process64" subj=u:r:untrusted_app:s0:c125,c256,c512,c768 key=(null)
02-13 20:25:26.370  5337  5337 E audit   : type=1327 audit(1613240726.365:14854): proctitle="com.facebook.katana"
02-13 20:25:26.858 31531 31604 E appstatelogger2: Can't run on P or newer
02-13 20:25:27.073 31531 31620 E JitUtils: Should call jit init first
02-13 20:25:27.211  5337  5337 E audit   : type=1400 audit(1613240727.205:14855): avc:  denied  { execmod } for  pid=31531 comm=4173796E635461736B202332 path="/data/app/com.facebook.katana-seHP0kJKDAD8j-zJp2lboA==/oat/arm64/base.odex" dev="dm-1" ino=1443917 scontext=u:r:untrusted_app:s0:c125,c256,c512,c768 tcontext=u:object_r:dalvikcache_data_file:s0 tclass=file permissive=0 SEPF_SM-N950F_9_0020 audit_filtered
02-13 20:25:27.211  5337  5337 E audit   : type=1300 audit(1613240727.205:14855): arch=c00000b7 syscall=226 success=no exit=-13 a0=6fc7c75000 a1=1000 a2=7 a3=6fbf6c1930 items=0 ppid=5348 pid=31531 auid=4294967295 uid=10125 gid=10125 euid=10125 suid=10125 fsuid=10125 egid=10125 sgid=10125 fsgid=10125 tty=(none) ses=4294967295 comm=4173796E635461736B202332 exe="/system/bin/app_process64" subj=u:r:untrusted_app:s0:c125,c256,c512,c768 key=(null)
02-13 20:25:27.211  5337  5337 E audit   : type=1327 audit(1613240727.205:14855): proctitle="com.facebook.katana"
02-13 20:25:27.329  5370  5459 E Netd    : getNetworkForDns: getNetId from enterpriseCtrl is netid 0
02-13 20:25:28.044  5370  5459 E Netd    : getNetworkForDns: getNetId from enterpriseCtrl is netid 0
02-13 20:25:28.072  5370  5459 E Netd    : getNetworkForDns: getNetId from enterpriseCtrl is netid 0
02-13 20:25:28.232  5370  5459 E Netd    : getNetworkForDns: getNetId from enterpriseCtrl is netid 0
02-13 20:25:28.248 31531 31604 E nightwatch-target: Unable to open /proc/self/oom_adj
02-13 20:25:28.254 31531 31677 E nightwatch-target: Unable to open /proc/self/oom_score_adj
02-13 20:25:28.255  5337  5337 E audit   : type=1400 audit(1613240728.249:14856): avc:  denied  { read } for  pid=31531 comm="Lacrima_startup" name="file-nr" dev="proc" ino=14653226 scontext=u:r:untrusted_app:s0:c125,c256,c512,c768 tcontext=u:object_r:proc:s0 tclass=file permissive=0 SEPF_SM-N950F_9_0020 audit_filtered
02-13 20:25:28.256  5337  5337 E audit   : type=1300 audit(1613240728.249:14856): arch=c00000b7 syscall=48 success=no exit=-13 a0=ffffff9c a1=6fbf456502 a2=4 a3=0 items=0 ppid=5348 pid=31531 auid=4294967295 uid=10125 gid=10125 euid=10125 suid=10125 fsuid=10125 egid=10125 sgid=10125 fsgid=10125 tty=(none) ses=4294967295 comm="Lacrima_startup" exe="/system/bin/app_process64" subj=u:r:untrusted_app:s0:c125,c256,c512,c768 key=(null)
02-13 20:25:28.257  5337  5337 E audit   : type=1327 audit(1613240728.249:14856): proctitle="com.facebook.katana"
02-13 20:25:28.392  5370  5459 E Netd    : getNetworkForDns: getNetId from enterpriseCtrl is netid 0
02-13 20:25:28.448  3361  3581 E Sensors : Sensor : Meta event
02-13 20:25:29.006  5606  7567 E PackageManager: Failed to find package; permName: android.permission.INTERNET, uid: 99646, caller: 1000
02-13 20:25:29.044 31712 31712 E Zygote  : accessInfo : 0
02-13 20:25:29.089 31712 31712 E dboxed_process: Not starting debugger since process cannot load the jdwp agent.
02-13 20:25:29.373  5370  5459 E Netd    : getNetworkForDns: getNetId from enterpriseCtrl is netid 0
02-13 20:25:29.421  5370  5459 E Netd    : getNetworkForDns: getNetId from enterpriseCtrl is netid 0
02-13 20:25:29.468  5370  5459 E Netd    : getNetworkForDns: getNetId from enterpriseCtrl is netid 0
02-13 20:25:29.509  5370  5459 E Netd    : getNetworkForDns: getNetId from enterpriseCtrl is netid 0
02-13 20:25:29.595  5370  5459 E Netd    : getNetworkForDns: getNetId from enterpriseCtrl is netid 0
02-13 20:25:29.654  5337  5337 E audit   : type=1400 audit(1613240729.649:14857): avc:  denied  { read } for  pid=31531 comm="CombinedTP5" name="stats" dev="proc" ino=4026533233 scontext=u:r:untrusted_app:s0:c125,c256,c512,c768 tcontext=u:object_r:proc_qtaguid_stat:s0 tclass=file permissive=0 SEPF_SM-N950F_9_0020 audit_filtered
02-13 20:25:29.654  5337  5337 E audit   : type=1300 audit(1613240729.649:14857): arch=c00000b7 syscall=48 success=no exit=-13 a0=ffffff9c a1=6fe04cf720 a2=4 a3=0 items=0 ppid=5348 pid=31531 auid=4294967295 uid=10125 gid=10125 euid=10125 suid=10125 fsuid=10125 egid=10125 sgid=10125 fsgid=10125 tty=(none) ses=4294967295 comm="CombinedTP5" exe="/system/bin/app_process64" subj=u:r:untrusted_app:s0:c125,c256,c512,c768 key=(null)
02-13 20:25:29.654  5337  5337 E audit   : type=1327 audit(1613240729.649:14857): proctitle="com.facebook.katana"
02-13 20:25:31.096  5370  5459 E Netd    : getNetworkForDns: getNetId from enterpriseCtrl is netid 0
02-13 20:25:35.276  5606  5655 E PackageManager: Failed to find package; permName: android.permission.INTERNET, uid: 9510025, caller: 1000
02-13 20:25:35.277  5606  5655 E PackageManager: Failed to find package; permName: android.permission.INTERNET, uid: 9510025, caller: 1000
02-13 20:25:35.343  6185  6228 E RequestManager_FLP: [FusedLocationApi] Location remove a781640 from com.facebook.katana
02-13 20:25:35.347  6185  6228 E RequestManager_FLP: [LocationManagerService] Location remove e81a9a9 from com.facebook.katana
02-13 20:25:35.352  6185  6228 E RequestManager_FLP: [LocationManagerService] Location remove 60c56cf from com.facebook.katana
02-13 20:25:35.358  6185  6228 E RequestManager_FLP: [LocationManagerService] Location remove 8223765 from com.facebook.katana
02-13 20:25:35.359  6185  6228 E RequestManager_FLP: [FusedLocationApi] Location remove 1692979 from com.facebook.katana
02-13 20:25:35.990 31792 31792 E Zygote  : isWhitelistProcess - Process is Whitelisted
02-13 20:25:35.992 31792 31792 E Zygote  : accessInfo : 1
02-13 20:25:36.008 31792 31792 E .provider.badg: Not starting debugger since process cannot load the jdwp agent.
02-13 20:25:36.416 31813 31813 E Zygote  : accessInfo : 1
02-13 20:25:36.428 31813 31813 E .provider.badg: Not starting debugger since process cannot load the jdwp agent.
02-13 20:25:36.815 31531 31830 E fb4a.VpsReliableMediaMonitorImpl: TigonVideoService initHybrid
02-13 20:25:39.498  5373  5473 E storaged: getDiskStats failed with result NOT_SUPPORTED and size 0
02-13 20:25:39.628  5606  8028 E BartenderActivityManager: BarTender: pid : 12530 cached=true abnormal=false kill=false stay=false release=false
02-13 20:25:39.639  5606  8028 E BartenderActivityManager: BarTender: pid : 12212 cached=true abnormal=false kill=false stay=false release=false
02-13 20:25:39.648  5606  8028 E BartenderActivityManager: BarTender: pid : 12473 cached=true abnormal=false kill=false stay=false release=false
02-13 20:25:42.562 31531 31810 E fb4a.FbnsAIDLClientManager: Max Try reached for binding to FbnsAIDLService, threadId 73718
02-13 20:25:42.564 31531 31810 E fb4a.FbnsAIDLClientManager: Fbns AIDL request got RemoteException
02-13 20:25:42.564 31531 31810 E fb4a.FbnsAIDLClientManager: android.os.RemoteException: AIDLService is not bound
02-13 20:25:42.564 31531 31810 E fb4a.FbnsAIDLClientManager: 	at X.0ES.call(:332)
02-13 20:25:42.564 31531 31810 E fb4a.FbnsAIDLClientManager: 	at java.util.concurrent.FutureTask.run(FutureTask.java:266)
02-13 20:25:42.564 31531 31810 E fb4a.FbnsAIDLClientManager: 	at java.util.concurrent.ThreadPoolExecutor.runWorker(ThreadPoolExecutor.java:1167)
02-13 20:25:42.564 31531 31810 E fb4a.FbnsAIDLClientManager: 	at java.util.concurrent.ThreadPoolExecutor$Worker.run(ThreadPoolExecutor.java:641)
02-13 20:25:42.564 31531 31810 E fb4a.FbnsAIDLClientManager: 	at java.lang.Thread.run(Thread.java:764)
02-13 20:25:44.510  5606  8028 E BartenderActivityManager: BarTender: pid : 27384 cached=true abnormal=false kill=false stay=false release=false
02-13 20:25:44.520  5606  8028 E BartenderActivityManager: BarTender: pid : 14557 cached=true abnormal=false kill=false stay=false release=false
02-13 20:25:50.680  5606  6124 E Watchdog: !@Sync 7893 [2021-02-13 20:25:50.680] FD count : 674
02-13 20:25:58.902  5606  8028 E BartenderActivityManager: BarTender: pid : 31476 cached=true abnormal=false kill=false stay=false release=false
02-13 20:25:59.312  5606  8028 E BartenderActivityManager: BarTender: pid : 31712 cached=true abnormal=false kill=false stay=false release=false
02-13 20:26:00.001  5606  5794 E AlarmManager: Set nextNonWakeup as mNextNonWakeupDeliveryTime=618515792 , orig nextNonWakeup=0
02-13 20:26:06.423  5606  7442 E BartenderActivityManager: BarTender: pid : 31792 cached=true abnormal=false kill=false stay=false release=false
02-13 20:26:06.703  5606  7442 E BartenderActivityManager: BarTender: pid : 31813 cached=true abnormal=false kill=false stay=false release=false
02-13 20:26:06.770  5606  7442 E BartenderActivityManager: BarTender: pid : 31531 cached=true abnormal=false kill=false stay=false release=false
02-13 20:26:08.707  5606  5961 E BartenderActivityManager: BarTender: pid : 31128 cached=true abnormal=false kill=false stay=false release=false
02-13 20:26:08.813  5606  5961 E BartenderActivityManager: BarTender: pid : 27928 cached=true abnormal=false kill=false stay=false release=false
02-13 20:26:14.143 31879 31879 E Zygote  : isWhitelistProcess - Process is Whitelisted
02-13 20:26:14.146 31879 31879 E Zygote  : accessInfo : 1
02-13 20:26:14.167 31879 31879 E android.soagen: Not starting debugger since process cannot load the jdwp agent.
02-13 20:26:15.651 31898 31898 E Zygote  : isWhitelistProcess - Process is Whitelisted
02-13 20:26:15.654 31898 31898 E Zygote  : accessInfo : 1
02-13 20:26:15.678 31898 31898 E oid.samsungpas: Not starting debugger since process cannot load the jdwp agent.
02-13 20:26:16.085  3257  3257 E ServiceManager: add_service('com.samsung.android.pass.IPassService',118) uid=1201 - ALREADY REGISTERED, OVERRIDE
02-13 20:26:17.848  5606  7447 E BartenderActivityManager: BarTender: pid : 27538 cached=true abnormal=false kill=false stay=false release=false
02-13 20:26:20.702  5606  6124 E Watchdog: !@Sync 7894 [2021-02-13 20:26:20.701] FD count : 674
02-13 20:26:27.169  5370  5459 E Netd    : getNetworkForDns: getNetId from enterpriseCtrl is netid 0
02-13 20:26:33.122  5606  6230 E BartenderActivityManager: BarTender: pid : 12530 cached=true abnormal=false kill=false stay=false release=false
02-13 20:26:33.133  5606  6230 E BartenderActivityManager: BarTender: pid : 12212 cached=true abnormal=false kill=false stay=false release=false
02-13 20:26:33.141  5606  6230 E BartenderActivityManager: BarTender: pid : 12473 cached=true abnormal=false kill=false stay=false release=false
02-13 20:26:37.479 25280 31956 E SQLiteLog: (10) POSIX Error : 9 SQLite Error : 3850
02-13 20:26:37.479 25280 31956 E SQLiteLog: (10) LOCK : Getting pending lock for (4) failed due to (9). The current owner is (-989624952).
02-13 20:26:37.486 25280 31956 E SQLiteLog: (10) POSIX Error : 9 SQLite Error : 3850
02-13 20:26:37.486 25280 31956 E SQLiteLog: (10) LOCK : Getting pending lock for (4) failed due to (9). The current owner is (-989624952).
02-13 20:26:38.031 25280 31958 E SQLiteLog: (10) POSIX Error : 9 SQLite Error : 3850
02-13 20:26:38.032 25280 31958 E SQLiteLog: (10) LOCK : Getting pending lock for (4) failed due to (9). The current owner is (-1000356472).
02-13 20:26:38.042 25280 31958 E SQLiteLog: (10) POSIX Error : 9 SQLite Error : 3850
02-13 20:26:38.042 25280 31958 E SQLiteLog: (10) LOCK : Getting pending lock for (4) failed due to (9). The current owner is (-1000356472).
02-13 20:26:39.501  5373  5473 E storaged: getDiskStats failed with result NOT_SUPPORTED and size 0
02-13 20:26:40.715  6324  6593 E EPDG -- SIM0 [RILRECEIVER]: Incorrect EpdgIilIpcMessage IPC Message -- not initialized
02-13 20:26:40.723  5935  6497 E ImsAdaptorImpl: setSSACInfo : ImsAdaptorImpl.
02-13 20:26:40.739  5935  6497 E ImsAdaptorImpl: setSSACInfo : ImsAdaptorImpl.
02-13 20:26:40.741  6324  6593 E EPDG -- SIM0 [RILRECEIVER]: Incorrect EpdgIilIpcMessage IPC Message -- not initialized
02-13 20:26:40.744  6324  6593 E EPDG -- SIM0 [RILRECEIVER]: RX [NET_REGIST] -- RESPONSE -- not initialized
02-13 20:26:44.596  6324  6593 E EPDG -- SIM0 [RILRECEIVER]: Incorrect EpdgIilIpcMessage IPC Message -- not initialized
02-13 20:26:44.599  5935  6497 E ImsAdaptorImpl: setSSACInfo : ImsAdaptorImpl.
02-13 20:26:44.613  6324  6593 E EPDG -- SIM0 [RILRECEIVER]: Incorrect EpdgIilIpcMessage IPC Message -- not initialized
02-13 20:26:44.615  5935  6497 E ImsAdaptorImpl: setSSACInfo : ImsAdaptorImpl.
02-13 20:26:44.619  6324  6593 E EPDG -- SIM0 [RILRECEIVER]: RX [NET_REGIST] -- RESPONSE -- not initialized
02-13 20:26:46.232  5606  5834 E BartenderActivityManager: BarTender: pid : 31898 cached=true abnormal=false kill=false stay=false release=false
02-13 20:26:50.724  5606  6124 E Watchdog: !@Sync 7895 [2021-02-13 20:26:50.724] FD count : 674
02-13 20:27:14.808  5606  6230 E BartenderActivityManager: BarTender: pid : 27384 cached=true abnormal=false kill=false stay=false release=false
02-13 20:27:14.820  5606  6230 E BartenderActivityManager: BarTender: pid : 14557 cached=true abnormal=false kill=false stay=false release=false
02-13 20:27:20.745  5606  6124 E Watchdog: !@Sync 7896 [2021-02-13 20:27:20.744] FD count : 674
02-13 20:27:32.970 24710 20147 E SQLiteCastStore: Skip saving CastDeviceInfo: " " (__cast_nearby___V_214b9639-a8b7-4b1a-bca3-fd762fda75bc)
02-13 20:27:39.503  5373  5473 E storaged: getDiskStats failed with result NOT_SUPPORTED and size 0
02-13 20:27:50.766  5606  6124 E Watchdog: !@Sync 7897 [2021-02-13 20:27:50.766] FD count : 674
02-13 20:27:50.825 31993 31993 E Zygote  : isWhitelistProcess - Process is Whitelisted
02-13 20:27:50.828 31993 31993 E Zygote  : accessInfo : 1
02-13 20:27:50.853 31993 31993 E .shazam.androi: Not starting debugger since process cannot load the jdwp agent.
02-13 20:27:50.901  5370  5469 E IptablesRestoreController: [iptables debug]iptables-restore execute *filter
02-13 20:27:50.901  5370  5469 E IptablesRestoreController: -D fw_standby_uid -m owner --uid-owner 10180 -j DROP
02-13 20:27:50.901  5370  5469 E IptablesRestoreController: COMMIT
02-13 20:27:50.920  5370  5469 E IptablesRestoreController: [iptables debug]iptables-restore execute done *filter
02-13 20:27:50.920  5370  5469 E IptablesRestoreController: -D fw_standby_uid -m owner --uid-owner 10180 -j DROP
02-13 20:27:50.920  5370  5469 E IptablesRestoreController: COMMIT
02-13 20:27:50.920  5370  5469 E IptablesRestoreController: , res : 0
02-13 20:28:20.787  5606  6124 E Watchdog: !@Sync 7898 [2021-02-13 20:28:20.786] FD count : 674
02-13 20:28:39.505  5373  5473 E storaged: getDiskStats failed with result NOT_SUPPORTED and size 0
02-13 20:28:48.182 32075 32075 E Zygote  : isWhitelistProcess - Process is Whitelisted
02-13 20:28:48.186 32075 32075 E Zygote  : accessInfo : 1
02-13 20:28:48.209 32075 32075 E .apps.turbo:ss: Not starting debugger since process cannot load the jdwp agent.
02-13 20:28:48.444  5606  5794 E AlarmManager: Set nextNonWakeup as mNextNonWakeupDeliveryTime=618575792 , orig nextNonWakeup=0
02-13 20:28:48.445  5606  5794 E AlarmManager: Set nextNonWakeup as mNextNonWakeupDeliveryTime=618575792 , orig nextNonWakeup=0
02-13 20:28:48.776  5606  8120 E AlarmManager: Set nextNonWakeup as mNextNonWakeupDeliveryTime=618575792 , orig nextNonWakeup=0
02-13 20:28:48.777  5606  8120 E AlarmManager: Set nextNonWakeup as mNextNonWakeupDeliveryTime=618575792 , orig nextNonWakeup=0
02-13 20:28:48.781  5606  8120 E AlarmManager: Set nextNonWakeup as mNextNonWakeupDeliveryTime=618575792 , orig nextNonWakeup=0
02-13 20:28:48.782  5606  8120 E AlarmManager: Set nextNonWakeup as mNextNonWakeupDeliveryTime=618575792 , orig nextNonWakeup=0
02-13 20:28:48.812  5606  5961 E AlarmManager: Set nextNonWakeup as mNextNonWakeupDeliveryTime=618575792 , orig nextNonWakeup=0
02-13 20:28:48.813  5606  5961 E AlarmManager: Set nextNonWakeup as mNextNonWakeupDeliveryTime=618575792 , orig nextNonWakeup=0
02-13 20:28:48.817  5606  5961 E AlarmManager: Set nextNonWakeup as mNextNonWakeupDeliveryTime=618575792 , orig nextNonWakeup=0
02-13 20:28:48.818  5606  5961 E AlarmManager: Set nextNonWakeup as mNextNonWakeupDeliveryTime=618575792 , orig nextNonWakeup=0
02-13 20:28:50.808  5606  6124 E Watchdog: !@Sync 7899 [2021-02-13 20:28:50.808] FD count : 674
02-13 20:28:50.860  5606  5834 E BartenderActivityManager: BarTender: pid : 31993 cached=true abnormal=false kill=false stay=false release=false
02-13 20:29:18.843  5606  5834 E BartenderActivityManager: BarTender: pid : 27538 cached=true abnormal=false kill=false stay=false release=false
02-13 20:29:18.850  5606  5834 E BartenderActivityManager: BarTender: pid : 32075 cached=true abnormal=false kill=false stay=false release=false
02-13 20:29:20.817  5606  6124 E Watchdog: !@Sync 7900 [2021-02-13 20:29:20.817] FD count : 674
02-13 20:29:39.508  5373  5473 E storaged: getDiskStats failed with result NOT_SUPPORTED and size 0
02-13 20:29:50.142  5606  8120 E BartenderActivityManager: BarTender: pid : 27538 cached=true abnormal=false kill=false stay=false release=false
02-13 20:29:50.150  5606  8120 E BartenderActivityManager: BarTender: pid : 32075 cached=true abnormal=false kill=false stay=false release=false
02-13 20:29:50.378 32135 32135 E Zygote  : isWhitelistProcess - Process is Whitelisted
02-13 20:29:50.382 32135 32135 E Zygote  : accessInfo : 1
02-13 20:29:50.403 32135 32135 E ect:TileServic: Not starting debugger since process cannot load the jdwp agent.
02-13 20:29:50.461  5370  5469 E IptablesRestoreController: [iptables debug]iptables-restore execute *filter
02-13 20:29:50.461  5370  5469 E IptablesRestoreController: -D fw_standby_uid -m owner --uid-owner 10202 -j DROP
02-13 20:29:50.461  5370  5469 E IptablesRestoreController: COMMIT
02-13 20:29:50.482  5370  5469 E IptablesRestoreController: [iptables debug]iptables-restore execute done *filter
02-13 20:29:50.482  5370  5469 E IptablesRestoreController: -D fw_standby_uid -m owner --uid-owner 10202 -j DROP
02-13 20:29:50.482  5370  5469 E IptablesRestoreController: COMMIT
02-13 20:29:50.482  5370  5469 E IptablesRestoreController: , res : 0
02-13 20:29:50.825  5606  6124 E Watchdog: !@Sync 7901 [2021-02-13 20:29:50.824] FD count : 674
02-13 20:29:51.168  5370  5459 E Netd    : getNetworkForDns: getNetId from enterpriseCtrl is netid 0
02-13 20:29:54.300 23089 32163 E MailService: : 1 com.samsung.android.email
02-13 20:29:54.316 23089 32163 E MailService: : 2 com.samsung.android.email
02-13 20:29:54.652  5370  5459 E Netd    : getNetworkForDns: getNetId from enterpriseCtrl is netid 0
02-13 20:29:54.654  5370  5459 E Netd    : getNetworkForDns: getNetId from enterpriseCtrl is netid 0
02-13 20:29:55.752 23089 23216 E EmailSyncUtility: deleteOutOfSyncMessages : not able to find the syncFrom syncServertimeStamp
02-13 20:29:55.821 23089 23214 E EmailSyncUtility: deleteOutOfSyncMessages : not able to find the syncFrom syncServertimeStamp
02-13 20:29:56.044 23089 23214 E EmailSyncUtility: deleteOutOfSyncMessages : not able to find the syncFrom syncServertimeStamp
02-13 20:29:56.595 23089 23214 E SemNotification: SemNotificationUtil::shouldShowNotification() - mailboxType is don't support this type[5], return false!!
02-13 20:29:56.647 23089 23214 E EmailSyncUtility: deleteOutOfSyncMessages : not able to find the syncFrom syncServertimeStamp
02-13 20:29:57.019 23089 23214 E SemNotification: SemNotificationUtil::shouldShowNotification() - mailboxType is don't support this type[3], return false!!
02-13 20:29:57.072 23089 23214 E EmailSyncUtility: deleteOutOfSyncMessages : not able to find the syncFrom syncServertimeStamp
02-13 20:29:57.243 23089 23214 E SemNotification: SemNotificationUtil::shouldShowNotification() - mailboxType is don't support this type[7], return false!!
02-13 20:29:57.290 23089 23214 E EmailSyncUtility: deleteOutOfSyncMessages : not able to find the syncFrom syncServertimeStamp
02-13 20:30:00.002  5606  5794 E AlarmManager: Set nextNonWakeup as mNextNonWakeupDeliveryTime=618755793 , orig nextNonWakeup=0
02-13 20:30:09.528 24768 21747 E WakeLock: GCM_HB_ALARM release without a matched acquire!
02-13 20:30:09.589 20979 21752 E WakeLock: GCM_HB_ALARM release without a matched acquire!
02-13 20:30:09.601  5606  5657 E PackageManager: Failed to find package; permName: android.permission.INTERNET, uid: 9510191, caller: 1000
02-13 20:30:09.601  5606  5657 E PackageManager: Failed to find package; permName: android.permission.INTERNET, uid: 9510191, caller: 1000
02-13 20:30:09.954  5606  5834 E PermissionMonitor: (NameNotFoundException) ApplicationInfo for (com.google.uid.shared) is null! UserId: 95
02-13 20:30:09.965  5606  6230 E PermissionMonitor: (NameNotFoundException) ApplicationInfo for (com.google.uid.shared) is null! UserId: 95
02-13 20:30:09.975  5606  5834 E PermissionMonitor: (NameNotFoundException) ApplicationInfo for (com.google.uid.shared) is null! UserId: 95
02-13 20:30:09.986  5606  5834 E PermissionMonitor: (NameNotFoundException) ApplicationInfo for (com.google.uid.shared) is null! UserId: 95
02-13 20:30:10.033  5606  5834 E PermissionMonitor: (NameNotFoundException) ApplicationInfo for (com.google.uid.shared) is null! UserId: 95
02-13 20:30:10.061  5606  8120 E PermissionMonitor: (NameNotFoundException) ApplicationInfo for (com.google.uid.shared) is null! UserId: 0
02-13 20:30:10.074  5606  8120 E PermissionMonitor: (NameNotFoundException) ApplicationInfo for (com.google.uid.shared) is null! UserId: 0
02-13 20:30:10.079  5370  5459 E Netd    : getNetworkForDns: getNetId from enterpriseCtrl is netid 0
02-13 20:30:10.092  5606  6230 E PermissionMonitor: (NameNotFoundException) ApplicationInfo for (com.google.uid.shared) is null! UserId: 0
02-13 20:30:10.100  5606  5834 E PermissionMonitor: (NameNotFoundException) ApplicationInfo for (com.google.uid.shared) is null! UserId: 0
02-13 20:30:10.140  5606  8120 E PermissionMonitor: (NameNotFoundException) ApplicationInfo for (com.google.uid.shared) is null! UserId: 0
02-13 20:30:10.292  5606  8120 E PermissionMonitor: (NameNotFoundException) ApplicationInfo for (com.google.uid.shared) is null! UserId: 95
02-13 20:30:10.372  5370  5459 E Netd    : getNetworkForDns: getNetId from enterpriseCtrl is netid 0
02-13 20:30:10.557  5606  6230 E PermissionMonitor: (NameNotFoundException) ApplicationInfo for (com.google.uid.shared) is null! UserId: 95
02-13 20:30:10.567  5606  5834 E PermissionMonitor: (NameNotFoundException) ApplicationInfo for (com.google.uid.shared) is null! UserId: 95
02-13 20:30:11.818  5606  8120 E PermissionMonitor: (NameNotFoundException) ApplicationInfo for (com.google.uid.shared) is null! UserId: 0
02-13 20:30:11.936  5606  8120 E PermissionMonitor: (NameNotFoundException) ApplicationInfo for (com.google.uid.shared) is null! UserId: 0
02-13 20:30:11.956  5606  8120 E PermissionMonitor: (NameNotFoundException) ApplicationInfo for (com.google.uid.shared) is null! UserId: 0
02-13 20:30:12.335  5606  5834 E PermissionMonitor: (NameNotFoundException) ApplicationInfo for (com.google.uid.shared) is null! UserId: 0
02-13 20:30:12.359  5606  5834 E PermissionMonitor: (NameNotFoundException) ApplicationInfo for (com.google.uid.shared) is null! UserId: 0
02-13 20:30:12.387  5606  8120 E PermissionMonitor: (NameNotFoundException) ApplicationInfo for (com.google.uid.shared) is null! UserId: 0
02-13 20:30:12.416  5606  8120 E PermissionMonitor: (NameNotFoundException) ApplicationInfo for (com.google.uid.shared) is null! UserId: 0
02-13 20:30:12.440  5606  5834 E PermissionMonitor: (NameNotFoundException) ApplicationInfo for (com.google.uid.shared) is null! UserId: 0
02-13 20:30:12.466  5606  8120 E PermissionMonitor: (NameNotFoundException) ApplicationInfo for (com.google.uid.shared) is null! UserId: 0
02-13 20:30:12.490  5606  5834 E PermissionMonitor: (NameNotFoundException) ApplicationInfo for (com.google.uid.shared) is null! UserId: 0
02-13 20:30:12.514  5606  8120 E PermissionMonitor: (NameNotFoundException) ApplicationInfo for (com.google.uid.shared) is null! UserId: 0
02-13 20:30:12.540  5606  8120 E PermissionMonitor: (NameNotFoundException) ApplicationInfo for (com.google.uid.shared) is null! UserId: 0
02-13 20:30:12.559  5606  8120 E PermissionMonitor: (NameNotFoundException) ApplicationInfo for (com.google.uid.shared) is null! UserId: 0
02-13 20:30:12.580  5606  5834 E PermissionMonitor: (NameNotFoundException) ApplicationInfo for (com.google.uid.shared) is null! UserId: 0
02-13 20:30:12.601  5606  8120 E PermissionMonitor: (NameNotFoundException) ApplicationInfo for (com.google.uid.shared) is null! UserId: 0
02-13 20:30:12.623  5606  5834 E PermissionMonitor: (NameNotFoundException) ApplicationInfo for (com.google.uid.shared) is null! UserId: 0
02-13 20:30:12.842  5606  5834 E PermissionMonitor: (NameNotFoundException) ApplicationInfo for (com.google.uid.shared) is null! UserId: 0
02-13 20:30:12.974  5606  8120 E PermissionMonitor: (NameNotFoundException) ApplicationInfo for (com.google.uid.shared) is null! UserId: 0
02-13 20:30:13.144  5606  5834 E PermissionMonitor: (NameNotFoundException) ApplicationInfo for (com.google.uid.shared) is null! UserId: 0
02-13 20:30:13.167  5606  5834 E PermissionMonitor: (NameNotFoundException) ApplicationInfo for (com.google.uid.shared) is null! UserId: 0
02-13 20:30:13.314  5606  8120 E PermissionMonitor: (NameNotFoundException) ApplicationInfo for (com.google.uid.shared) is null! UserId: 0
02-13 20:30:13.339  5606  5834 E PermissionMonitor: (NameNotFoundException) ApplicationInfo for (com.google.uid.shared) is null! UserId: 0
02-13 20:30:19.593  5606  5655 E PackageManager: Failed to find package; permName: android.permission.INTERNET, uid: 9510191, caller: 1000
02-13 20:30:19.594  5606  5655 E PackageManager: Failed to find package; permName: android.permission.INTERNET, uid: 9510191, caller: 1000
02-13 20:30:20.831  5606  6124 E Watchdog: !@Sync 7902 [2021-02-13 20:30:20.831] FD count : 584
02-13 20:30:21.497 32196 32196 E Zygote  : isWhitelistProcess - Process is Whitelisted
02-13 20:30:21.500 32196 32196 E Zygote  : accessInfo : 1
02-13 20:30:21.523 32196 32196 E msung.ipservic: Not starting debugger since process cannot load the jdwp agent.
02-13 20:30:22.776 32214 32214 E Zygote  : isWhitelistProcess - Process is Whitelisted
02-13 20:30:22.779 32214 32214 E Zygote  : accessInfo : 1
02-13 20:30:22.800 32214 32214 E com.samsung.ml: Not starting debugger since process cannot load the jdwp agent.
02-13 20:30:25.509 32235 32235 E Zygote  : isWhitelistProcess - Process is Whitelisted
02-13 20:30:25.511 32235 32235 E Zygote  : accessInfo : 1
02-13 20:30:25.524 32235 32235 E ng.storyservic: Not starting debugger since process cannot load the jdwp agent.
02-13 20:30:26.795 32257 32257 E Zygote  : isWhitelistProcess - Process is Whitelisted
02-13 20:30:26.799 32257 32257 E Zygote  : accessInfo : 1
02-13 20:30:26.819 32257 32257 E ung.faceservic: Not starting debugger since process cannot load the jdwp agent.
02-13 20:30:39.510  5373  5473 E storaged: getDiskStats failed with result NOT_SUPPORTED and size 0
02-13 20:30:39.625  5606  8028 E BartenderActivityManager: BarTender: pid : 12530 cached=true abnormal=false kill=false stay=false release=false
02-13 20:30:39.634  5606  8028 E BartenderActivityManager: BarTender: pid : 12212 cached=true abnormal=false kill=false stay=false release=false
02-13 20:30:39.641  5606  8028 E BartenderActivityManager: BarTender: pid : 12473 cached=true abnormal=false kill=false stay=false release=false
02-13 20:30:50.849  5606  6124 E Watchdog: !@Sync 7903 [2021-02-13 20:30:50.848] FD count : 584
02-13 20:30:57.290  5606  8121 E BartenderActivityManager: BarTender: pid : 10235 cached=true abnormal=false kill=false stay=false release=false
02-13 20:30:57.297  5606  8121 E BartenderActivityManager: BarTender: pid : 32196 cached=true abnormal=false kill=false stay=false release=false
02-13 20:30:57.309  5606  8121 E BartenderActivityManager: BarTender: pid : 32214 cached=true abnormal=false kill=false stay=false release=false
02-13 20:30:57.318  5606  8121 E BartenderActivityManager: BarTender: pid : 32235 cached=true abnormal=false kill=false stay=false release=false
02-13 20:30:57.325  5606  8121 E BartenderActivityManager: BarTender: pid : 32257 cached=true abnormal=false kill=false stay=false release=false
02-13 20:31:00.071  5370 25017 E IptablesRestoreController: [iptables debug]iptables-restore execute *filter
02-13 20:31:00.071  5370 25017 E IptablesRestoreController: -nvx -L tetherctrl_counters
02-13 20:31:00.071  5370 25017 E IptablesRestoreController: COMMIT
02-13 20:31:00.076  5370 25017 E IptablesRestoreController: [iptables debug]iptables-restore execute done *filter
02-13 20:31:00.076  5370 25017 E IptablesRestoreController: -nvx -L tetherctrl_counters
02-13 20:31:00.076  5370 25017 E IptablesRestoreController: COMMIT
02-13 20:31:00.076  5370 25017 E IptablesRestoreController: , res : 0
02-13 20:31:00.076  5370 25017 E IptablesRestoreController: [iptables debug]iptables-restore execute *filter
02-13 20:31:00.076  5370 25017 E IptablesRestoreController: -nvx -L tetherctrl_counters
02-13 20:31:00.076  5370 25017 E IptablesRestoreController: COMMIT
02-13 20:31:00.079  5370 25017 E IptablesRestoreController: [iptables debug]iptables-restore execute done *filter
02-13 20:31:00.079  5370 25017 E IptablesRestoreController: -nvx -L tetherctrl_counters
02-13 20:31:00.079  5370 25017 E IptablesRestoreController: COMMIT
02-13 20:31:00.079  5370 25017 E IptablesRestoreController: , res : 0
02-13 20:31:00.212  5606  5663 E BatteryExternalStatsWorker: no controller energy info supplied for bluetooth
02-13 20:31:11.192  5162 32293 E PhFileGroupPop: Failed to add file group 
02-13 20:31:11.194  5162 32293 E PhFileGroupPop: Failed to add file group 
02-13 20:31:11.201  5162  5199 E A       : Locale ru-RU is not compatible
02-13 20:31:11.274  5162 32293 E HotwordModelPopulator: HotwordLocaleConfig does not exist for model ru-RU, type OK_HEY_GOOGLE! This model will not be downloaded or updated; please ensure that hotword config flags contain URLs for all supported assistant locales.
02-13 20:31:12.440  5162 32293 E PhFileGroupPop: Failed to add file group 
02-13 20:31:12.442  5162 32293 E PhFileGroupPop: Failed to add file group 
02-13 20:31:12.442  5162  5215 E A       : Locale ru-RU is not compatible
02-13 20:31:12.447  5162 32293 E HotwordModelPopulator: HotwordLocaleConfig does not exist for model ru-RU, type OK_HEY_GOOGLE! This model will not be downloaded or updated; please ensure that hotword config flags contain URLs for all supported assistant locales.
02-13 20:31:12.525  5162 32300 E PhFileGroupPop: Failed to add file group 
02-13 20:31:12.526  5162 32300 E PhFileGroupPop: Failed to add file group 
02-13 20:31:12.526  5162  5199 E A       : Locale ru-RU is not compatible
02-13 20:31:12.526  5162 32300 E PhFileGroupPop: Failed to add file group 
02-13 20:31:12.526  5162 32300 E PhFileGroupPop: Failed to add file group 
02-13 20:31:12.526  5162 32300 E PhFileGroupPop: Failed to add file group 
02-13 20:31:12.531  5162 32300 E HotwordModelPopulator: HotwordLocaleConfig does not exist for model ru-RU, type OK_HEY_GOOGLE! This model will not be downloaded or updated; please ensure that hotword config flags contain URLs for all supported assistant locales.
02-13 20:31:12.662  5162 32300 E PhFileGroupPop: Failed to add file group 
02-13 20:31:12.664  5162 32300 E PhFileGroupPop: Failed to add file group 
02-13 20:31:12.664  5162  5244 E A       : Locale ru-RU is not compatible
02-13 20:31:12.664  5162 32300 E PhFileGroupPop: Failed to add file group 
02-13 20:31:12.698  5162 32300 E HotwordModelPopulator: HotwordLocaleConfig does not exist for model ru-RU, type OK_HEY_GOOGLE! This model will not be downloaded or updated; please ensure that hotword config flags contain URLs for all supported assistant locales.
02-13 20:31:12.727  5162 32293 E PhFileGroupPop: Failed to add file group 
02-13 20:31:12.728  5162 32293 E PhFileGroupPop: Failed to add file group 
02-13 20:31:12.730  5162  5255 E A       : Locale ru-RU is not compatible
02-13 20:31:12.731  5162 32293 E PhFileGroupPop: Failed to add file group 
02-13 20:31:12.731  5162 32293 E PhFileGroupPop: Failed to add file group 
02-13 20:31:12.736  5162 32293 E HotwordModelPopulator: HotwordLocaleConfig does not exist for model ru-RU, type OK_HEY_GOOGLE! This model will not be downloaded or updated; please ensure that hotword config flags contain URLs for all supported assistant locales.
02-13 20:31:20.868  5606  6124 E Watchdog: !@Sync 7904 [2021-02-13 20:31:20.868] FD count : 584
02-13 20:31:22.568 25280 32308 E SQLiteLog: (10) POSIX Error : 9 SQLite Error : 3850
02-13 20:31:22.568 25280 32308 E SQLiteLog: (10) LOCK : Getting pending lock for (4) failed due to (9). The current owner is (-989624952).
02-13 20:31:22.575 25280 32308 E SQLiteLog: (10) POSIX Error : 9 SQLite Error : 3850
02-13 20:31:22.575 25280 32308 E SQLiteLog: (10) LOCK : Getting pending lock for (4) failed due to (9). The current owner is (-989624952).
02-13 20:31:22.679  6185  6228 E RequestManager_FLP: [LocationManagerService] Location request a590ab8(Listener) network interval=2000 from com.macrovideo.v380pro(10257)
02-13 20:31:22.758  3361  4018 E Sensors : inject_scontext_data: New ssp_data_injection_fd(29)
02-13 20:31:22.780  3361  4018 E Sensors : inject_scontext_data: New ssp_data_injection_fd(29)
02-13 20:31:23.816  6185  6228 E RequestManager_FLP: [LocationManagerService] Location remove a590ab8 from com.macrovideo.v380pro
02-13 20:31:23.869  3361  4018 E Sensors : inject_scontext_data: New ssp_data_injection_fd(29)
02-13 20:31:23.879  3361  4018 E Sensors : inject_scontext_data: New ssp_data_injection_fd(29)
02-13 20:31:23.893  3361  4018 E Sensors : inject_scontext_data: New ssp_data_injection_fd(29)
02-13 20:31:23.918  3361  4018 E Sensors : inject_scontext_data: New ssp_data_injection_fd(29)
02-13 20:31:24.051 24768 29533 E rs$DefaultThreadFactory: ===== Detect pool-thread leak =====
02-13 20:31:24.052 24768 29533 E rs$DefaultThreadFactory: dalvik.system.VMStack.getThreadStackTrace(Native Method)
02-13 20:31:24.052 24768 29533 E rs$DefaultThreadFactory: java.lang.Thread.getStackTrace(Thread.java:1538)
02-13 20:31:24.052 24768 29533 E rs$DefaultThreadFactory: java.util.concurrent.Executors$DefaultThreadFactory.newThread(Executors.java:569)
02-13 20:31:24.052 24768 29533 E rs$DefaultThreadFactory: bvsi.newThread(:com.google.android.gms@210214028@21.02.14 (100400-352619232):1)
02-13 20:31:24.052 24768 29533 E rs$DefaultThreadFactory: java.util.concurrent.ThreadPoolExecutor$Worker.<init>(ThreadPoolExecutor.java:636)
02-13 20:31:24.052 24768 29533 E rs$DefaultThreadFactory: java.util.concurrent.ThreadPoolExecutor.addWorker(ThreadPoolExecutor.java:950)
02-13 20:31:24.052 24768 29533 E rs$DefaultThreadFactory: java.util.concurrent.ThreadPoolExecutor.execute(ThreadPoolExecutor.java:1393)
02-13 20:31:24.052 24768 29533 E rs$DefaultThreadFactory: cpxs.execute(:com.google.android.gms@210214028@21.02.14 (100400-352619232):0)
02-13 20:31:24.052 24768 29533 E rs$DefaultThreadFactory: cpve.f(:com.google.android.gms@210214028@21.02.14 (100400-352619232):3)
02-13 20:31:24.053 24768 29533 E rs$DefaultThreadFactory: cpve.b(:com.google.android.gms@210214028@21.02.14 (100400-352619232):3)
02-13 20:31:24.053 24768 29533 E rs$DefaultThreadFactory: cpyx.k(:com.google.android.gms@210214028@21.02.14 (100400-352619232):8)
02-13 20:31:24.053 24768 29533 E rs$DefaultThreadFactory: cpxt.run(:com.google.android.gms@210214028@21.02.14 (100400-352619232):0)
02-13 20:31:24.053 24768 29533 E rs$DefaultThreadFactory: cpqe.a(:com.google.android.gms@210214028@21.02.14 (100400-352619232):3)
02-13 20:31:24.053 24768 29533 E rs$DefaultThreadFactory: cpqe.execute(:com.google.android.gms@210214028@21.02.14 (100400-352619232):0)
02-13 20:31:24.053 24768 29533 E rs$DefaultThreadFactory: cpss.a(:com.google.android.gms@210214028@21.02.14 (100400-352619232):32)
02-13 20:31:24.053 24768 29533 E rs$DefaultThreadFactory: cpqv.b(:com.google.android.gms@210214028@21.02.14 (100400-352619232):0)
02-13 20:31:24.053 24768 29533 E rs$DefaultThreadFactory: cplx.a(:com.google.android.gms@210214028@21.02.14 (100400-352619232):1)
02-13 20:31:24.053 24768 29533 E rs$DefaultThreadFactory: cpqn.b(:com.google.android.gms@210214028@21.02.14 (100400-352619232):0)
02-13 20:31:24.053 24768 29533 E rs$DefaultThreadFactory: cplx.a(:com.google.android.gms@210214028@21.02.14 (100400-352619232):1)
02-13 20:31:24.053 24768 29533 E rs$DefaultThreadFactory: tew.b(:com.google.android.gms@210214028@21.02.14 (100400-352619232):3)
02-13 20:31:24.054 24768 29533 E rs$DefaultThreadFactory: tel.d(:com.google.android.gms@210214028@21.02.14 (100400-352619232):8)
02-13 20:31:24.054 24768 29533 E rs$DefaultThreadFactory: blrk.run(:com.google.android.gms@210214028@21.02.14 (100400-352619232):141)
02-13 20:31:24.054 24768 29533 E rs$DefaultThreadFactory: java.util.concurrent.Executors$RunnableAdapter.call(Executors.java:459)
02-13 20:31:24.054 24768 29533 E rs$DefaultThreadFactory: java.util.concurrent.FutureTask.run(FutureTask.java:266)
02-13 20:31:24.054 24768 29533 E rs$DefaultThreadFactory: tks.c(:com.google.android.gms@210214028@21.02.14 (100400-352619232):6)
02-13 20:31:24.054 24768 29533 E rs$DefaultThreadFactory: tks.run(:com.google.android.gms@210214028@21.02.14 (100400-352619232):7)
02-13 20:31:24.054 24768 29533 E rs$DefaultThreadFactory: java.util.concurrent.ThreadPoolExecutor.runWorker(ThreadPoolExecutor.java:1167)
02-13 20:31:24.054 24768 29533 E rs$DefaultThreadFactory: java.util.concurrent.ThreadPoolExecutor$Worker.run(ThreadPoolExecutor.java:641)
02-13 20:31:24.054 24768 29533 E rs$DefaultThreadFactory: tqp.run(:com.google.android.gms@210214028@21.02.14 (100400-352619232):0)
02-13 20:31:24.054 24768 29533 E rs$DefaultThreadFactory: java.lang.Thread.run(Thread.java:764)
02-13 20:31:24.059  5370  5459 E Netd    : getNetworkForDns: getNetId from enterpriseCtrl is netid 0
02-13 20:31:24.200 24768 29536 E rs$DefaultThreadFactory: ===== Detect pool-thread leak =====
02-13 20:31:24.202 24768 29536 E rs$DefaultThreadFactory: dalvik.system.VMStack.getThreadStackTrace(Native Method)
