02-13 19:54:35.550  5370  5459 E Netd    : getNetworkForDns: getNetId from enterpriseCtrl is netid 0
02-13 19:54:35.594  5370  5459 E Netd    : getNetworkForDns: getNetId from enterpriseCtrl is netid 0
02-13 19:54:37.407  5370  5459 E Netd    : getNetworkForDns: getNetId from enterpriseCtrl is netid 0
02-13 19:54:41.954  5370  5459 E Netd    : getNetworkForDns: getNetId from enterpriseCtrl is netid 0
02-13 19:54:42.095  5370  5459 E Netd    : getNetworkForDns: getNetId from enterpriseCtrl is netid 0
02-13 19:54:42.140  6185  6228 E RequestManager_FLP: [FusedLocationApi] Location remove 3efb572 from com.facebook.katana
02-13 19:54:42.156  6185  6228 E RequestManager_FLP: [FusedLocationApi] Location remove e852dc3 from com.facebook.katana
02-13 19:54:42.163  6185  6228 E RequestManager_FLP: [LocationManagerService] Location remove c71fbe9 from com.facebook.katana
02-13 19:54:42.177  6185  6228 E RequestManager_FLP: [LocationManagerService] Location remove b98930f from com.facebook.katana
02-13 19:54:42.182  6185  6228 E RequestManager_FLP: [LocationManagerService] Location remove b656da5 from com.facebook.katana
02-13 19:54:42.765 27928 27928 E Zygote  : isWhitelistProcess - Process is Whitelisted
02-13 19:54:42.768 27928 27928 E Zygote  : accessInfo : 1
02-13 19:54:42.784 27928 27928 E book.appmanage: Not starting debugger since process cannot load the jdwp agent.
02-13 19:54:42.954 27928 27928 E ACRA    : Initializing ANR detector for process: com.facebook.appmanager
02-13 19:54:43.018 27928 27928 E SQLiteLog: (14) cannot open file at line 37516 of [68b898381a]
02-13 19:54:43.018 27928 27928 E SQLiteLog: (14) os_unix.c:37516: (2) open(/data/user/0/com.facebook.appmanager/databases/androidx.work.workdb) - 
02-13 19:54:43.018 27928 27928 E SQLiteLog: (1) Process book.appmanager : Pid (27928) Uid (10126) Euid (10126) Gid (10126) Egid (10126)
02-13 19:54:43.018 27928 27928 E SQLiteLog: (1) osStat failed "/data/user/0/com.facebook.appmanager/databases/androidx.work.workdb" due to error (2)
02-13 19:54:43.018 27928 27928 E SQLiteLog: (1) Stat of /data/user/0/com.facebook.appmanager/databases : st_mode(40771) st_uid(10126) st_gid(10126) st_ino(590657)
02-13 19:54:43.018 27928 27928 E SQLiteLog: (1) Stat of /data/user/0/com.facebook.appmanager : st_mode(40751) st_uid(10126) st_gid(10126) st_ino(589853)
02-13 19:54:43.018 27928 27928 E SQLiteLog: (1) Stat of /data/user/0 : st_mode(40771) st_uid(1000) st_gid(1000) st_ino(65537)
02-13 19:54:43.018 27928 27928 E SQLiteLog: (1) Stat of /data/user : st_mode(40711) st_uid(1000) st_gid(1000) st_ino(1245186)
02-13 19:54:43.018 27928 27928 E SQLiteLog: (1) Stat of /data : st_mode(40771) st_uid(1000) st_gid(1000) st_ino(2)
02-13 19:54:43.021 27928 27928 E SQLiteDatabase: Failed to open database '/data/user/0/com.facebook.appmanager/databases/androidx.work.workdb'.
02-13 19:54:43.021 27928 27928 E SQLiteDatabase: android.database.sqlite.SQLiteCantOpenDatabaseException: unknown error (code 1294 SQLITE_CANTOPEN_ENOENT[1294]): Could not open database
02-13 19:54:43.021 27928 27928 E SQLiteDatabase: 	at android.database.sqlite.SQLiteConnection.nativeOpen(Native Method)
02-13 19:54:43.021 27928 27928 E SQLiteDatabase: 	at android.database.sqlite.SQLiteConnection.open(SQLiteConnection.java:284)
02-13 19:54:43.021 27928 27928 E SQLiteDatabase: 	at android.database.sqlite.SQLiteConnection.open(SQLiteConnection.java:215)
02-13 19:54:43.021 27928 27928 E SQLiteDatabase: 	at android.database.sqlite.SQLiteConnectionPool.openConnectionLocked(SQLiteConnectionPool.java:705)
02-13 19:54:43.021 27928 27928 E SQLiteDatabase: 	at android.database.sqlite.SQLiteConnectionPool.open(SQLiteConnectionPool.java:272)
02-13 19:54:43.021 27928 27928 E SQLiteDatabase: 	at android.database.sqlite.SQLiteConnectionPool.open(SQLiteConnectionPool.java:239)
02-13 19:54:43.021 27928 27928 E SQLiteDatabase: 	at android.database.sqlite.SQLiteDatabase.openInner(SQLiteDatabase.java:1292)
02-13 19:54:43.021 27928 27928 E SQLiteDatabase: 	at android.database.sqlite.SQLiteDatabase.open(SQLiteDatabase.java:1247)
02-13 19:54:43.021 27928 27928 E SQLiteDatabase: 	at android.database.sqlite.SQLiteDatabase.openDatabase(SQLiteDatabase.java:930)
02-13 19:54:43.021 27928 27928 E SQLiteDatabase: 	at android.database.sqlite.SQLiteDatabase.openDatabase(SQLiteDatabase.java:878)
02-13 19:54:43.021 27928 27928 E SQLiteDatabase: 	at com.facebook.oxygen.common.androidx.workmanager.initializer.b.a(WorkManagerDatabase.java:20)
02-13 19:54:43.021 27928 27928 E SQLiteDatabase: 	at com.facebook.oxygen.appmanager.app.d.b(AppManagerApplicationImpl.java:19)
02-13 19:54:43.021 27928 27928 E SQLiteDatabase: 	at com.facebook.oxygen.common.e.b.d.onCreate(OxpDelegatingApplication.java:69)
02-13 19:54:43.021 27928 27928 E SQLiteDatabase: 	at android.app.Instrumentation.callApplicationOnCreate(Instrumentation.java:1154)
02-13 19:54:43.021 27928 27928 E SQLiteDatabase: 	at android.app.ActivityThread.handleBindApplication(ActivityThread.java:6245)
02-13 19:54:43.021 27928 27928 E SQLiteDatabase: 	at android.app.ActivityThread.access$1200(ActivityThread.java:238)
02-13 19:54:43.021 27928 27928 E SQLiteDatabase: 	at android.app.ActivityThread$H.handleMessage(ActivityThread.java:1787)
02-13 19:54:43.021 27928 27928 E SQLiteDatabase: 	at android.os.Handler.dispatchMessage(Handler.java:106)
02-13 19:54:43.021 27928 27928 E SQLiteDatabase: 	at android.os.Looper.loop(Looper.java:214)
02-13 19:54:43.021 27928 27928 E SQLiteDatabase: 	at android.app.ActivityThread.main(ActivityThread.java:7073)
02-13 19:54:43.021 27928 27928 E SQLiteDatabase: 	at java.lang.reflect.Method.invoke(Native Method)
02-13 19:54:43.021 27928 27928 E SQLiteDatabase: 	at com.android.internal.os.RuntimeInit$MethodAndArgsCaller.run(RuntimeInit.java:494)
02-13 19:54:43.021 27928 27928 E SQLiteDatabase: 	at com.android.internal.os.ZygoteInit.main(ZygoteInit.java:965)
02-13 19:54:43.158 27953 27953 E Zygote  : isWhitelistProcess - Process is Whitelisted
02-13 19:54:43.161 27953 27953 E Zygote  : accessInfo : 1
02-13 19:54:43.181 27953 27953 E .provider.badg: Not starting debugger since process cannot load the jdwp agent.
02-13 19:54:43.617 27979 27979 E Zygote  : accessInfo : 1
02-13 19:54:43.642 27979 27979 E .provider.badg: Not starting debugger since process cannot load the jdwp agent.
02-13 19:54:44.356 27781 28005 E fb4a.VpsReliableMediaMonitorImpl: TigonVideoService initHybrid
02-13 19:54:44.590 27781 27873 E StructuredHeadersBuffer.cpp: Error message: Invalid character. Number of characters parsed before error:6. Header Content:u=3, i
02-13 19:54:49.299  5352 10793 E SEC_DRM_PLUGIN_Omafl: OmaPlugin::onOpenDecryptSession(fd)::Drm2IsDrmFileByExtFd::file is NOT DRM by extension
02-13 19:54:49.328  5352 10793 E SEC_DRM_PLUGIN_Omafl: OmaPlugin::onOpenDecryptSession(fd)::Drm2IsDrmFileByExtFd::file is NOT DRM by extension
02-13 19:54:49.342  5352 10793 E SEC_DRM_PLUGIN_Omafl: OmaPlugin::onOpenDecryptSession(fd)::Drm2IsDrmFileByExtFd::file is NOT DRM by extension
02-13 19:54:49.421  5370  5459 E Netd    : getNetworkForDns: getNetId from enterpriseCtrl is netid 0
02-13 19:54:49.452  6324  6593 E EPDG -- SIM0 [RILRECEIVER]: Incorrect EpdgIilIpcMessage IPC Message -- not initialized
02-13 19:54:49.463  5935  6497 E ImsAdaptorImpl: setSSACInfo : ImsAdaptorImpl.
02-13 19:54:49.472  6324  6593 E EPDG -- SIM0 [RILRECEIVER]: Incorrect EpdgIilIpcMessage IPC Message -- not initialized
02-13 19:54:49.473  5935  6497 E ImsAdaptorImpl: setSSACInfo : ImsAdaptorImpl.
02-13 19:54:49.474  6324  6593 E EPDG -- SIM0 [RILRECEIVER]: RX [NET_REGIST] -- RESPONSE -- not initialized
02-13 19:54:49.522  5370  5459 E Netd    : getNetworkForDns: getNetId from enterpriseCtrl is netid 0
02-13 19:54:49.534  5365 28042 E MP3Extractor: Unable to resync. Signalling end of stream.
02-13 19:54:49.614  5370  5459 E Netd    : getNetworkForDns: getNetId from enterpriseCtrl is netid 0
02-13 19:54:49.795  5370  5459 E Netd    : getNetworkForDns: getNetId from enterpriseCtrl is netid 0
02-13 19:54:49.945  5370  5459 E Netd    : getNetworkForDns: getNetId from enterpriseCtrl is netid 0
02-13 19:54:50.028 27781 27996 E fb4a.FbnsAIDLClientManager: Max Try reached for binding to FbnsAIDLService, threadId 73525
02-13 19:54:50.028 27781 27996 E fb4a.FbnsAIDLClientManager: Fbns AIDL request got RemoteException
02-13 19:54:50.028 27781 27996 E fb4a.FbnsAIDLClientManager: android.os.RemoteException: AIDLService is not bound
02-13 19:54:50.028 27781 27996 E fb4a.FbnsAIDLClientManager: 	at X.0ES.call(:332)
02-13 19:54:50.028 27781 27996 E fb4a.FbnsAIDLClientManager: 	at java.util.concurrent.FutureTask.run(FutureTask.java:266)
02-13 19:54:50.028 27781 27996 E fb4a.FbnsAIDLClientManager: 	at java.util.concurrent.ThreadPoolExecutor.runWorker(ThreadPoolExecutor.java:1167)
02-13 19:54:50.028 27781 27996 E fb4a.FbnsAIDLClientManager: 	at java.util.concurrent.ThreadPoolExecutor$Worker.run(ThreadPoolExecutor.java:641)
02-13 19:54:50.028 27781 27996 E fb4a.FbnsAIDLClientManager: 	at java.lang.Thread.run(Thread.java:764)
02-13 19:55:07.573  3361  3361 E Sensors : inject_scontext_data: New ssp_data_injection_fd(29)
02-13 19:55:22.479  6324  6593 E EPDG -- SIM0 [RILRECEIVER]: Incorrect EpdgIilIpcMessage IPC Message -- not initialized
02-13 19:55:22.480  5935  6497 E ImsAdaptorImpl: setSSACInfo : ImsAdaptorImpl.
02-13 19:55:22.495  6324  6593 E EPDG -- SIM0 [RILRECEIVER]: Incorrect EpdgIilIpcMessage IPC Message -- not initialized
02-13 19:55:22.496  5935  6497 E ImsAdaptorImpl: setSSACInfo : ImsAdaptorImpl.
02-13 19:55:22.499  6324  6593 E EPDG -- SIM0 [RILRECEIVER]: RX [NET_REGIST] -- RESPONSE -- not initialized
02-13 19:55:50.021 28154 28154 E Zygote  : isWhitelistProcess - Process is Whitelisted
02-13 19:55:50.024 28154 28154 E Zygote  : accessInfo : 1
02-13 19:55:50.045 28154 28154 E roid.app.camer: Not starting debugger since process cannot load the jdwp agent.
02-13 19:55:50.092  5370  5469 E IptablesRestoreController: [iptables debug]iptables-restore execute *filter
02-13 19:55:50.092  5370  5469 E IptablesRestoreController: -D fw_standby_uid -m owner --uid-owner 10062 -j DROP
02-13 19:55:50.092  5370  5469 E IptablesRestoreController: COMMIT
02-13 19:55:50.109  5370  5469 E IptablesRestoreController: [iptables debug]iptables-restore execute done *filter
02-13 19:55:50.109  5370  5469 E IptablesRestoreController: -D fw_standby_uid -m owner --uid-owner 10062 -j DROP
02-13 19:55:50.109  5370  5469 E IptablesRestoreController: COMMIT
02-13 19:55:50.109  5370  5469 E IptablesRestoreController: , res : 0
02-13 19:56:00.843 20979 22430 E WakeLock: IntentOp:com.google.android.gms/.chimera.GmsIntentOperationService ** IS FORCE-RELEASED ON TIMEOUT **
02-13 19:56:32.797  6324  6593 E EPDG -- SIM0 [RILRECEIVER]: Incorrect EpdgIilIpcMessage IPC Message -- not initialized
02-13 19:56:32.802  5935  6497 E ImsAdaptorImpl: setSSACInfo : ImsAdaptorImpl.
02-13 19:56:32.812  6324  6593 E EPDG -- SIM0 [RILRECEIVER]: Incorrect EpdgIilIpcMessage IPC Message -- not initialized
02-13 19:56:32.814  5935  6497 E ImsAdaptorImpl: setSSACInfo : ImsAdaptorImpl.
02-13 19:56:32.817  6324  6593 E EPDG -- SIM0 [RILRECEIVER]: RX [NET_REGIST] -- RESPONSE -- not initialized
02-13 19:56:48.709  6324  6593 E EPDG -- SIM0 [RILRECEIVER]: Incorrect EpdgIilIpcMessage IPC Message -- not initialized
02-13 19:56:48.715  5935  6497 E ImsAdaptorImpl: setSSACInfo : ImsAdaptorImpl.
02-13 19:56:48.727  5935  6497 E ImsAdaptorImpl: setSSACInfo : ImsAdaptorImpl.
02-13 19:56:48.732  6324  6593 E EPDG -- SIM0 [RILRECEIVER]: Incorrect EpdgIilIpcMessage IPC Message -- not initialized
02-13 19:56:48.739  6324  6593 E EPDG -- SIM0 [RILRECEIVER]: RX [NET_REGIST] -- RESPONSE -- not initialized
02-13 19:56:58.304  6324  6593 E EPDG -- SIM0 [RILRECEIVER]: Incorrect EpdgIilIpcMessage IPC Message -- not initialized
02-13 19:56:58.306  5935  6497 E ImsAdaptorImpl: setSSACInfo : ImsAdaptorImpl.
02-13 19:56:58.316  5935  6497 E ImsAdaptorImpl: setSSACInfo : ImsAdaptorImpl.
02-13 19:56:58.316  6324  6593 E EPDG -- SIM0 [RILRECEIVER]: Incorrect EpdgIilIpcMessage IPC Message -- not initialized
02-13 19:56:58.324  6324  6593 E EPDG -- SIM0 [RILRECEIVER]: RX [NET_REGIST] -- RESPONSE -- not initialized
02-13 19:57:32.970 24710 26181 E SQLiteCastStore: Skip saving CastDeviceInfo: " " (__cast_nearby___V_214b9639-a8b7-4b1a-bca3-fd762fda75bc)
02-13 19:57:36.616  6324  6593 E EPDG -- SIM0 [RILRECEIVER]: Incorrect EpdgIilIpcMessage IPC Message -- not initialized
02-13 19:57:36.621  5935  6497 E ImsAdaptorImpl: setSSACInfo : ImsAdaptorImpl.
02-13 19:57:36.636  5935  6497 E ImsAdaptorImpl: setSSACInfo : ImsAdaptorImpl.
02-13 19:57:36.639  6324  6593 E EPDG -- SIM0 [RILRECEIVER]: Incorrect EpdgIilIpcMessage IPC Message -- not initialized
02-13 19:57:36.646  6324  6593 E EPDG -- SIM0 [RILRECEIVER]: RX [NET_REGIST] -- RESPONSE -- not initialized
02-13 19:57:50.040 28211 28211 E Zygote  : isWhitelistProcess - Process is Whitelisted
02-13 19:57:50.043 28211 28211 E Zygote  : accessInfo : 1
02-13 19:57:50.067 28211 28211 E ox.securefolde: Not starting debugger since process cannot load the jdwp agent.
02-13 19:57:52.074  6324  6593 E EPDG -- SIM0 [RILRECEIVER]: Incorrect EpdgIilIpcMessage IPC Message -- not initialized
02-13 19:57:52.084  5935  6497 E ImsAdaptorImpl: setSSACInfo : ImsAdaptorImpl.
02-13 19:57:52.125  5935  6497 E ImsAdaptorImpl: setSSACInfo : ImsAdaptorImpl.
02-13 19:57:52.127  6324  6593 E EPDG -- SIM0 [RILRECEIVER]: Incorrect EpdgIilIpcMessage IPC Message -- not initialized
02-13 19:57:52.129  6324  6593 E EPDG -- SIM0 [RILRECEIVER]: RX [NET_REGIST] -- RESPONSE -- not initialized
02-13 19:57:52.796  6324  6593 E EPDG -- SIM0 [RILRECEIVER]: Incorrect EpdgIilIpcMessage IPC Message -- not initialized
02-13 19:57:52.799  5935  6497 E ImsAdaptorImpl: setSSACInfo : ImsAdaptorImpl.
02-13 19:57:52.812  6324  6593 E EPDG -- SIM0 [RILRECEIVER]: Incorrect EpdgIilIpcMessage IPC Message -- not initialized
02-13 19:57:52.813  5935  6497 E ImsAdaptorImpl: setSSACInfo : ImsAdaptorImpl.
02-13 19:57:52.818  6324  6593 E EPDG -- SIM0 [RILRECEIVER]: RX [NET_REGIST] -- RESPONSE -- not initialized
02-13 19:57:55.156 28232 28232 E Zygote  : isWhitelistProcess - Process is Whitelisted
02-13 19:57:55.159 28232 28232 E Zygote  : accessInfo : 1
02-13 19:57:55.184 28232 28232 E oid.sm.provide: Not starting debugger since process cannot load the jdwp agent.
02-13 19:57:56.873  6324  6593 E EPDG -- SIM0 [RILRECEIVER]: Incorrect EpdgIilIpcMessage IPC Message -- not initialized
02-13 19:57:56.878  5935  6497 E ImsAdaptorImpl: setSSACInfo : ImsAdaptorImpl.
02-13 19:57:56.891  5935  6497 E ImsAdaptorImpl: setSSACInfo : ImsAdaptorImpl.
02-13 19:57:56.893  6324  6593 E EPDG -- SIM0 [RILRECEIVER]: Incorrect EpdgIilIpcMessage IPC Message -- not initialized
02-13 19:57:56.895  6324  6593 E EPDG -- SIM0 [RILRECEIVER]: RX [NET_REGIST] -- RESPONSE -- not initialized
02-13 19:57:59.468 28259 28259 E Zygote  : isWhitelistProcess - Process is Whitelisted
02-13 19:57:59.474 28259 28259 E Zygote  : accessInfo : 1
02-13 19:57:59.497 28259 28259 E ng.android.loo: Not starting debugger since process cannot load the jdwp agent.
02-13 19:58:06.635 25280 28281 E SQLiteLog: (10) POSIX Error : 9 SQLite Error : 3850
02-13 19:58:06.635 25280 28281 E SQLiteLog: (10) LOCK : Getting pending lock for (4) failed due to (9). The current owner is (-989624952).
02-13 19:58:06.646 25280 28281 E SQLiteLog: (10) POSIX Error : 9 SQLite Error : 3850
02-13 19:58:06.646 25280 28281 E SQLiteLog: (10) LOCK : Getting pending lock for (4) failed due to (9). The current owner is (-989624952).
02-13 19:58:07.714 25280 28283 E SQLiteLog: (10) POSIX Error : 9 SQLite Error : 3850
02-13 19:58:07.714 25280 28283 E SQLiteLog: (10) LOCK : Getting pending lock for (4) failed due to (9). The current owner is (-1000356472).
02-13 19:58:07.725 25280 28283 E SQLiteLog: (10) POSIX Error : 9 SQLite Error : 3850
02-13 19:58:07.725 25280 28283 E SQLiteLog: (10) LOCK : Getting pending lock for (4) failed due to (9). The current owner is (-1000356472).
02-13 19:58:22.234  6324  6593 E EPDG -- SIM0 [RILRECEIVER]: Incorrect EpdgIilIpcMessage IPC Message -- not initialized
02-13 19:58:22.237  5935  6497 E ImsAdaptorImpl: setSSACInfo : ImsAdaptorImpl.
02-13 19:58:22.250  5935  6497 E ImsAdaptorImpl: setSSACInfo : ImsAdaptorImpl.
02-13 19:58:22.252  6324  6593 E EPDG -- SIM0 [RILRECEIVER]: Incorrect EpdgIilIpcMessage IPC Message -- not initialized
02-13 19:58:22.256  6324  6593 E EPDG -- SIM0 [RILRECEIVER]: RX [NET_REGIST] -- RESPONSE -- not initialized
02-13 19:59:30.086  6324  6593 E EPDG -- SIM0 [RILRECEIVER]: Incorrect EpdgIilIpcMessage IPC Message -- not initialized
02-13 19:59:30.089  5935  6497 E ImsAdaptorImpl: setSSACInfo : ImsAdaptorImpl.
02-13 19:59:30.101  5935  6497 E ImsAdaptorImpl: setSSACInfo : ImsAdaptorImpl.
02-13 19:59:30.103  6324  6593 E EPDG -- SIM0 [RILRECEIVER]: Incorrect EpdgIilIpcMessage IPC Message -- not initialized
02-13 19:59:30.105  6324  6593 E EPDG -- SIM0 [RILRECEIVER]: RX [NET_REGIST] -- RESPONSE -- not initialized
02-13 19:59:54.313 23089 28336 E MailService: : 1 com.samsung.android.email
02-13 19:59:54.328 23089 28336 E MailService: : 2 com.samsung.android.email
02-13 19:59:54.645  5370  5459 E Netd    : getNetworkForDns: getNetId from enterpriseCtrl is netid 0
02-13 19:59:54.647  5370  5459 E Netd    : getNetworkForDns: getNetId from enterpriseCtrl is netid 0
02-13 19:59:55.968 23089 23216 E EmailSyncUtility: deleteOutOfSyncMessages : not able to find the syncFrom syncServertimeStamp
02-13 19:59:56.049 23089 23214 E EmailSyncUtility: deleteOutOfSyncMessages : not able to find the syncFrom syncServertimeStamp
02-13 19:59:56.302 23089 23214 E EmailSyncUtility: deleteOutOfSyncMessages : not able to find the syncFrom syncServertimeStamp
02-13 19:59:56.906 23089 23214 E SemNotification: SemNotificationUtil::shouldShowNotification() - mailboxType is don't support this type[5], return false!!
02-13 19:59:56.952 23089 23214 E EmailSyncUtility: deleteOutOfSyncMessages : not able to find the syncFrom syncServertimeStamp
02-13 19:59:57.411 23089 23214 E SemNotification: SemNotificationUtil::shouldShowNotification() - mailboxType is don't support this type[3], return false!!
02-13 19:59:57.462 23089 23214 E EmailSyncUtility: deleteOutOfSyncMessages : not able to find the syncFrom syncServertimeStamp
02-13 19:59:57.679 23089 23214 E SemNotification: SemNotificationUtil::shouldShowNotification() - mailboxType is don't support this type[7], return false!!
02-13 19:59:57.725 23089 23214 E EmailSyncUtility: deleteOutOfSyncMessages : not able to find the syncFrom syncServertimeStamp
02-13 20:00:40.399  5935  6497 E ImsAdaptorImpl: setSSACInfo : ImsAdaptorImpl.
02-13 20:00:40.400  6324  6593 E EPDG -- SIM0 [RILRECEIVER]: Incorrect EpdgIilIpcMessage IPC Message -- not initialized
02-13 20:00:40.414  5935  6497 E ImsAdaptorImpl: setSSACInfo : ImsAdaptorImpl.
02-13 20:00:40.416  6324  6593 E EPDG -- SIM0 [RILRECEIVER]: Incorrect EpdgIilIpcMessage IPC Message -- not initialized
02-13 20:00:40.418  6324  6593 E EPDG -- SIM0 [RILRECEIVER]: RX [NET_REGIST] -- RESPONSE -- not initialized
02-13 20:01:49.923 28396 28396 E Zygote  : isWhitelistProcess - Process is Whitelisted
02-13 20:01:49.927 28396 28396 E Zygote  : accessInfo : 1
02-13 20:01:49.949 28396 28396 E d.nfc:QuickTil: Not starting debugger since process cannot load the jdwp agent.
02-13 20:01:58.395  6324  6593 E EPDG -- SIM0 [RILRECEIVER]: Incorrect EpdgIilIpcMessage IPC Message -- not initialized
02-13 20:01:58.399  5935  6497 E ImsAdaptorImpl: setSSACInfo : ImsAdaptorImpl.
02-13 20:01:58.412  6324  6593 E EPDG -- SIM0 [RILRECEIVER]: Incorrect EpdgIilIpcMessage IPC Message -- not initialized
02-13 20:01:58.414  5935  6497 E ImsAdaptorImpl: setSSACInfo : ImsAdaptorImpl.
02-13 20:01:58.415  6324  6593 E EPDG -- SIM0 [RILRECEIVER]: RX [NET_REGIST] -- RESPONSE -- not initialized
02-13 20:02:12.555  6324  6593 E EPDG -- SIM0 [RILRECEIVER]: Incorrect EpdgIilIpcMessage IPC Message -- not initialized
02-13 20:02:12.558  5935  6497 E ImsAdaptorImpl: setSSACInfo : ImsAdaptorImpl.
02-13 20:02:12.570  5935  6497 E ImsAdaptorImpl: setSSACInfo : ImsAdaptorImpl.
02-13 20:02:12.575  6324  6593 E EPDG -- SIM0 [RILRECEIVER]: Incorrect EpdgIilIpcMessage IPC Message -- not initialized
02-13 20:02:12.577  6324  6593 E EPDG -- SIM0 [RILRECEIVER]: RX [NET_REGIST] -- RESPONSE -- not initialized
02-13 20:02:13.353  6324  6593 E EPDG -- SIM0 [RILRECEIVER]: Incorrect EpdgIilIpcMessage IPC Message -- not initialized
02-13 20:02:13.359  5935  6497 E ImsAdaptorImpl: setSSACInfo : ImsAdaptorImpl.
02-13 20:02:13.368  5935  6497 E ImsAdaptorImpl: setSSACInfo : ImsAdaptorImpl.
02-13 20:02:13.368  6324  6593 E EPDG -- SIM0 [RILRECEIVER]: Incorrect EpdgIilIpcMessage IPC Message -- not initialized
02-13 20:02:13.371  6324  6593 E EPDG -- SIM0 [RILRECEIVER]: RX [NET_REGIST] -- RESPONSE -- not initialized
02-13 20:02:17.672  6324  6593 E EPDG -- SIM0 [RILRECEIVER]: Incorrect EpdgIilIpcMessage IPC Message -- not initialized
02-13 20:02:17.676  5935  6497 E ImsAdaptorImpl: setSSACInfo : ImsAdaptorImpl.
02-13 20:02:17.688  6324  6593 E EPDG -- SIM0 [RILRECEIVER]: Incorrect EpdgIilIpcMessage IPC Message -- not initialized
02-13 20:02:17.689  5935  6497 E ImsAdaptorImpl: setSSACInfo : ImsAdaptorImpl.
02-13 20:02:17.694  6324  6593 E EPDG -- SIM0 [RILRECEIVER]: RX [NET_REGIST] -- RESPONSE -- not initialized
02-13 20:02:19.034  6324  6593 E EPDG -- SIM0 [RILRECEIVER]: Incorrect EpdgIilIpcMessage IPC Message -- not initialized
02-13 20:02:19.036  5935  6497 E ImsAdaptorImpl: setSSACInfo : ImsAdaptorImpl.
02-13 20:02:19.050  5935  6497 E ImsAdaptorImpl: setSSACInfo : ImsAdaptorImpl.
02-13 20:02:19.054  6324  6593 E EPDG -- SIM0 [RILRECEIVER]: Incorrect EpdgIilIpcMessage IPC Message -- not initialized
02-13 20:02:19.055  6324  6593 E EPDG -- SIM0 [RILRECEIVER]: RX [NET_REGIST] -- RESPONSE -- not initialized
02-13 20:02:23.597  6324  6593 E EPDG -- SIM0 [RILRECEIVER]: Incorrect EpdgIilIpcMessage IPC Message -- not initialized
02-13 20:02:23.600  5935  6497 E ImsAdaptorImpl: setSSACInfo : ImsAdaptorImpl.
02-13 20:02:23.612  6324  6593 E EPDG -- SIM0 [RILRECEIVER]: Incorrect EpdgIilIpcMessage IPC Message -- not initialized
02-13 20:02:23.614  5935  6497 E ImsAdaptorImpl: setSSACInfo : ImsAdaptorImpl.
02-13 20:02:23.615  6324  6593 E EPDG -- SIM0 [RILRECEIVER]: RX [NET_REGIST] -- RESPONSE -- not initialized
02-13 20:02:27.178  6324  6593 E EPDG -- SIM0 [RILRECEIVER]: Incorrect EpdgIilIpcMessage IPC Message -- not initialized
02-13 20:02:27.182  5935  6497 E ImsAdaptorImpl: setSSACInfo : ImsAdaptorImpl.
02-13 20:02:27.195  6324  6593 E EPDG -- SIM0 [RILRECEIVER]: Incorrect EpdgIilIpcMessage IPC Message -- not initialized
02-13 20:02:27.196  5935  6497 E ImsAdaptorImpl: setSSACInfo : ImsAdaptorImpl.
02-13 20:02:27.200  6324  6593 E EPDG -- SIM0 [RILRECEIVER]: RX [NET_REGIST] -- RESPONSE -- not initialized
02-13 20:02:30.375  6324  6593 E EPDG -- SIM0 [RILRECEIVER]: Incorrect EpdgIilIpcMessage IPC Message -- not initialized
02-13 20:02:30.379  5935  6497 E ImsAdaptorImpl: setSSACInfo : ImsAdaptorImpl.
02-13 20:02:30.392  6324  6593 E EPDG -- SIM0 [RILRECEIVER]: Incorrect EpdgIilIpcMessage IPC Message -- not initialized
02-13 20:02:30.394  6324  6593 E EPDG -- SIM0 [RILRECEIVER]: RX [NET_REGIST] -- RESPONSE -- not initialized
02-13 20:02:30.395  5935  6497 E ImsAdaptorImpl: setSSACInfo : ImsAdaptorImpl.
02-13 20:02:32.974 24710 26181 E SQLiteCastStore: Skip saving CastDeviceInfo: " " (__cast_nearby___V_214b9639-a8b7-4b1a-bca3-fd762fda75bc)
02-13 20:02:36.647  5370 25017 E IptablesRestoreController: [iptables debug]iptables-restore execute *filter
02-13 20:02:36.647  5370 25017 E IptablesRestoreController: -nvx -L tetherctrl_counters
02-13 20:02:36.647  5370 25017 E IptablesRestoreController: COMMIT
02-13 20:02:36.651  5370 25017 E IptablesRestoreController: [iptables debug]iptables-restore execute done *filter
02-13 20:02:36.651  5370 25017 E IptablesRestoreController: -nvx -L tetherctrl_counters
02-13 20:02:36.651  5370 25017 E IptablesRestoreController: COMMIT
02-13 20:02:36.651  5370 25017 E IptablesRestoreController: , res : 0
02-13 20:02:36.651  5370 25017 E IptablesRestoreController: [iptables debug]iptables-restore execute *filter
02-13 20:02:36.651  5370 25017 E IptablesRestoreController: -nvx -L tetherctrl_counters
02-13 20:02:36.651  5370 25017 E IptablesRestoreController: COMMIT
02-13 20:02:36.653  5370 25017 E IptablesRestoreController: [iptables debug]iptables-restore execute done *filter
02-13 20:02:36.653  5370 25017 E IptablesRestoreController: -nvx -L tetherctrl_counters
02-13 20:02:36.653  5370 25017 E IptablesRestoreController: COMMIT
02-13 20:02:36.653  5370 25017 E IptablesRestoreController: , res : 0
02-13 20:02:36.672  5370  5459 E Netd    : getNetworkForDns: getNetId from enterpriseCtrl is netid 0
02-13 20:02:36.759 28434 28434 E Zygote  : isWhitelistProcess - Process is Whitelisted
02-13 20:02:36.763 28434 28434 E Zygote  : accessInfo : 1
02-13 20:02:36.779 28434 28434 E d.game.gamehom: Not starting debugger since process cannot load the jdwp agent.
02-13 20:02:37.198 28434 28434 E GameLauncher: [(UpdatePlayLogDataTask.kt:81):checkCalcLogicSkipCondition$domain_release] TNC not agreed
02-13 20:02:37.200 28434 28434 E GameLauncher: [(Resource.kt:18):error$default] -> [(Resource.kt:19):error] RESOURCE RESULT ERROR TYPE : TNC_NOT_AGREED
02-13 20:02:37.201 28434 28434 E GameLauncher: [(UseCase.kt:125):invoke] UpdatePlayLogDataTask[PlayLogUpdateWork:17] ERROR  ----> result Resource ERROR TNC_NOT_AGREED
02-13 20:02:37.203 28434 28434 E GameLauncher: [(UseCaseExt.kt:738):onChanged] ERROR
02-13 20:02:37.204 28434 28434 E GameLauncher: [(UseCaseExt.kt:724):invoke] -> [(Resource.kt:19):error] RESOURCE RESULT ERROR TYPE : TNC_NOT_AGREED
02-13 20:02:37.209 28434 28434 E GameLauncher: [(Resource.kt:18):error$default] -> [(Resource.kt:19):error] RESOURCE RESULT ERROR TYPE : NONE
02-13 20:02:37.210 28434 28434 E GameLauncher: [(UseCase.kt:125):invoke] SendPackageTotalUsageTimeTask[LiveDataExtKt$observeResultOnce$1:17] ERROR  ----> result Resource ERROR NONE
02-13 20:02:51.796 25280 28484 E SQLiteLog: (10) POSIX Error : 9 SQLite Error : 3850
02-13 20:02:51.796 25280 28484 E SQLiteLog: (10) LOCK : Getting pending lock for (4) failed due to (9). The current owner is (-989624952).
02-13 20:02:51.806 25280 28484 E SQLiteLog: (10) POSIX Error : 9 SQLite Error : 3850
02-13 20:02:51.806 25280 28484 E SQLiteLog: (10) LOCK : Getting pending lock for (4) failed due to (9). The current owner is (-989624952).
02-13 20:02:52.714 25280 28488 E SQLiteLog: (10) POSIX Error : 9 SQLite Error : 3850
02-13 20:02:52.714 25280 28488 E SQLiteLog: (10) LOCK : Getting pending lock for (4) failed due to (9). The current owner is (-1000356472).
02-13 20:02:52.726 25280 28488 E SQLiteLog: (10) POSIX Error : 9 SQLite Error : 3850
02-13 20:02:52.726 25280 28488 E SQLiteLog: (10) LOCK : Getting pending lock for (4) failed due to (9). The current owner is (-1000356472).
02-13 20:03:21.737  3361  3361 E Sensors : inject_scontext_data: New ssp_data_injection_fd(29)
02-13 20:03:21.764  3361  4018 E Sensors : inject_scontext_data: New ssp_data_injection_fd(29)
--------- beginning of system
02-13 20:03:39.447  5373  5473 E storaged: getDiskStats failed with result NOT_SUPPORTED and size 0
02-13 20:03:48.526 28506 28506 E Zygote  : isWhitelistProcess - Process is Whitelisted
02-13 20:03:48.529 28506 28506 E Zygote  : accessInfo : 1
02-13 20:03:48.549 28506 28506 E oid.app.shealt: Not starting debugger since process cannot load the jdwp agent.
02-13 20:03:49.948 28560 28560 E Zygote  : isWhitelistProcess - Process is Whitelisted
02-13 20:03:49.950 28560 28560 E Zygote  : accessInfo : 1
02-13 20:03:49.957  5606  6124 E Watchdog: !@Sync 7849 [2021-02-13 20:03:49.957] FD count : 582
02-13 20:03:49.966 28560 28560 E .app.aodservic: Not starting debugger since process cannot load the jdwp agent.
02-13 20:03:51.804  5606  6099 E BartenderActivityManager: BarTender: pid : 12530 cached=true abnormal=false kill=false stay=false release=false
02-13 20:03:51.808  5606  6099 E BartenderActivityManager: BarTender: pid : 12212 cached=true abnormal=false kill=false stay=false release=false
02-13 20:03:51.810  5606  6099 E BartenderActivityManager: BarTender: pid : 12473 cached=true abnormal=false kill=false stay=false release=false
02-13 20:04:00.002  5606  5794 E AlarmManager: Set nextNonWakeup as mNextNonWakeupDeliveryTime=617195792 , orig nextNonWakeup=0
02-13 20:04:19.453  5606  5657 E PackageManager: Failed to find package; permName: android.permission.INTERNET, uid: 9510241, caller: 1000
02-13 20:04:19.455  5606  5657 E PackageManager: Failed to find package; permName: android.permission.INTERNET, uid: 9510241, caller: 1000
02-13 20:04:19.529 20979 21752 E WakeLock: GCM_HB_ALARM release without a matched acquire!
02-13 20:04:19.973  5606  6124 E Watchdog: !@Sync 7850 [2021-02-13 20:04:19.973] FD count : 582
02-13 20:04:29.496  5606  5655 E PackageManager: Failed to find package; permName: android.permission.INTERNET, uid: 9510241, caller: 1000
02-13 20:04:29.496  5606  5655 E PackageManager: Failed to find package; permName: android.permission.INTERNET, uid: 9510241, caller: 1000
02-13 20:04:39.449  5373  5473 E storaged: getDiskStats failed with result NOT_SUPPORTED and size 0
02-13 20:04:49.591  5606  6230 E BartenderActivityManager: BarTender: pid : 12530 cached=true abnormal=false kill=false stay=false release=false
02-13 20:04:49.601  5606  6230 E BartenderActivityManager: BarTender: pid : 12212 cached=true abnormal=false kill=false stay=false release=false
02-13 20:04:49.608  5606  6230 E BartenderActivityManager: BarTender: pid : 12473 cached=true abnormal=false kill=false stay=false release=false
02-13 20:04:49.991  5606  6124 E Watchdog: !@Sync 7851 [2021-02-13 20:04:49.991] FD count : 582
02-13 20:05:00.015  5606  5794 E AlarmManager: No more alarm at this time. nowELAPSED=615905805 batch.start=616061281 mNextWakeup=616061281 mNextNonWakeup=615905792 mAlarmBatches.size=113
02-13 20:05:00.016  5606  5794 E AlarmManager: Batch 1 size = 1 : 616061281, Batch 2 size = 4 : 616061993, Batch 3 size = 1 : 616067527
02-13 20:05:00.016  5606  5794 E AlarmManager: No more alarm at this time. mNextWakeup will be set as zero : 616061281
02-13 20:05:00.043 28613 28613 E Zygote  : isWhitelistProcess - Process is Whitelisted
02-13 20:05:00.047 28613 28613 E Zygote  : accessInfo : 1
02-13 20:05:00.083 28613 28613 E ua.slando: Not starting debugger since process cannot load the jdwp agent.
02-13 20:05:00.103 28623 28623 E Zygote  : isWhitelistProcess - Process is Whitelisted
02-13 20:05:00.105 28623 28623 E Zygote  : accessInfo : 1
02-13 20:05:00.123 28623 28623 E .apps.turbo:aa: Not starting debugger since process cannot load the jdwp agent.
02-13 20:05:00.975  5370  5459 E Netd    : getNetworkForDns: getNetId from enterpriseCtrl is netid 0
02-13 20:05:00.976  5370  5459 E Netd    : getNetworkForDns: getNetId from enterpriseCtrl is netid 0
02-13 20:05:00.977  5370  5459 E Netd    : getNetworkForDns: getNetId from enterpriseCtrl is netid 0
02-13 20:05:01.133  5370  5459 E Netd    : getNetworkForDns: getNetId from enterpriseCtrl is netid 0
02-13 20:05:02.532  5370  5459 E Netd    : getNetworkForDns: getNetId from enterpriseCtrl is netid 0
02-13 20:05:03.143  3361  3581 E Sensors : Sensor : Meta event
02-13 20:05:03.487  5370  5459 E Netd    : getNetworkForDns: getNetId from enterpriseCtrl is netid 0
02-13 20:05:03.488  5370  5459 E Netd    : getNetworkForDns: getNetId from enterpriseCtrl is netid 0
02-13 20:05:03.492  5370  5459 E Netd    : getNetworkForDns: getNetId from enterpriseCtrl is netid 0
02-13 20:05:03.645  5606  6230 E PackageManager: Failed to find package; permName: android.permission.INTERNET, uid: 99645, caller: 1000
02-13 20:05:03.675 28802 28802 E Zygote  : accessInfo : 0
02-13 20:05:03.709 28802 28802 E dboxed_process: Not starting debugger since process cannot load the jdwp agent.
02-13 20:05:04.083  5370  5459 E Netd    : getNetworkForDns: getNetId from enterpriseCtrl is netid 0
02-13 20:05:04.272  5370  5459 E Netd    : getNetworkForDns: getNetId from enterpriseCtrl is netid 0
02-13 20:05:04.635  5370  5459 E Netd    : getNetworkForDns: getNetId from enterpriseCtrl is netid 0
02-13 20:05:20.011  5606  6124 E Watchdog: !@Sync 7852 [2021-02-13 20:05:20.011] FD count : 674
02-13 20:05:30.119  5606  6028 E BartenderActivityManager: BarTender: pid : 12530 cached=true abnormal=false kill=false stay=false release=false
02-13 20:05:30.129  5606  6028 E BartenderActivityManager: BarTender: pid : 12212 cached=true abnormal=false kill=false stay=false release=false
02-13 20:05:30.137  5606  6028 E BartenderActivityManager: BarTender: pid : 12473 cached=true abnormal=false kill=false stay=false release=false
02-13 20:05:33.394  5606  8120 E BartenderActivityManager: BarTender: pid : 27781 cached=true abnormal=false kill=false stay=false release=false
02-13 20:05:34.563  5606  8120 E BartenderActivityManager: BarTender: pid : 28802 cached=true abnormal=false kill=false stay=false release=false
02-13 20:05:34.577  5606  8120 E BartenderActivityManager: BarTender: pid : 28613 cached=true abnormal=false kill=false stay=false release=false
02-13 20:05:39.452  5373  5473 E storaged: getDiskStats failed with result NOT_SUPPORTED and size 0
02-13 20:05:44.138  5606  7390 E BartenderActivityManager: BarTender: pid : 27414 cached=true abnormal=false kill=false stay=false release=false
02-13 20:05:44.627  5606  7390 E BartenderActivityManager: BarTender: pid : 27928 cached=true abnormal=false kill=false stay=false release=false
02-13 20:05:49.937 28880 28880 E Zygote  : isWhitelistProcess - Process is Whitelisted
02-13 20:05:49.941 28880 28880 E Zygote  : accessInfo : 1
02-13 20:05:49.961 28880 28880 E .smartmirrorin: Not starting debugger since process cannot load the jdwp agent.
02-13 20:05:50.022  5606  6124 E Watchdog: !@Sync 7853 [2021-02-13 20:05:50.021] FD count : 674
02-13 20:05:50.092  5370  5469 E IptablesRestoreController: [iptables debug]iptables-restore execute *filter
02-13 20:05:50.092  5370  5469 E IptablesRestoreController: -A fw_standby_uid -m owner --uid-owner 10062 -j DROP
02-13 20:05:50.092  5370  5469 E IptablesRestoreController: COMMIT
02-13 20:05:50.107  5370  5469 E IptablesRestoreController: [iptables debug]iptables-restore execute done *filter
02-13 20:05:50.107  5370  5469 E IptablesRestoreController: -A fw_standby_uid -m owner --uid-owner 10062 -j DROP
02-13 20:05:50.107  5370  5469 E IptablesRestoreController: COMMIT
02-13 20:05:50.107  5370  5469 E IptablesRestoreController: , res : 0
02-13 20:05:53.634  5606  8120 E BartenderActivityManager: BarTender: pid : 27538 cached=true abnormal=false kill=false stay=false release=false
02-13 20:05:53.641  5606  8120 E BartenderActivityManager: BarTender: pid : 28623 cached=true abnormal=false kill=false stay=false release=false
02-13 20:06:00.444 28907 28907 E Zygote  : accessInfo : 1
02-13 20:06:00.477 28907 28907 E gle.android.gm: Not starting debugger since process cannot load the jdwp agent.
02-13 20:06:00.801 28926 28926 E Zygote  : accessInfo : 1
02-13 20:06:00.816 28926 28926 E ocess.gservice: Not starting debugger since process cannot load the jdwp agent.
02-13 20:06:02.304  5370  5459 E Netd    : getNetworkForDns: getNetId from enterpriseCtrl is netid 0
02-13 20:06:20.031  5606  6124 E Watchdog: !@Sync 7854 [2021-02-13 20:06:20.031] FD count : 674
02-13 20:06:23.687  5606  5663 E BatteryExternalStatsWorker: no controller energy info supplied for bluetooth
02-13 20:06:26.793 28995 28995 E Zygote  : isWhitelistProcess - Process is Whitelisted
02-13 20:06:26.796 28995 28995 E Zygote  : accessInfo : 1
02-13 20:06:26.816 28995 28995 E oid.samsungpas: Not starting debugger since process cannot load the jdwp agent.
02-13 20:06:27.337  3257  3257 E ServiceManager: add_service('com.samsung.android.pass.IPassService',118) uid=1201 - ALREADY REGISTERED, OVERRIDE
02-13 20:06:30.139  5606  8120 E BartenderActivityManager: BarTender: pid : 12530 cached=true abnormal=false kill=false stay=false release=false
02-13 20:06:30.150  5606  8120 E BartenderActivityManager: BarTender: pid : 12212 cached=true abnormal=false kill=false stay=false release=false
02-13 20:06:30.158  5606  8120 E BartenderActivityManager: BarTender: pid : 12473 cached=true abnormal=false kill=false stay=false release=false
02-13 20:06:35.674  6324  6593 E EPDG -- SIM0 [RILRECEIVER]: Incorrect EpdgIilIpcMessage IPC Message -- not initialized
02-13 20:06:35.682  5935  6497 E ImsAdaptorImpl: setSSACInfo : ImsAdaptorImpl.
02-13 20:06:35.693  5935  6497 E ImsAdaptorImpl: setSSACInfo : ImsAdaptorImpl.
02-13 20:06:35.693  6324  6593 E EPDG -- SIM0 [RILRECEIVER]: Incorrect EpdgIilIpcMessage IPC Message -- not initialized
02-13 20:06:35.695  6324  6593 E EPDG -- SIM0 [RILRECEIVER]: RX [NET_REGIST] -- RESPONSE -- not initialized
02-13 20:06:36.316  6324  6593 E EPDG -- SIM0 [RILRECEIVER]: Incorrect EpdgIilIpcMessage IPC Message -- not initialized
02-13 20:06:36.319  5935  6497 E ImsAdaptorImpl: setSSACInfo : ImsAdaptorImpl.
02-13 20:06:36.332  6324  6593 E EPDG -- SIM0 [RILRECEIVER]: Incorrect EpdgIilIpcMessage IPC Message -- not initialized
02-13 20:06:36.335  5935  6497 E ImsAdaptorImpl: setSSACInfo : ImsAdaptorImpl.
02-13 20:06:36.338  6324  6593 E EPDG -- SIM0 [RILRECEIVER]: RX [NET_REGIST] -- RESPONSE -- not initialized
02-13 20:06:39.454  5373  5473 E storaged: getDiskStats failed with result NOT_SUPPORTED and size 0
02-13 20:06:45.076  6324  6593 E EPDG -- SIM0 [RILRECEIVER]: Incorrect EpdgIilIpcMessage IPC Message -- not initialized
02-13 20:06:45.084  5935  6497 E ImsAdaptorImpl: setSSACInfo : ImsAdaptorImpl.
02-13 20:06:45.095  5935  6497 E ImsAdaptorImpl: setSSACInfo : ImsAdaptorImpl.
02-13 20:06:45.095  6324  6593 E EPDG -- SIM0 [RILRECEIVER]: Incorrect EpdgIilIpcMessage IPC Message -- not initialized
02-13 20:06:45.103  6324  6593 E EPDG -- SIM0 [RILRECEIVER]: RX [NET_REGIST] -- RESPONSE -- not initialized
02-13 20:06:49.986  5606  6259 E BartenderActivityManager: BarTender: pid : 28880 cached=true abnormal=false kill=false stay=false release=false
02-13 20:06:50.048  5606  6124 E Watchdog: !@Sync 7855 [2021-02-13 20:06:50.048] FD count : 584
02-13 20:06:57.469  5606  6414 E BartenderActivityManager: BarTender: pid : 28995 cached=true abnormal=false kill=false stay=false release=false
02-13 20:07:00.067 29057 29057 E Zygote  : isWhitelistProcess - Process is Whitelisted
02-13 20:07:00.070 29057 29057 E Zygote  : accessInfo : 1
02-13 20:07:00.098 29057 29057 E le.CoursePlaye: Not starting debugger since process cannot load the jdwp agent.
02-13 20:07:01.720  3266  3266 E keymaster_tee: [ERROR]: (nwd_keymaster_tc_api.c:1917) KM_TZRunCommand returned -28
02-13 20:07:01.820  3266  3266 E keymaster_tee: [ERROR]: (nwd_keymaster_tc_api.c:1917) KM_TZRunCommand returned -28
02-13 20:07:01.912  3266  3266 E keymaster_tee: [ERROR]: (nwd_keymaster_tc_api.c:1917) KM_TZRunCommand returned -28
02-13 20:07:02.000  3266  3266 E keymaster_tee: [ERROR]: (nwd_keymaster_tc_api.c:1917) KM_TZRunCommand returned -28
02-13 20:07:02.163  5370  5459 E Netd    : getNetworkForDns: getNetId from enterpriseCtrl is netid 0
02-13 20:07:02.266  5370  5459 E Netd    : getNetworkForDns: getNetId from enterpriseCtrl is netid 0
02-13 20:07:02.268 29057 29091 E FirebaseCrashlytics: Settings request failed.
02-13 20:07:15.295  5606  6028 E BartenderActivityManager: BarTender: pid : 27384 cached=true abnormal=false kill=false stay=false release=false
02-13 20:07:15.305  5606  6028 E BartenderActivityManager: BarTender: pid : 14557 cached=true abnormal=false kill=false stay=false release=false
02-13 20:07:20.068  5606  6124 E Watchdog: !@Sync 7856 [2021-02-13 20:07:20.067] FD count : 584
02-13 20:07:30.171  5606  7389 E BartenderActivityManager: BarTender: pid : 12530 cached=true abnormal=false kill=false stay=false release=false
02-13 20:07:30.188  5606  7389 E BartenderActivityManager: BarTender: pid : 12212 cached=true abnormal=false kill=false stay=false release=false
02-13 20:07:30.195  5606  7389 E BartenderActivityManager: BarTender: pid : 12473 cached=true abnormal=false kill=false stay=false release=false
02-13 20:07:32.627  5606  8028 E BartenderActivityManager: BarTender: pid : 29057 cached=true abnormal=false kill=false stay=false release=false
02-13 20:07:32.967 24710 26181 E SQLiteCastStore: Skip saving CastDeviceInfo: " " (__cast_nearby___V_214b9639-a8b7-4b1a-bca3-fd762fda75bc)
02-13 20:07:36.300 29163 29163 E Zygote  : isWhitelistProcess - Process is Whitelisted
02-13 20:07:36.303 29163 29163 E Zygote  : accessInfo : 1
02-13 20:07:36.323 29163 29163 E droid.apps.doc: Not starting debugger since process cannot load the jdwp agent.
02-13 20:07:36.943 25280 29227 E SQLiteLog: (10) POSIX Error : 9 SQLite Error : 3850
02-13 20:07:36.944 25280 29227 E SQLiteLog: (10) LOCK : Getting pending lock for (4) failed due to (9). The current owner is (-989624952).
02-13 20:07:36.951 25280 29227 E SQLiteLog: (10) POSIX Error : 9 SQLite Error : 3850
02-13 20:07:36.951 25280 29227 E SQLiteLog: (10) LOCK : Getting pending lock for (4) failed due to (9). The current owner is (-989624952).
02-13 20:07:37.142 29163 29181 E NotificationAccessor: Cannot delete notification channel. Channel not found.
02-13 20:07:37.143 29163 29181 E NotificationAccessor: Cannot delete notification channel. Channel not found.
02-13 20:07:37.144 29163 29181 E NotificationAccessor: Cannot delete notification channel. Channel not found.
02-13 20:07:37.146 29163 29181 E NotificationAccessor: Cannot delete notification channel. Channel not found.
02-13 20:07:37.405  5370  5459 E Netd    : getNetworkForDns: getNetId from enterpriseCtrl is netid 0
02-13 20:07:37.438 25280 29253 E SQLiteLog: (10) POSIX Error : 9 SQLite Error : 3850
02-13 20:07:37.439 25280 29253 E SQLiteLog: (10) LOCK : Getting pending lock for (4) failed due to (9). The current owner is (-1000356472).
02-13 20:07:37.445 25280 29253 E SQLiteLog: (10) POSIX Error : 9 SQLite Error : 3850
02-13 20:07:37.445 25280 29253 E SQLiteLog: (10) LOCK : Getting pending lock for (4) failed due to (9). The current owner is (-1000356472).
02-13 20:07:37.620 29163 29192 E CelloDelayUploadFixer: [RxCachedThreadScheduler-3] Cleanup delay upload complete
02-13 20:07:39.458  5373  5473 E storaged: getDiskStats failed with result NOT_SUPPORTED and size 0
02-13 20:07:39.787 24768 27367 E rs$DefaultThreadFactory: ===== Detect pool-thread leak =====
02-13 20:07:39.788 24768 27367 E rs$DefaultThreadFactory: dalvik.system.VMStack.getThreadStackTrace(Native Method)
02-13 20:07:39.788 24768 27367 E rs$DefaultThreadFactory: java.lang.Thread.getStackTrace(Thread.java:1538)
02-13 20:07:39.788 24768 27367 E rs$DefaultThreadFactory: java.util.concurrent.Executors$DefaultThreadFactory.newThread(Executors.java:569)
02-13 20:07:39.788 24768 27367 E rs$DefaultThreadFactory: tqo.newThread(:com.google.android.gms@210214028@21.02.14 (100400-352619232):0)
02-13 20:07:39.788 24768 27367 E rs$DefaultThreadFactory: java.util.concurrent.ThreadPoolExecutor$Worker.<init>(ThreadPoolExecutor.java:636)
02-13 20:07:39.788 24768 27367 E rs$DefaultThreadFactory: java.util.concurrent.ThreadPoolExecutor.addWorker(ThreadPoolExecutor.java:950)
02-13 20:07:39.788 24768 27367 E rs$DefaultThreadFactory: java.util.concurrent.ThreadPoolExecutor.execute(ThreadPoolExecutor.java:1393)
02-13 20:07:39.789 24768 27367 E rs$DefaultThreadFactory: tkt.e(:com.google.android.gms@210214028@21.02.14 (100400-352619232):5)
02-13 20:07:39.789 24768 27367 E rs$DefaultThreadFactory: tkt.execute(:com.google.android.gms@210214028@21.02.14 (100400-352619232):2)
02-13 20:07:39.789 24768 27367 E rs$DefaultThreadFactory: abbv.a(:com.google.android.gms@210214028@21.02.14 (100400-352619232):0)
02-13 20:07:39.789 24768 27367 E rs$DefaultThreadFactory: abbv.run(:com.google.android.gms@210214028@21.02.14 (100400-352619232):12)
02-13 20:07:39.789 24768 27367 E rs$DefaultThreadFactory: bqnc.run(:com.google.android.gms@210214028@21.02.14 (100400-352619232):2)
02-13 20:07:39.789 24768 27367 E rs$DefaultThreadFactory: tks.c(:com.google.android.gms@210214028@21.02.14 (100400-352619232):6)
02-13 20:07:39.789 24768 27367 E rs$DefaultThreadFactory: tks.run(:com.google.android.gms@210214028@21.02.14 (100400-352619232):8)
02-13 20:07:39.789 24768 27367 E rs$DefaultThreadFactory: java.util.concurrent.ThreadPoolExecutor.runWorker(ThreadPoolExecutor.java:1167)
02-13 20:07:39.789 24768 27367 E rs$DefaultThreadFactory: java.util.concurrent.ThreadPoolExecutor$Worker.run(ThreadPoolExecutor.java:641)
02-13 20:07:39.789 24768 27367 E rs$DefaultThreadFactory: tqp.run(:com.google.android.gms@210214028@21.02.14 (100400-352619232):0)
02-13 20:07:39.789 24768 27367 E rs$DefaultThreadFactory: java.lang.Thread.run(Thread.java:764)
02-13 20:07:46.877  5606  5655 E system_server: No package ID 7f found for ID 0x7f080267.
02-13 20:07:46.895  5606  5655 E system_server: No package ID 7f found for ID 0x7f1304f1.
02-13 20:07:46.895  5606  5655 E system_server: No package ID 7f found for ID 0x7f1304f1.
02-13 20:07:46.895  5606  5655 E system_server: No package ID 7f found for ID 0x7f080263.
02-13 20:07:46.895  5606  5655 E system_server: No package ID 7f found for ID 0x7f1304ef.
02-13 20:07:46.896  5606  5655 E system_server: No package ID 7f found for ID 0x7f1304ef.
02-13 20:07:46.896  5606  5655 E system_server: No package ID 7f found for ID 0x7f080265.
02-13 20:07:46.896  5606  5655 E system_server: No package ID 7f found for ID 0x7f1304f0.
02-13 20:07:46.897  5606  5655 E system_server: No package ID 7f found for ID 0x7f1304f0.
02-13 20:07:50.089  5606  6124 E Watchdog: !@Sync 7857 [2021-02-13 20:07:50.089] FD count : 674
02-13 20:08:00.002  5606  5794 E AlarmManager: Set nextNonWakeup as mNextNonWakeupDeliveryTime=617435792 , orig nextNonWakeup=0
02-13 20:08:12.060  5606  5834 E BartenderActivityManager: BarTender: pid : 29163 cached=true abnormal=false kill=false stay=false release=false
02-13 20:08:17.290  5606  5834 E BartenderActivityManager: BarTender: pid : 27414 cached=true abnormal=false kill=false stay=false release=false
02-13 20:08:17.593 29471 29471 E Zygote  : isWhitelistProcess - Process is Whitelisted
02-13 20:08:17.596 29471 29471 E Zygote  : accessInfo : 1
02-13 20:08:17.623 29471 29471 E tworkdiagnosti: Not starting debugger since process cannot load the jdwp agent.
02-13 20:08:17.638 29481 29481 E Zygote  : isWhitelistProcess - Process is Whitelisted
02-13 20:08:17.641 29481 29481 E Zygote  : accessInfo : 1
02-13 20:08:17.680 29481 29481 E android.youtub: Not starting debugger since process cannot load the jdwp agent.
02-13 20:08:17.820  5606  6259 E BartenderActivityManager: BarTender: pid : 27928 cached=true abnormal=false kill=false stay=false release=false
02-13 20:08:17.865 29503 29503 E Zygote  : isWhitelistProcess - Process is Whitelisted
02-13 20:08:17.868 29503 29503 E Zygote  : accessInfo : 1
02-13 20:08:17.888 29471 29471 E ActivityThread: Failed to find provider info for com.sec.android.log.diagmonagent
02-13 20:08:17.896 29503 29503 E ndroid.gms:sne: Not starting debugger since process cannot load the jdwp agent.
02-13 20:08:17.897 29471 29471 E ActivityThread: Failed to find provider info for com.sec.android.log.diagmonagent
02-13 20:08:18.090 24768 17285 E rs$DefaultThreadFactory: ===== Detect pool-thread leak =====
02-13 20:08:18.097 24768 17285 E rs$DefaultThreadFactory: dalvik.system.VMStack.getThreadStackTrace(Native Method)
02-13 20:08:18.098 24768 17285 E rs$DefaultThreadFactory: java.lang.Thread.getStackTrace(Thread.java:1538)
02-13 20:08:18.098 24768 17285 E rs$DefaultThreadFactory: java.util.concurrent.Executors$DefaultThreadFactory.newThread(Executors.java:569)
02-13 20:08:18.098 24768 17285 E rs$DefaultThreadFactory: tqo.newThread(:com.google.android.gms@210214028@21.02.14 (100400-352619232):0)
02-13 20:08:18.098 24768 17285 E rs$DefaultThreadFactory: java.util.concurrent.ThreadPoolExecutor$Worker.<init>(ThreadPoolExecutor.java:636)
02-13 20:08:18.098 24768 17285 E rs$DefaultThreadFactory: java.util.concurrent.ThreadPoolExecutor.addWorker(ThreadPoolExecutor.java:950)
02-13 20:08:18.098 24768 17285 E rs$DefaultThreadFactory: java.util.concurrent.ThreadPoolExecutor.execute(ThreadPoolExecutor.java:1393)
02-13 20:08:18.098 24768 17285 E rs$DefaultThreadFactory: tkt.e(:com.google.android.gms@210214028@21.02.14 (100400-352619232):5)
02-13 20:08:18.098 24768 17285 E rs$DefaultThreadFactory: tkt.execute(:com.google.android.gms@210214028@21.02.14 (100400-352619232):2)
02-13 20:08:18.098 24768 17285 E rs$DefaultThreadFactory: bvsg.execute(:com.google.android.gms@210214028@21.02.14 (100400-352619232):6)
02-13 20:08:18.098 24768 17285 E rs$DefaultThreadFactory: bvqi.e(:com.google.android.gms@210214028@21.02.14 (100400-352619232):1)
02-13 20:08:18.098 24768 17285 E rs$DefaultThreadFactory: bvqj.s(:com.google.android.gms@210214028@21.02.14 (100400-352619232):0)
02-13 20:08:18.098 24768 17285 E rs$DefaultThreadFactory: bvpj.g(:com.google.android.gms@210214028@21.02.14 (100400-352619232):5)
02-13 20:08:18.100 24768 17285 E rs$DefaultThreadFactory: bvpg.run(:com.google.android.gms@210214028@21.02.14 (100400-352619232):4)
02-13 20:08:18.100 24768 17285 E rs$DefaultThreadFactory: bvqk.execute(:com.google.android.gms@210214028@21.02.14 (100400-352619232):0)
02-13 20:08:18.100 24768 17285 E rs$DefaultThreadFactory: bvpb.r(:com.google.android.gms@210214028@21.02.14 (100400-352619232):1)
02-13 20:08:18.100 24768 17285 E rs$DefaultThreadFactory: bvpb.a(:com.google.android.gms@210214028@21.02.14 (100400-352619232):5)
02-13 20:08:18.100 24768 17285 E rs$DefaultThreadFactory: bvpj.c(:com.google.android.gms@210214028@21.02.14 (100400-352619232):3)
