02-13 20:57:13.076  7638  7638 E SKBD    : 	at com.android.internal.policy.PhoneWindow.superDispatchTouchEvent(PhoneWindow.java:1879)
02-13 20:57:13.076  7638  7638 E SKBD    : 	at android.app.Dialog.dispatchTouchEvent(Dialog.java:1004)
02-13 20:57:13.076  7638  7638 E SKBD    : 	at android.inputmethodservice.SoftInputWindow.dispatchTouchEvent(SoftInputWindow.java:147)
02-13 20:57:13.076  7638  7638 E SKBD    : 	at com.android.internal.policy.DecorView.dispatchTouchEvent(DecorView.java:655)
02-13 20:57:13.076  7638  7638 E SKBD    : 	at android.view.View.dispatchPointerEvent(View.java:13739)
02-13 20:57:13.076  7638  7638 E SKBD    : 	at android.view.ViewRootImpl$ViewPostImeInputStage.processPointerEvent(ViewRootImpl.java:6119)
02-13 20:57:13.076  7638  7638 E SKBD    : 	at android.view.ViewRootImpl$ViewPostImeInputStage.onProcess(ViewRootImpl.java:5897)
02-13 20:57:13.076  7638  7638 E SKBD    : 	at android.view.ViewRootImpl$InputStage.deliver(ViewRootImpl.java:5346)
02-13 20:57:13.076  7638  7638 E SKBD    : 	at android.view.ViewRootImpl$InputStage.onDeliverToNext(ViewRootImpl.java:5399)
02-13 20:57:13.076  7638  7638 E SKBD    : 	at android.view.ViewRootImpl$InputStage.forward(ViewRootImpl.java:5365)
02-13 20:57:13.076  7638  7638 E SKBD    : 	at android.view.ViewRootImpl$AsyncInputStage.forward(ViewRootImpl.java:5524)
02-13 20:57:13.076  7638  7638 E SKBD    : 	at android.view.ViewRootImpl$InputStage.apply(ViewRootImpl.java:5373)
02-13 20:57:13.076  7638  7638 E SKBD    : 	at android.view.ViewRootImpl$AsyncInputStage.apply(ViewRootImpl.java:5581)
02-13 20:57:13.076  7638  7638 E SKBD    : 	at android.view.ViewRootImpl$InputStage.deliver(ViewRootImpl.java:5346)
02-13 20:57:13.076  7638  7638 E SKBD    : 	at android.view.ViewRootImpl$InputStage.onDeliverToNext(ViewRootImpl.java:5399)
02-13 20:57:13.076  7638  7638 E SKBD    : 	at android.view.ViewRootImpl$InputStage.forward(ViewRootImpl.java:5365)
02-13 20:57:13.076  7638  7638 E SKBD    : 	at android.view.ViewRootImpl$InputStage.apply(ViewRootImpl.java:5373)
02-13 20:57:13.076  7638  7638 E SKBD    : 	at android.view.ViewRootImpl$InputStage.deliver(ViewRootImpl.java:5346)
02-13 20:57:13.076  7638  7638 E SKBD    : 	at android.view.ViewRootImpl.deliverInputEvent(ViewRootImpl.java:8408)
02-13 20:57:13.076  7638  7638 E SKBD    : 	at android.view.ViewRootImpl.doProcessInputEvents(ViewRootImpl.java:8341)
02-13 20:57:13.076  7638  7638 E SKBD    : 	at android.view.ViewRootImpl.enqueueInputEvent(ViewRootImpl.java:8294)
02-13 20:57:13.076  7638  7638 E SKBD    : 	at android.view.ViewRootImpl$WindowInputEventReceiver.onInputEvent(ViewRootImpl.java:8523)
02-13 20:57:13.076  7638  7638 E SKBD    : 	at android.view.InputEventReceiver.dispatchInputEvent(InputEventReceiver.java:198)
02-13 20:57:13.076  7638  7638 E SKBD    : 	at android.os.MessageQueue.nativePollOnce(Native Method)
02-13 20:57:13.076  7638  7638 E SKBD    : 	at android.os.MessageQueue.next(MessageQueue.java:326)
02-13 20:57:13.076  7638  7638 E SKBD    : 	at android.os.Looper.loop(Looper.java:181)
02-13 20:57:13.076  7638  7638 E SKBD    : 	at android.app.ActivityThread.main(ActivityThread.java:7073)
02-13 20:57:13.076  7638  7638 E SKBD    : 	at java.lang.reflect.Method.invoke(Native Method)
02-13 20:57:13.076  7638  7638 E SKBD    : 	at com.android.internal.os.RuntimeInit$MethodAndArgsCaller.run(RuntimeInit.java:494)
02-13 20:57:13.076  7638  7638 E SKBD    : 	at com.android.internal.os.ZygoteInit.main(ZygoteInit.java:965)
02-13 20:57:13.088  7638  7638 E SKBDC   : SSTAC init()::current version is 2.11.02.U2.T1
02-13 20:57:13.088  7638  7638 E SKBDC   : SSTAC [init] mLanguageCode : 589872, tempLanguageCode : 589872, getPreloadLmLoadSuccessState() : 1
02-13 20:57:14.341  4909  4909 E Zygote  : isWhitelistProcess - Process is Whitelisted
02-13 20:57:14.343  4909  4909 E Zygote  : accessInfo : 1
02-13 20:57:14.356  4909  4909 E ung.faceservic: Not starting debugger since process cannot load the jdwp agent.
02-13 20:57:16.612  7638  7638 E SKBD    : bjy Dismiss keyPreviewView is null
02-13 20:57:17.699  7638  7638 E SKBD    : agy not release sticker resource because sticker is not running
02-13 20:57:17.765  5271  8048 E BufferQueueProducer: [InputMethod[7638]#0] disconnect: not connected (req=1)
02-13 20:57:19.660  3376  3777 E NativeSemDvfsCpuManager: release:: Start
02-13 20:57:19.661  3376  3777 E NativeSemDvfsCpuManager: release():: mIsAcquired = 1 , mName = CPU  , mTagName : AudioFlinger 
02-13 20:57:19.661  3376  3777 E NativeCustomFrequencyManager: [NativeCFMS] BpCustomFrequencyManager::releaseDVFSLock() 
02-13 20:57:19.661  3376  3777 E NativeSemDvfsCpuManager: release:: End
02-13 20:57:21.832  5606  6124 E Watchdog: !@Sync 7956 [2021-02-13 20:57:21.831] FD count : 584
02-13 20:57:22.740  5370  5459 E Netd    : getNetworkForDns: getNetId from enterpriseCtrl is netid 0
02-13 20:57:22.932  3361  3581 E Sensors : Sensor : Meta event
02-13 20:57:22.958  3361  3581 E Sensors : Sensor : Meta event
02-13 20:57:23.417  5271  5819 E BufferQueueProducer: [com.united.mobile.android/com.united.mobile.android.ui.main.MainActivity[4304]#1] disconnect: not connected (req=1)
02-13 20:57:23.527  4304  4304 E ViewRootImpl: sendUserActionEvent() returned.
02-13 20:57:26.843  5271  5272 E BufferQueueProducer: [com.united.mobile.android/com.united.mobile.android.ui.main.MainActivity[4304]#1] disconnect: not connected (req=1)
02-13 20:57:26.920  4304  4304 E ViewRootImpl: sendUserActionEvent() returned.
02-13 20:57:27.016  5606  5759 E WindowManager: win=Window{ff3dcfb u0 com.united.mobile.android/com.united.mobile.android.ui.main.MainActivity EXITING} destroySurfaces: appStopped=false win.mWindowRemovalAllowed=true win.mRemoveOnExit=true win.mViewVisibility=0 caller=com.android.server.wm.AppWindowToken.destroySurfaces:870 com.android.server.wm.AppWindowToken.destroySurfaces:851 com.android.server.wm.WindowState.onExitAnimationDone:5443 com.android.server.wm.WindowStateAnimator.onAnimationFinished:319 com.android.server.wm.WindowState.onAnimationFinished:5865 com.android.server.wm.-$$Lambda$yVRF8YoeNdTa8GR1wDStVsHu8xM.run:2 com.android.server.wm.SurfaceAnimator.lambda$getFinishedCallback$0:97 
02-13 20:57:30.073  5606  8116 E BartenderActivityManager: BarTender: pid : 12530 cached=true abnormal=false kill=false stay=false release=false
02-13 20:57:30.075  5606  8116 E BartenderActivityManager: BarTender: pid : 12212 cached=true abnormal=false kill=false stay=false release=false
02-13 20:57:30.077  5606  8116 E BartenderActivityManager: BarTender: pid : 12473 cached=true abnormal=false kill=false stay=false release=false
02-13 20:57:30.825  3361  3581 E Sensors : Sensor : Meta event
02-13 20:57:30.850  3361  3581 E Sensors : Sensor : Meta event
02-13 20:57:31.102  5271  5819 E BufferQueueProducer: [com.united.mobile.android/com.united.mobile.android.ui.main.MainActivity[4304]#1] disconnect: not connected (req=1)
02-13 20:57:31.210  4304  4304 E ViewRootImpl: sendUserActionEvent() returned.
02-13 20:57:32.487  5271  5272 E BufferQueueProducer: [com.united.mobile.android/com.united.mobile.android.ui.main.MainActivity[4304]#1] disconnect: not connected (req=1)
02-13 20:57:32.595  4304  4304 E ViewRootImpl: sendUserActionEvent() returned.
02-13 20:57:32.667  5606  5759 E WindowManager: win=Window{f00ac42 u0 com.united.mobile.android/com.united.mobile.android.ui.main.MainActivity EXITING} destroySurfaces: appStopped=false win.mWindowRemovalAllowed=true win.mRemoveOnExit=true win.mViewVisibility=0 caller=com.android.server.wm.AppWindowToken.destroySurfaces:870 com.android.server.wm.AppWindowToken.destroySurfaces:851 com.android.server.wm.WindowState.onExitAnimationDone:5443 com.android.server.wm.WindowStateAnimator.onAnimationFinished:319 com.android.server.wm.WindowState.onAnimationFinished:5865 com.android.server.wm.-$$Lambda$yVRF8YoeNdTa8GR1wDStVsHu8xM.run:2 com.android.server.wm.SurfaceAnimator.lambda$getFinishedCallback$0:97 
02-13 20:57:32.968 24710 20147 E SQLiteCastStore: Skip saving CastDeviceInfo: "Устройство поблизости" (__cast_nearby___V_214b9639-a8b7-4b1a-bca3-fd762fda75bc)
02-13 20:57:34.143  5606  8116 E BartenderActivityManager: BarTender: pid : 27384 cached=true abnormal=false kill=false stay=false release=false
02-13 20:57:34.156  5606  5961 E BartenderActivityManager: BarTender: pid : 14557 cached=true abnormal=false kill=false stay=false release=false
02-13 20:57:37.139  5606  5961 E BartenderActivityManager: BarTender: pid : 4844 cached=true abnormal=false kill=false stay=false release=false
02-13 20:57:39.777  5373  5473 E storaged: getDiskStats failed with result NOT_SUPPORTED and size 0
02-13 20:57:41.214  5606  5961 E BartenderActivityManager: BarTender: pid : 2921 cached=true abnormal=false kill=false stay=false release=false
02-13 20:57:41.223  5606  6259 E BartenderActivityManager: BarTender: pid : 944 cached=true abnormal=false kill=false stay=false release=false
02-13 20:57:44.679  5606  6259 E BartenderActivityManager: BarTender: pid : 3787 cached=true abnormal=false kill=false stay=false release=false
02-13 20:57:44.684  5606  6259 E BartenderActivityManager: BarTender: pid : 3809 cached=true abnormal=false kill=false stay=false release=false
02-13 20:57:44.688  5606  6259 E BartenderActivityManager: BarTender: pid : 3832 cached=true abnormal=false kill=false stay=false release=false
02-13 20:57:44.693  5606  6259 E BartenderActivityManager: BarTender: pid : 4909 cached=true abnormal=false kill=false stay=false release=false
02-13 20:57:44.702  5606  6259 E BartenderActivityManager: BarTender: pid : 10235 cached=true abnormal=false kill=false stay=false release=false
02-13 20:57:48.094  5606  6259 E BartenderActivityManager: BarTender: pid : 2303 cached=true abnormal=false kill=false stay=false release=false
02-13 20:57:48.867  6324  6593 E EPDG -- SIM0 [RILRECEIVER]: Incorrect EpdgIilIpcMessage IPC Message -- not initialized
02-13 20:57:48.880  5935  6497 E ImsAdaptorImpl: setSSACInfo : ImsAdaptorImpl.
02-13 20:57:48.882  6324  6593 E EPDG -- SIM0 [RILRECEIVER]: Incorrect EpdgIilIpcMessage IPC Message -- not initialized
02-13 20:57:48.885  6324  6593 E EPDG -- SIM0 [RILRECEIVER]: RX [NET_REGIST] -- RESPONSE -- not initialized
02-13 20:57:48.885  5935  6497 E ImsAdaptorImpl: setSSACInfo : ImsAdaptorImpl.
02-13 20:57:51.853  5606  6124 E Watchdog: !@Sync 7957 [2021-02-13 20:57:51.853] FD count : 586
02-13 20:57:55.602  4946  4946 E Zygote  : isWhitelistProcess - Process is Whitelisted
02-13 20:57:55.606  4946  4946 E Zygote  : accessInfo : 1
02-13 20:57:55.631  4946  4946 E oid.sm.provide: Not starting debugger since process cannot load the jdwp agent.
02-13 20:58:02.799  5162  5307 E PBSessionCacheImpl: sessionId[22704329313011014] not persisted.
02-13 20:58:02.898  5271  5819 E Layer   : $$$$$$$$$$$$$$$$$$$$$$$$$$$$$$$$$$$$$$$$$$$$$$$$$$$$$$$$$$$$$$$$$$$$$$$
02-13 20:58:02.898  5271  5819 E Layer   : Abnormal Layer [Screenshot Parent]
02-13 20:58:02.945  5271  8048 E BufferQueueProducer: [com.united.mobile.android/com.united.mobile.android.ui.main.MainActivity[4304]#0] disconnect: not connected (req=1)
02-13 20:58:03.224  5606  5961 E WindowManager: win=Window{1e4b75b u0 com.united.mobile.android/com.united.mobile.android.ui.main.MainActivity EXITING} destroySurfaces: appStopped=true win.mWindowRemovalAllowed=false win.mRemoveOnExit=false win.mViewVisibility=4 caller=com.android.server.wm.AppWindowToken.destroySurfaces:870 com.android.server.wm.AppWindowToken.destroySurfaces:851 com.android.server.wm.WindowState.onExitAnimationDone:5443 com.android.server.wm.-$$Lambda$01bPtngJg5AqEoOWfW3rWfV7MH4.accept:2 java.util.ArrayList.forEach:1262 com.android.server.wm.AppWindowToken.onAnimationFinished:2403 com.android.server.wm.-$$Lambda$yVRF8YoeNdTa8GR1wDStVsHu8xM.run:2 
02-13 20:58:07.359  5370  5459 E Netd    : getNetworkForDns: getNetId from enterpriseCtrl is netid 0
02-13 20:58:07.360  5370  5459 E Netd    : getNetworkForDns: getNetId from enterpriseCtrl is netid 0
02-13 20:58:08.327  8741 21759 E fbservices:q: receive/publish/wrong_topic; topic=/pp
02-13 20:58:19.040  5606  6414 E BartenderActivityManager: BarTender: pid : 27384 cached=true abnormal=false kill=false stay=false release=false
02-13 20:58:19.057  5606  6414 E BartenderActivityManager: BarTender: pid : 14557 cached=true abnormal=false kill=false stay=false release=false
02-13 20:58:21.871  5606  6124 E Watchdog: !@Sync 7958 [2021-02-13 20:58:21.870] FD count : 589
02-13 20:58:30.192  5606  6414 E BartenderActivityManager: BarTender: pid : 12530 cached=true abnormal=false kill=false stay=false release=false
02-13 20:58:30.198  5606  6414 E BartenderActivityManager: BarTender: pid : 12212 cached=true abnormal=false kill=false stay=false release=false
02-13 20:58:30.203  5606  6414 E BartenderActivityManager: BarTender: pid : 12473 cached=true abnormal=false kill=false stay=false release=false
