02-13 20:49:00.001  5606  5794 E AlarmManager: Set nextNonWakeup as mNextNonWakeupDeliveryTime=619884232 , orig nextNonWakeup=0
02-13 20:49:14.218  6324  6593 E EPDG -- SIM0 [RILRECEIVER]: Incorrect EpdgIilIpcMessage IPC Message -- not initialized
02-13 20:49:14.222  5935  6497 E ImsAdaptorImpl: setSSACInfo : ImsAdaptorImpl.
02-13 20:49:14.235  5935  6497 E ImsAdaptorImpl: setSSACInfo : ImsAdaptorImpl.
02-13 20:49:14.236  6324  6593 E EPDG -- SIM0 [RILRECEIVER]: Incorrect EpdgIilIpcMessage IPC Message -- not initialized
02-13 20:49:14.238  6324  6593 E EPDG -- SIM0 [RILRECEIVER]: RX [NET_REGIST] -- RESPONSE -- not initialized
02-13 20:49:21.538  5606  6124 E Watchdog: !@Sync 7940 [2021-02-13 20:49:21.538] FD count : 674
02-13 20:49:39.754  5373  5473 E storaged: getDiskStats failed with result NOT_SUPPORTED and size 0
02-13 20:49:44.414  5606  7224 E BartenderActivityManager: BarTender: pid : 27384 cached=true abnormal=false kill=false stay=false release=false
02-13 20:49:44.424  5606  7224 E BartenderActivityManager: BarTender: pid : 14557 cached=true abnormal=false kill=false stay=false release=false
02-13 20:49:51.560  5606  6124 E Watchdog: !@Sync 7941 [2021-02-13 20:49:51.560] FD count : 674
02-13 20:50:21.586  5606  6124 E Watchdog: !@Sync 7942 [2021-02-13 20:50:21.586] FD count : 674
02-13 20:50:39.757  5373  5473 E storaged: getDiskStats failed with result NOT_SUPPORTED and size 0
02-13 20:50:51.610  5606  6124 E Watchdog: !@Sync 7943 [2021-02-13 20:50:51.610] FD count : 674
02-13 20:50:59.675 24768 21747 E WakeLock: GCM_HB_ALARM release without a matched acquire!
02-13 20:50:59.774  5606  5657 E PackageManager: Failed to find package; permName: android.permission.INTERNET, uid: 9510191, caller: 1000
02-13 20:50:59.774  5606  5657 E PackageManager: Failed to find package; permName: android.permission.INTERNET, uid: 9510191, caller: 1000
02-13 20:50:59.776 20979 21752 E WakeLock: GCM_HB_ALARM release without a matched acquire!
02-13 20:51:00.001  5606  5794 E AlarmManager: Set nextNonWakeup as mNextNonWakeupDeliveryTime=620015792 , orig nextNonWakeup=0
02-13 20:51:09.782  5606  5655 E PackageManager: Failed to find package; permName: android.permission.INTERNET, uid: 9510191, caller: 1000
02-13 20:51:09.783  5606  5655 E PackageManager: Failed to find package; permName: android.permission.INTERNET, uid: 9510191, caller: 1000
02-13 20:51:21.634  5606  6124 E Watchdog: !@Sync 7944 [2021-02-13 20:51:21.633] FD count : 674
02-13 20:51:24.978  5606  7224 E AlarmManager: Set nextNonWakeup as mNextNonWakeupDeliveryTime=620015792 , orig nextNonWakeup=0
02-13 20:51:24.985  5606  7224 E AlarmManager: Set nextNonWakeup as mNextNonWakeupDeliveryTime=620015792 , orig nextNonWakeup=0
02-13 20:51:25.012 25280  2250 E SQLiteLog: (10) POSIX Error : 9 SQLite Error : 3850
02-13 20:51:25.012 25280  2250 E SQLiteLog: (10) LOCK : Getting pending lock for (4) failed due to (9). The current owner is (-992811640).
02-13 20:51:25.021 25280  2250 E SQLiteLog: (10) POSIX Error : 9 SQLite Error : 3850
02-13 20:51:25.021 25280  2250 E SQLiteLog: (10) LOCK : Getting pending lock for (4) failed due to (9). The current owner is (-992811640).
02-13 20:51:25.337 25280  2253 E SQLiteLog: (10) POSIX Error : 9 SQLite Error : 3850
02-13 20:51:25.338 25280  2253 E SQLiteLog: (10) LOCK : Getting pending lock for (4) failed due to (9). The current owner is (-1000356472).
02-13 20:51:25.348 25280  2253 E SQLiteLog: (10) POSIX Error : 9 SQLite Error : 3850
02-13 20:51:25.348 25280  2253 E SQLiteLog: (10) LOCK : Getting pending lock for (4) failed due to (9). The current owner is (-1000356472).
02-13 20:51:29.820  5606  8116 E BartenderActivityManager: BarTender: pid : 12530 cached=true abnormal=false kill=false stay=false release=false
02-13 20:51:29.830  5606  8116 E BartenderActivityManager: BarTender: pid : 12212 cached=true abnormal=false kill=false stay=false release=false
02-13 20:51:29.838  5606  8116 E BartenderActivityManager: BarTender: pid : 12473 cached=true abnormal=false kill=false stay=false release=false
02-13 20:51:29.846  5606  8116 E BartenderActivityManager: BarTender: pid : 32496 cached=true abnormal=false kill=false stay=false release=false
02-13 20:51:39.759  5373  5473 E storaged: getDiskStats failed with result NOT_SUPPORTED and size 0
02-13 20:51:49.031  6324  6593 E EPDG -- SIM0 [RILRECEIVER]: Incorrect EpdgIilIpcMessage IPC Message -- not initialized
02-13 20:51:49.035  5935  6497 E ImsAdaptorImpl: setSSACInfo : ImsAdaptorImpl.
02-13 20:51:49.046  5935  6497 E ImsAdaptorImpl: setSSACInfo : ImsAdaptorImpl.
02-13 20:51:49.048  6324  6593 E EPDG -- SIM0 [RILRECEIVER]: Incorrect EpdgIilIpcMessage IPC Message -- not initialized
02-13 20:51:49.050  6324  6593 E EPDG -- SIM0 [RILRECEIVER]: RX [NET_REGIST] -- RESPONSE -- not initialized
02-13 20:51:51.656  5606  6124 E Watchdog: !@Sync 7945 [2021-02-13 20:51:51.656] FD count : 674
02-13 20:51:55.929 25236 29543 E rs$DefaultThreadFactory: ===== Detect pool-thread leak =====
02-13 20:51:55.930 25236 29543 E rs$DefaultThreadFactory: dalvik.system.VMStack.getThreadStackTrace(Native Method)
02-13 20:51:55.930 25236 29543 E rs$DefaultThreadFactory: java.lang.Thread.getStackTrace(Thread.java:1538)
02-13 20:51:55.930 25236 29543 E rs$DefaultThreadFactory: java.util.concurrent.Executors$DefaultThreadFactory.newThread(Executors.java:569)
02-13 20:51:55.930 25236 29543 E rs$DefaultThreadFactory: bvsi.newThread(:com.google.android.gms@210214028@21.02.14 (100400-352619232):1)
02-13 20:51:55.930 25236 29543 E rs$DefaultThreadFactory: java.util.concurrent.ThreadPoolExecutor$Worker.<init>(ThreadPoolExecutor.java:636)
02-13 20:51:55.930 25236 29543 E rs$DefaultThreadFactory: java.util.concurrent.ThreadPoolExecutor.addWorker(ThreadPoolExecutor.java:950)
02-13 20:51:55.930 25236 29543 E rs$DefaultThreadFactory: java.util.concurrent.ThreadPoolExecutor.execute(ThreadPoolExecutor.java:1393)
02-13 20:51:55.930 25236 29543 E rs$DefaultThreadFactory: cpxs.execute(:com.google.android.gms@210214028@21.02.14 (100400-352619232):0)
02-13 20:51:55.930 25236 29543 E rs$DefaultThreadFactory: cpve.f(:com.google.android.gms@210214028@21.02.14 (100400-352619232):3)
02-13 20:51:55.931 25236 29543 E rs$DefaultThreadFactory: cpve.d(:com.google.android.gms@210214028@21.02.14 (100400-352619232):0)
02-13 20:51:55.931 25236 29543 E rs$DefaultThreadFactory: cpyx.p(:com.google.android.gms@210214028@21.02.14 (100400-352619232):2)
02-13 20:51:55.931 25236 29543 E rs$DefaultThreadFactory: cpwz.e(:com.google.android.gms@210214028@21.02.14 (100400-352619232):3)
02-13 20:51:55.931 25236 29543 E rs$DefaultThreadFactory: cpwz.d(:com.google.android.gms@210214028@21.02.14 (100400-352619232):2)
02-13 20:51:55.931 25236 29543 E rs$DefaultThreadFactory: cpwv.run(:com.google.android.gms@210214028@21.02.14 (100400-352619232):2)
02-13 20:51:55.931 25236 29543 E rs$DefaultThreadFactory: cpqe.a(:com.google.android.gms@210214028@21.02.14 (100400-352619232):3)
02-13 20:51:55.931 25236 29543 E rs$DefaultThreadFactory: cpqe.execute(:com.google.android.gms@210214028@21.02.14 (100400-352619232):0)
02-13 20:51:55.931 25236 29543 E rs$DefaultThreadFactory: cpwx.c(:com.google.android.gms@210214028@21.02.14 (100400-352619232):4)
02-13 20:51:55.931 25236 29543 E rs$DefaultThreadFactory: cqcp.m(:com.google.android.gms@210214028@21.02.14 (100400-352619232):1)
02-13 20:51:55.931 25236 29543 E rs$DefaultThreadFactory: cqco.run(:com.google.android.gms@210214028@21.02.14 (100400-352619232):93)
02-13 20:51:55.931 25236 29543 E rs$DefaultThreadFactory: tks.c(:com.google.android.gms@210214028@21.02.14 (100400-352619232):6)
02-13 20:51:55.931 25236 29543 E rs$DefaultThreadFactory: tks.run(:com.google.android.gms@210214028@21.02.14 (100400-352619232):7)
02-13 20:51:55.931 25236 29543 E rs$DefaultThreadFactory: java.util.concurrent.ThreadPoolExecutor.runWorker(ThreadPoolExecutor.java:1167)
02-13 20:51:55.931 25236 29543 E rs$DefaultThreadFactory: java.util.concurrent.ThreadPoolExecutor$Worker.run(ThreadPoolExecutor.java:641)
02-13 20:51:55.931 25236 29543 E rs$DefaultThreadFactory: tqp.run(:com.google.android.gms@210214028@21.02.14 (100400-352619232):0)
02-13 20:51:55.931 25236 29543 E rs$DefaultThreadFactory: java.lang.Thread.run(Thread.java:764)
02-13 20:51:55.937  5370  5459 E Netd    : getNetworkForDns: getNetId from enterpriseCtrl is netid 0
02-13 20:52:05.507  5606  5960 E BartenderActivityManager: BarTender: pid : 1394 cached=true abnormal=false kill=false stay=false release=false
02-13 20:52:05.515  5606  5960 E BartenderActivityManager: BarTender: pid : 27538 cached=true abnormal=false kill=false stay=false release=false
02-13 20:52:19.202  5606  5960 E BartenderActivityManager: BarTender: pid : 27384 cached=true abnormal=false kill=false stay=false release=false
02-13 20:52:19.218  5606  5960 E BartenderActivityManager: BarTender: pid : 14557 cached=true abnormal=false kill=false stay=false release=false
02-13 20:52:21.677  5606  6124 E Watchdog: !@Sync 7946 [2021-02-13 20:52:21.677] FD count : 674
02-13 20:52:24.389  6324  6593 E EPDG -- SIM0 [RILRECEIVER]: Incorrect EpdgIilIpcMessage IPC Message -- not initialized
02-13 20:52:24.394  5935  6497 E ImsAdaptorImpl: setSSACInfo : ImsAdaptorImpl.
02-13 20:52:24.408  5935  6497 E ImsAdaptorImpl: setSSACInfo : ImsAdaptorImpl.
02-13 20:52:24.409  6324  6593 E EPDG -- SIM0 [RILRECEIVER]: Incorrect EpdgIilIpcMessage IPC Message -- not initialized
02-13 20:52:24.417  6324  6593 E EPDG -- SIM0 [RILRECEIVER]: RX [NET_REGIST] -- RESPONSE -- not initialized
02-13 20:52:24.625  5606  6210 E AlarmManager: Set nextNonWakeup as mNextNonWakeupDeliveryTime=620015792 , orig nextNonWakeup=0
02-13 20:52:32.976 24710 26181 E SQLiteCastStore: Skip saving CastDeviceInfo: "Устройство поблизости" (__cast_nearby___V_214b9639-a8b7-4b1a-bca3-fd762fda75bc)
02-13 20:52:37.832  6324  6593 E EPDG -- SIM0 [RILRECEIVER]: Incorrect EpdgIilIpcMessage IPC Message -- not initialized
02-13 20:52:37.835  5935  6497 E ImsAdaptorImpl: setSSACInfo : ImsAdaptorImpl.
02-13 20:52:37.847  6324  6593 E EPDG -- SIM0 [RILRECEIVER]: Incorrect EpdgIilIpcMessage IPC Message -- not initialized
02-13 20:52:37.850  6324  6593 E EPDG -- SIM0 [RILRECEIVER]: RX [NET_REGIST] -- RESPONSE -- not initialized
02-13 20:52:37.853  5935  6497 E ImsAdaptorImpl: setSSACInfo : ImsAdaptorImpl.
02-13 20:52:39.761  5373  5473 E storaged: getDiskStats failed with result NOT_SUPPORTED and size 0
02-13 20:52:42.482  3361  3361 E Sensors : inject_scontext_data: New ssp_data_injection_fd(29)
02-13 20:52:42.483  5992  5992 E KeyguardUpdateMonitor: handleStartedWakingUp start 1
02-13 20:52:42.483  3361  3361 E Sensors : inject_scontext_data: New ssp_data_injection_fd(29)
02-13 20:52:42.485  5992  5992 E KeyguardFingerPrint: updateFingerprintListeningState#mFingerprintRunningState=1 shouldListenForFingerprint=true
02-13 20:52:42.489  3361  3361 E Sensors : inject_scontext_data: New ssp_data_injection_fd(29)
02-13 20:52:42.495  5992  5992 E KeyguardUpdateMonitor: handleStartedWakingUp end
02-13 20:52:42.515  5935  6497 E ImsAdaptorImpl: setSSACInfo : ImsAdaptorImpl.
02-13 20:52:42.516  6324  6593 E EPDG -- SIM0 [RILRECEIVER]: Incorrect EpdgIilIpcMessage IPC Message -- not initialized
02-13 20:52:42.518  6324  6593 E EPDG -- SIM0 [RILRECEIVER]: RX [NET_REGIST] -- RESPONSE -- not initialized
02-13 20:52:42.557  5606  8117 E LockSettingsStorage: Cannot read file java.io.FileNotFoundException: /data/system/fmmpassword.key: open failed: ENOENT (No such file or directory)
02-13 20:52:42.564  5606  8117 E LockSettingsStorage: Cannot read file java.io.FileNotFoundException: /data/system/fmmpassword.key: open failed: ENOENT (No such file or directory)
02-13 20:52:42.580  6324  6593 E EPDG -- SIM1 [RILRECEIVER]: Incorrect EpdgIilIpcMessage IPC Message -- not initialized
02-13 20:52:42.582  5935  6522 E ImsAdaptorImpl2: setSSACInfo : ImsAdaptorImpl.
02-13 20:52:42.584  6324  6593 E EPDG -- SIM1 [RILRECEIVER]: RX [NET_REGIST] -- RESPONSE -- not initialized
02-13 20:52:42.609  5606  5606 E PocketModeEvent: ACTION_SCREEN_ON(by 1)
02-13 20:52:42.670  5606  5960 E LockSettingsStorage: Cannot read file java.io.FileNotFoundException: /data/system/fmmpassword.key: open failed: ENOENT (No such file or directory)
02-13 20:52:42.678  5606  5606 E PocketModeEvent: onSensorChanged : proxVal: 8.0
02-13 20:52:42.713  5992  5992 E KeyguardFingerPrint: updateFingerprintListeningState#mFingerprintRunningState=1 shouldListenForFingerprint=true
02-13 20:52:42.716  3366  3366 E SecHAL  : nfc_hal_write: [Cmd]Send EVT data_sending_flag = true, return size=4!!
02-13 20:52:42.741  3366  1293 E SecHAL  : nfc_data_callback: [Cmd]Received a response packet : data_sending_flag = false!!
02-13 20:52:42.754  5606  5960 E LockSettingsStorage: Cannot read file java.io.FileNotFoundException: /data/system/fmmpassword.key: open failed: ENOENT (No such file or directory)
02-13 20:52:42.780 13676   375 E BtGatt.ContextMap: remove() - removed: 4
02-13 20:52:42.791 13676 13757 E BtGatt.GattService: [GSIM LOG]: gsimLogHandler, msg: MESSAGE_SCAN_STOP, appName: android.uid.bcmgr, scannerId: 4, reportDelayMillis=0
02-13 20:52:42.879  5606  5960 E BluetoothManagerService: Unable to handle updateBleAppCount
02-13 20:52:42.896  5606  8122 E BluetoothManagerService: Unable to handle updateBleAppCount
02-13 20:52:42.905 13676 13757 E BtGatt.GattService: [GSIM LOG]: gsimLogHandler, msg: MESSAGE_SCAN_START, appName: android.uid.bcmgr, scannerId: 4, reportDelayMillis=0
02-13 20:52:42.931 24710 26181 E DeviceScanner: [BLE] Failed to start scan because the Bluetooth is disabled.
02-13 20:52:42.943  3361  3361 E Sensors : inject_scontext_data: New ssp_data_injection_fd(29)
02-13 20:52:42.945  2303  2303 E Zygote  : isWhitelistProcess - Process is Whitelisted
02-13 20:52:42.947  2303  2303 E Zygote  : accessInfo : 1
02-13 20:52:42.959  2303  2303 E p.clipboardedg: Not starting debugger since process cannot load the jdwp agent.
02-13 20:52:42.959 13676 13756 E BtGatt.ScanManager: default value of curScanSetting 0 is choosen
02-13 20:52:42.963 13676 13757 E BtGatt.GattService: [GSIM LOG]: gsimLogHandler, msg: MESSAGE_SCAN_START, appName: android.uid.system, scannerId: 5, reportDelayMillis=0
02-13 20:52:42.971 13676 13756 E BtGatt.ScanManager: default value of curScanSetting 0 is choosen
02-13 20:52:43.262 25280  2324 E SQLiteLog: (10) POSIX Error : 9 SQLite Error : 3850
02-13 20:52:43.263 25280  2324 E SQLiteLog: (10) LOCK : Getting pending lock for (4) failed due to (9). The current owner is (-992811640).
02-13 20:52:43.274 25280  2324 E SQLiteLog: (10) POSIX Error : 9 SQLite Error : 3850
02-13 20:52:43.274 25280  2324 E SQLiteLog: (10) LOCK : Getting pending lock for (4) failed due to (9). The current owner is (-992811640).
02-13 20:52:43.396  5606  8028 E LockSettingsStorage: Cannot read file java.io.FileNotFoundException: /data/system/fmmpassword.key: open failed: ENOENT (No such file or directory)
02-13 20:52:43.405  5606  8117 E LockSettingsStorage: Cannot read file java.io.FileNotFoundException: /data/system/fmmpassword.key: open failed: ENOENT (No such file or directory)
02-13 20:52:43.438  5992  5992 E SystemUIImageView: set Image Drawable!!
02-13 20:52:43.453  5162  5307 E PBSessionCacheImpl: sessionId[22704329313011014] not persisted.
02-13 20:52:43.535  5271  5273 E NativeSemDvfsGpuManager: acquire:: Start
02-13 20:52:43.535  5271  5273 E NativeSemDvfsGpuManager: acquire:: timeout = 1000 mIsAcquired = 0  mTagName : SurfaceFlinger 
02-13 20:52:43.538  5271  5273 E NativeCustomFrequencyManager: [NativeCFMS] BpCustomFrequencyManager::requestGPU() 
02-13 20:52:43.538  5271  5273 E NativeSemDvfsGpuManager: acquire:: End
02-13 20:52:43.645  5606  6414 E LockSettingsStorage: Cannot read file java.io.FileNotFoundException: /data/system/fmmpassword.key: open failed: ENOENT (No such file or directory)
02-13 20:52:43.667  3376  3777 E NativeSemDvfsCpuManager: acquire:: Start
02-13 20:52:43.668  3376  3777 E NativeSemDvfsCpuManager: acquire:: timeout = -1 mIsAcquired = 0  mTagName : AudioFlinger 
02-13 20:52:43.671  3376  3777 E NativeCustomFrequencyManager: [NativeCFMS] BpCustomFrequencyManager::acquireDVFSLock() 
02-13 20:52:43.671  3376  3777 E NativeSemDvfsCpuManager: acquire:: End
02-13 20:52:43.715  5606  6414 E LockSettingsStorage: Cannot read file java.io.FileNotFoundException: /data/system/fmmpassword.key: open failed: ENOENT (No such file or directory)
02-13 20:52:43.721  5606  8117 E LockSettingsStorage: Cannot read file java.io.FileNotFoundException: /data/system/fmmpassword.key: open failed: ENOENT (No such file or directory)
02-13 20:52:43.728  5606  6414 E LockSettingsStorage: Cannot read file java.io.FileNotFoundException: /data/system/fmmpassword.key: open failed: ENOENT (No such file or directory)
02-13 20:52:43.739  5606  5606 E MotionRecognitionService:   mReceiver.onReceive : ACTION_USER_PRESENT  :: UNLOCK SCREEN
02-13 20:52:43.745  3366  3366 E SecHAL  : nfc_hal_write: [Cmd]Send EVT data_sending_flag = true, return size=4!!
02-13 20:52:43.754  3366  1293 E SecHAL  : nfc_data_callback: [Cmd]Received a response packet : data_sending_flag = false!!
02-13 20:52:43.758  6278  1265 E libnfc_nci: [ERROR:nfa_dm_discover.cc(2692)] state: DISCOVERY (1), event: DEACTIVATE_CMD(6) disc_flags: 0x2
02-13 20:52:43.758  3366  3366 E SecHAL  : nfc_hal_write: [Cmd]Send EVT data_sending_flag = true, return size=4!!
02-13 20:52:43.763  3366  1293 E SecHAL  : nfc_data_callback: [Cmd]Received a response packet : data_sending_flag = false!!
02-13 20:52:43.764  6278  1265 E libnfc_nci: [ERROR:nfc_ncif.cc(1152)] nfc_ncif_proc_deactivate - evt_data.deactivate.reason 199, nfc_cb.deact_reason = 2
02-13 20:52:43.764  6278  1265 E libnfc_nci: [ERROR:nfa_dm_discover.cc(2692)] state: DISCOVERY (1), event: DEACTIVATE_RSP(7) disc_flags: 0x22
02-13 20:52:43.765  3366  3366 E SecHAL  : nfc_hal_write: [Cmd]Send EVT data_sending_flag = true, return size=7!!
02-13 20:52:43.766  3366  1293 E SecHAL  : nfc_data_callback: [Cmd]Received a response packet : data_sending_flag = false!!
02-13 20:52:43.769  3366  3366 E SecHAL  : nfc_hal_write: [Cmd]Send EVT data_sending_flag = true, return size=1c!!
02-13 20:52:43.778  3366  1293 E SecHAL  : nfc_data_callback: [Cmd]Received a response packet : data_sending_flag = false!!
02-13 20:52:43.779  6278  1265 E libnfc_nci: [ERROR:nfa_dm_discover.cc(2692)] state: IDLE (0), event: DISCOVER_RSP(1) disc_flags: 0x31
02-13 20:52:43.903  5271  8048 E BufferQueueProducer: [NavbarGestureHandler[5992]#0] disconnect: not connected (req=1)
02-13 20:52:43.905  5606  5606 E PocketModeEvent: unregi sensor L : 50 P : 0
02-13 20:52:43.954  5606  5606 E MotionRecognitionService:   mReceiver.onReceive : ACTION_USER_PRESENT  :: UNLOCK SCREEN
02-13 20:52:43.959  5992  5992 E KeyguardFingerPrint: updateFingerprintListeningState#mFingerprintRunningState=0 shouldListenForFingerprint=false
02-13 20:52:44.018  5606  6099 E LockSettingsStorage: Cannot read file java.io.FileNotFoundException: /data/system/fmmpassword.key: open failed: ENOENT (No such file or directory)
02-13 20:52:44.033  5271  5819 E BufferQueueProducer: [StatusBar[5992]#0] disconnect: not connected (req=1)
02-13 20:52:44.035  5606  6210 E SLocation: start setEventGeofenceCellDatas : 0
02-13 20:52:44.035  5606  6210 E SLocation: end setEventGeofenceCellDatas
02-13 20:52:44.058  5606  6210 E SLocation: start setEventGeofenceCellDatas : 0
02-13 20:52:44.059  5606  6210 E SLocation: end setEventGeofenceCellDatas
02-13 20:52:44.539  5271 12393 E NativeSemDvfsGpuManager: release:: Start
02-13 20:52:44.540  5271 12393 E NativeSemDvfsGpuManager: release():: mIsAcquired = 1 , mName = GPU  , mTagName : SurfaceFlinger 
02-13 20:52:44.540  5271 12393 E NativeCustomFrequencyManager: [NativeCFMS] BpCustomFrequencyManager::releaseGPU() 
02-13 20:52:44.541  5271 12393 E NativeSemDvfsGpuManager: release:: End
02-13 20:52:44.552  7280  7280 E ProActiveLaunch: Sending Broadcast
02-13 20:52:44.553  5606  5933 E ActivityManager: Checking for the Active launch isPkgEverLaunched :false, isPkgStopped : true
02-13 20:52:44.755  2370  2370 E Zygote  : isWhitelistProcess - Process is Whitelisted
02-13 20:52:44.756  2370  2370 E Zygote  : accessInfo : 1
02-13 20:52:44.765  2370  2370 E .mobile.androi: Not starting debugger since process cannot load the jdwp agent.
02-13 20:52:45.131 14557 14557 E ViewRootImpl: sendUserActionEvent() returned.
02-13 20:52:45.207  5271  5272 E BufferQueueProducer: [com.sec.android.app.launcher/com.sec.android.app.launcher.activities.LauncherActivity[7280]#0] disconnect: not connected (req=1)
02-13 20:52:45.213  5606  7240 E WindowManager: win=Window{38bb8dc u0 com.sec.android.app.launcher/com.sec.android.app.launcher.activities.LauncherActivity} destroySurfaces: appStopped=false win.mWindowRemovalAllowed=false win.mRemoveOnExit=false win.mViewVisibility=8 caller=com.android.server.wm.WindowManagerService.tryStartExitingAnimation:2798 com.android.server.wm.WindowManagerService.relayoutWindow:2496 com.android.server.wm.Session.relayoutForTranslate:302 android.view.IWindowSession$Stub.onTransact:518 com.android.server.wm.Session.onTransact:186 android.os.Binder.execTransact:739 <bottom of call stack> 
02-13 20:52:45.238  5271  5273 E BufferQueueProducer: [com.android.systemui.infinity.InfinityWallpaperOrchid[6129]#0] disconnect: not connected (req=1)
02-13 20:52:45.268  5370  5459 E Netd    : getNetworkForDns: getNetId from enterpriseCtrl is netid 0
02-13 20:52:45.415  5370  5459 E Netd    : getNetworkForDns: getNetId from enterpriseCtrl is netid 0
02-13 20:52:45.438  5370  5459 E Netd    : getNetworkForDns: getNetId from enterpriseCtrl is netid 0
02-13 20:52:45.439  5370  5459 E Netd    : getNetworkForDns: getNetId from enterpriseCtrl is netid 0
02-13 20:52:45.453  5370  5459 E Netd    : getNetworkForDns: getNetId from enterpriseCtrl is netid 0
02-13 20:52:45.517  5370  5459 E Netd    : getNetworkForDns: getNetId from enterpriseCtrl is netid 0
02-13 20:52:45.567  2465  2465 E Zygote  : isWhitelistProcess - Process is Whitelisted
02-13 20:52:45.568  2465  2465 E Zygote  : accessInfo : 1
02-13 20:52:45.576  5606  5960 E PackageManager: Failed to find package; permName: android.permission.INTERNET, uid: 99648, caller: 1000
02-13 20:52:45.580  2465  2465 E webview_servic: Not starting debugger since process cannot load the jdwp agent.
02-13 20:52:45.596  2479  2479 E Zygote  : accessInfo : 0
02-13 20:52:45.596  5370  5459 E Netd    : getNetworkForDns: getNetId from enterpriseCtrl is netid 0
02-13 20:52:45.620  2479  2479 E dboxed_process: Not starting debugger since process cannot load the jdwp agent.
02-13 20:52:45.861  2520  2520 E Zygote  : isWhitelistProcess - Process is Whitelisted
02-13 20:52:45.863  2520  2520 E Zygote  : accessInfo : 1
02-13 20:52:45.888  2520  2520 E .android.chrom: Not starting debugger since process cannot load the jdwp agent.
02-13 20:52:46.404  5370  5459 E Netd    : getNetworkForDns: getNetId from enterpriseCtrl is netid 0
02-13 20:52:46.914  2370  2619 E P++     : 2021-02-13 20:52:46+0200 [P][LicenseValidatorBase.lambda$shouldBlock$0:113][‼️ERROR] Invalid key
02-13 20:52:46.939  2370  2619 E P++     : 2021-02-13 20:52:46+0200 [P][PointrBase$1.onResult:533][‼️ERROR] Cannot validate API key. Please check your licence key.
02-13 20:52:46.970  3376  3777 E NativeSemDvfsCpuManager: release:: Start
02-13 20:52:46.970  3376  3777 E NativeSemDvfsCpuManager: release():: mIsAcquired = 1 , mName = CPU  , mTagName : AudioFlinger 
02-13 20:52:46.971  3376  3777 E NativeCustomFrequencyManager: [NativeCFMS] BpCustomFrequencyManager::releaseDVFSLock() 
02-13 20:52:46.971  3376  3777 E NativeSemDvfsCpuManager: release:: End
02-13 20:52:46.999  2636  2636 E Zygote  : isWhitelistProcess - Process is Whitelisted
02-13 20:52:47.001  2636  2636 E Zygote  : accessInfo : 1
02-13 20:52:47.021  2636  2636 E android:drmSer: Not starting debugger since process cannot load the jdwp agent.
02-13 20:52:47.110  3361  3581 E Sensors : Sensor : Meta event
02-13 20:52:47.136  3361  3581 E Sensors : Sensor : Meta event
02-13 20:52:47.161  3361  3581 E Sensors : Sensor : Meta event
02-13 20:52:47.211  5370  5459 E Netd    : getNetworkForDns: getNetId from enterpriseCtrl is netid 0
02-13 20:52:47.242  3361  3581 E Sensors : Sensor : Meta event
02-13 20:52:47.268  3361  3581 E Sensors : Sensor : Meta event
02-13 20:52:47.293  3361  3581 E Sensors : Sensor : Meta event
02-13 20:52:47.474  5370  5459 E Netd    : getNetworkForDns: getNetId from enterpriseCtrl is netid 0
02-13 20:52:47.577  2370  2680 E P++     : 2021-02-13 20:52:47+0200 [P][BeaconParserWrapper.populateBeaconObject:40][‼️ERROR] Beacon with same key (m1000_m1438_uuid(feb7a751-58e9-470c-b02f-e0a0e0cb131d)) found - will ignore this beacon
02-13 20:52:47.579  2370  2680 E P++     : 2021-02-13 20:52:47+0200 [P][BeaconParserWrapper.populateBeaconObject:40][‼️ERROR] Beacon with same key (m1_m1_uuid(ffb7a751-58e9-470c-b02f-e0a0e0cb131d)) found - will ignore this beacon
02-13 20:52:47.583  2370  2680 E P++     : 2021-02-13 20:52:47+0200 [P][BeaconParserWrapper.populateBeaconObject:40][‼️ERROR] Beacon with same key (m1000_m1615_uuid(feb7a751-58e9-470c-b02f-e0a0e0cb131d)) found - will ignore this beacon
02-13 20:52:47.584  2370  2680 E P++     : 2021-02-13 20:52:47+0200 [P][BeaconParserWrapper.populateBeaconObject:40][‼️ERROR] Beacon with same key (m1000_m1490_uuid(ffb7a751-58e9-470c-b02f-e0a0e0cb131d)) found - will ignore this beacon
02-13 20:52:47.586  2370  2680 E P++     : 2021-02-13 20:52:47+0200 [P][BeaconParserWrapper.populateBeaconObject:40][‼️ERROR] Beacon with same key (m-10231_m-27710_uuid(aaaaaaa0-bbb0-ccc0-ddd0-d5442c2e27d9)) found - will ignore this beacon
02-13 20:52:47.604  5606  5759 E WindowManager: win=Window{64ec8d u0 Splash Screen com.united.mobile.android EXITING} destroySurfaces: appStopped=false win.mWindowRemovalAllowed=true win.mRemoveOnExit=true win.mViewVisibility=0 caller=com.android.server.wm.AppWindowToken.destroySurfaces:870 com.android.server.wm.AppWindowToken.destroySurfaces:851 com.android.server.wm.WindowState.onExitAnimationDone:5443 com.android.server.wm.WindowStateAnimator.onAnimationFinished:319 com.android.server.wm.WindowState.onAnimationFinished:5865 com.android.server.wm.-$$Lambda$yVRF8YoeNdTa8GR1wDStVsHu8xM.run:2 com.android.server.wm.SurfaceAnimator.lambda$getFinishedCallback$0:97 
02-13 20:52:47.784  5370  5459 E Netd    : getNetworkForDns: getNetId from enterpriseCtrl is netid 0
02-13 20:52:48.015  5370  5459 E Netd    : getNetworkForDns: getNetId from enterpriseCtrl is netid 0
02-13 20:52:48.365  5370  5459 E Netd    : getNetworkForDns: getNetId from enterpriseCtrl is netid 0
02-13 20:52:48.688  2733  2733 E Zygote  : isWhitelistProcess - Process is Whitelisted
02-13 20:52:48.689  2733  2733 E Zygote  : accessInfo : 1
02-13 20:52:48.703  2733  2733 E roid.da.daagen: Not starting debugger since process cannot load the jdwp agent.
02-13 20:52:48.761  3361  3581 E Sensors : Sensor : Meta event
02-13 20:52:48.786  3361  3581 E Sensors : Sensor : Meta event
02-13 20:52:48.811  3361  3581 E Sensors : Sensor : Meta event
02-13 20:52:48.921  5370  5459 E Netd    : getNetworkForDns: getNetId from enterpriseCtrl is netid 0
02-13 20:52:49.062  5370  5459 E Netd    : getNetworkForDns: getNetId from enterpriseCtrl is netid 0
02-13 20:52:49.062  5370  5459 E Netd    : getNetworkForDns: getNetId from enterpriseCtrl is netid 0
02-13 20:52:49.063  5370  5459 E Netd    : getNetworkForDns: getNetId from enterpriseCtrl is netid 0
02-13 20:52:49.064  5370  5459 E Netd    : getNetworkForDns: getNetId from enterpriseCtrl is netid 0
02-13 20:52:49.677  5370  5459 E Netd    : getNetworkForDns: getNetId from enterpriseCtrl is netid 0
02-13 20:52:49.754  5370  5459 E Netd    : getNetworkForDns: getNetId from enterpriseCtrl is netid 0
02-13 20:52:49.756  5370  5459 E Netd    : getNetworkForDns: getNetId from enterpriseCtrl is netid 0
02-13 20:52:49.855  5271  5272 E BufferQueueProducer: [com.united.mobile.android/com.united.mobile.android.ui.splash.SplashActivity[2370]#0] disconnect: not connected (req=1)
02-13 20:52:49.859  5606  8028 E WindowManager: win=Window{9ef3abe u0 com.united.mobile.android/com.united.mobile.android.ui.splash.SplashActivity} destroySurfaces: appStopped=false win.mWindowRemovalAllowed=false win.mRemoveOnExit=false win.mViewVisibility=8 caller=com.android.server.wm.WindowManagerService.tryStartExitingAnimation:2798 com.android.server.wm.WindowManagerService.relayoutWindow:2496 com.android.server.wm.Session.relayoutForTranslate:302 android.view.IWindowSession$Stub.onTransact:518 com.android.server.wm.Session.onTransact:186 android.os.Binder.execTransact:739 <bottom of call stack> 
02-13 20:52:50.306  1255  2331 E FbnsAIDLClientManager: Max Try reached for binding to FbnsAIDLService, threadId 83312
02-13 20:52:50.309  1255  2331 E FbnsAIDLClientManager: Fbns AIDL request got RemoteException
02-13 20:52:50.309  1255  2331 E FbnsAIDLClientManager: android.os.RemoteException: AIDLService is not bound
02-13 20:52:50.309  1255  2331 E FbnsAIDLClientManager: 	at X.0cK.call(:334)
02-13 20:52:50.309  1255  2331 E FbnsAIDLClientManager: 	at java.util.concurrent.FutureTask.run(FutureTask.java:266)
02-13 20:52:50.309  1255  2331 E FbnsAIDLClientManager: 	at java.util.concurrent.ThreadPoolExecutor.runWorker(ThreadPoolExecutor.java:1167)
02-13 20:52:50.309  1255  2331 E FbnsAIDLClientManager: 	at java.util.concurrent.ThreadPoolExecutor$Worker.run(ThreadPoolExecutor.java:641)
02-13 20:52:50.309  1255  2331 E FbnsAIDLClientManager: 	at java.lang.Thread.run(Thread.java:764)
02-13 20:52:51.690  5606  6124 E Watchdog: !@Sync 7947 [2021-02-13 20:52:51.690] FD count : 681
02-13 20:52:52.435  5370  5459 E Netd    : getNetworkForDns: getNetId from enterpriseCtrl is netid 0
02-13 20:52:54.707  5370  5459 E Netd    : getNetworkForDns: getNetId from enterpriseCtrl is netid 0
02-13 20:52:55.177  5606  5655 E system_server: No package ID 7f found for ID 0x7f0804b3.
02-13 20:52:55.178  5606  5655 E system_server: No package ID 7f found for ID 0x7f130fe9.
02-13 20:52:55.178  5606  5655 E system_server: No package ID 7f found for ID 0x7f0804bc.
02-13 20:52:55.178  5606  5655 E system_server: No package ID 7f found for ID 0x7f130fe7.
02-13 20:52:55.179  5606  5655 E system_server: No package ID 7f found for ID 0x7f0804ae.
02-13 20:52:55.179  5606  5655 E system_server: No package ID 7f found for ID 0x7f130fe8.
02-13 20:52:55.920  5606  8116 E BartenderActivityManager: BarTender: pid : 12530 cached=true abnormal=false kill=false stay=false release=false
02-13 20:52:55.930  5606  7391 E BartenderActivityManager: BarTender: pid : 12212 cached=true abnormal=false kill=false stay=false release=false
02-13 20:52:55.936  5606  7391 E BartenderActivityManager: BarTender: pid : 12473 cached=true abnormal=false kill=false stay=false release=false
02-13 20:52:57.651  5370  5459 E Netd    : getNetworkForDns: getNetId from enterpriseCtrl is netid 0
02-13 20:53:00.063  5606  5794 E AlarmManager: No more alarm at this time. nowELAPSED=618785855 batch.start=618834232 mNextWakeup=618834232 mNextNonWakeup=618785792 mAlarmBatches.size=114
02-13 20:53:00.063  5606  5794 E AlarmManager: Batch 1 size = 3 : 618834232, Batch 2 size = 1 : 618847961, Batch 3 size = 3 : 618905763
02-13 20:53:00.063  5606  5794 E AlarmManager: No more alarm at this time. mNextWakeup will be set as zero : 618834232
02-13 20:53:00.084  5606  5663 E BatteryExternalStatsWorker: no controller energy info supplied for bluetooth
02-13 20:53:00.175  1634  2857 E GmsRequestQueue: Tried to stop global GMSCore RequestQueue. This is likely unintended, so ignoring.
02-13 20:53:00.318  5162  5307 E PBSessionCacheImpl: sessionId[22704329313011014] not persisted.
02-13 20:53:00.399  7638  7638 E SKBD    : agy not release sticker resource because sticker is not running
02-13 20:53:00.467  5271  5272 E Layer   : $$$$$$$$$$$$$$$$$$$$$$$$$$$$$$$$$$$$$$$$$$$$$$$$$$$$$$$$$$$$$$$$$$$$$$$
02-13 20:53:00.467  5271  5272 E Layer   : Abnormal Layer [Screenshot Parent]
02-13 20:53:00.494  5271  5272 E BufferQueueProducer: [InputMethod[7638]#0] disconnect: not connected (req=1)
02-13 20:53:00.612  5370  5459 E Netd    : getNetworkForDns: getNetId from enterpriseCtrl is netid 0
02-13 20:53:00.639  5271  6877 E BufferQueueProducer: [com.united.mobile.android/com.united.mobile.android.ui.main.MainActivity[2370]#0] disconnect: not connected (req=1)
02-13 20:53:00.794  5606  8028 E WindowManager: win=Window{fffe6d7 u0 com.united.mobile.android/com.united.mobile.android.ui.main.MainActivity EXITING} destroySurfaces: appStopped=true win.mWindowRemovalAllowed=false win.mRemoveOnExit=false win.mViewVisibility=4 caller=com.android.server.wm.AppWindowToken.destroySurfaces:870 com.android.server.wm.AppWindowToken.destroySurfaces:851 com.android.server.wm.WindowState.onExitAnimationDone:5443 com.android.server.wm.-$$Lambda$01bPtngJg5AqEoOWfW3rWfV7MH4.accept:2 java.util.ArrayList.forEach:1262 com.android.server.wm.AppWindowToken.onAnimationFinished:2403 com.android.server.wm.-$$Lambda$yVRF8YoeNdTa8GR1wDStVsHu8xM.run:2 
02-13 20:53:02.293  7280  7280 E ProActiveLaunch: Sending Broadcast
02-13 20:53:02.308  7280  7280 E TrayManager: TrayManagerImp:trayMoveStart()
02-13 20:53:02.319  5606  5933 E ActivityManager: TouchDown intent received, starting ActiveLaunch
02-13 20:53:02.809  7280  7280 E TrayManager: TrayManagerImp:trayMoveEnd() stageMode: 6
02-13 20:53:03.191  5370  5459 E Netd    : getNetworkForDns: getNetId from enterpriseCtrl is netid 0
02-13 20:53:03.213  3361  3581 E Sensors : Sensor : Meta event
02-13 20:53:03.238  3361  3581 E Sensors : Sensor : Meta event
02-13 20:53:03.264  3361  3581 E Sensors : Sensor : Meta event
02-13 20:53:03.483  2886  2886 E Zygote  : isWhitelistProcess - Process is Whitelisted
02-13 20:53:03.484  2886  2886 E Zygote  : accessInfo : 1
02-13 20:53:03.492  2886  2886 E pmode.uiservic: Not starting debugger since process cannot load the jdwp agent.
02-13 20:53:03.510  5271  5819 E BufferQueueProducer: [com.android.systemui.infinity.InfinityWallpaperOrchid[6129]#0] disconnect: not connected (req=1)
02-13 20:53:03.515  5271  5272 E BufferQueueProducer: [com.sec.android.app.launcher/com.sec.android.app.launcher.activities.LauncherActivity[7280]#0] disconnect: not connected (req=1)
02-13 20:53:03.519  5606  6028 E WindowManager: win=Window{38bb8dc u0 com.sec.android.app.launcher/com.sec.android.app.launcher.activities.LauncherActivity} destroySurfaces: appStopped=false win.mWindowRemovalAllowed=false win.mRemoveOnExit=false win.mViewVisibility=8 caller=com.android.server.wm.WindowManagerService.tryStartExitingAnimation:2798 com.android.server.wm.WindowManagerService.relayoutWindow:2496 com.android.server.wm.Session.relayoutForTranslate:302 android.view.IWindowSession$Stub.onTransact:518 com.android.server.wm.Session.onTransact:186 android.os.Binder.execTransact:739 <bottom of call stack> 
02-13 20:53:03.573  5606  5759 E WindowManager: win=Window{3f02ba9 u0 SnapshotStartingWindow for taskId=9869 EXITING} destroySurfaces: appStopped=false win.mWindowRemovalAllowed=true win.mRemoveOnExit=true win.mViewVisibility=0 caller=com.android.server.wm.AppWindowToken.destroySurfaces:870 com.android.server.wm.AppWindowToken.destroySurfaces:851 com.android.server.wm.WindowState.onExitAnimationDone:5443 com.android.server.wm.WindowStateAnimator.onAnimationFinished:319 com.android.server.wm.WindowState.onAnimationFinished:5865 com.android.server.wm.-$$Lambda$yVRF8YoeNdTa8GR1wDStVsHu8xM.run:2 com.android.server.wm.SurfaceAnimator.lambda$getFinishedCallback$0:97 
02-13 20:53:05.779  7638  7638 E SKBD    : agy not release sticker resource because sticker is not running
02-13 20:53:05.862  5271  5272 E BufferQueueProducer: [InputMethod[7638]#0] disconnect: not connected (req=1)
02-13 20:53:10.201  2921  2921 E Zygote  : isWhitelistProcess - Process is Whitelisted
02-13 20:53:10.203  2921  2921 E Zygote  : accessInfo : 1
02-13 20:53:10.218  2921  2921 E ungpassautofil: Not starting debugger since process cannot load the jdwp agent.
02-13 20:53:10.240  5370  5469 E IptablesRestoreController: [iptables debug]iptables-restore execute *filter
02-13 20:53:10.240  5370  5469 E IptablesRestoreController: -D fw_standby_uid -m owner --uid-owner 10163 -j DROP
02-13 20:53:10.240  5370  5469 E IptablesRestoreController: COMMIT
02-13 20:53:10.261  5370  5469 E IptablesRestoreController: [iptables debug]iptables-restore execute done *filter
02-13 20:53:10.261  5370  5469 E IptablesRestoreController: -D fw_standby_uid -m owner --uid-owner 10163 -j DROP
02-13 20:53:10.261  5370  5469 E IptablesRestoreController: COMMIT
02-13 20:53:10.261  5370  5469 E IptablesRestoreController: , res : 0
02-13 20:53:10.392 21990 21990 E IrisService: onStartCommand
02-13 20:53:10.396 21990 21990 E IrisService: IrisService already exist.
02-13 20:53:10.396 21990 21990 E IrisService: onStartCommand done
02-13 20:53:10.438 21990 21990 E IrisService: onStartCommand
02-13 20:53:10.439 21990 21990 E IrisService: IrisService already exist.
02-13 20:53:10.439 21990 21990 E IrisService: onStartCommand done
02-13 20:53:10.536  5370  5459 E Netd    : getNetworkForDns: getNetId from enterpriseCtrl is netid 0
02-13 20:53:10.542  5370  5459 E Netd    : getNetworkForDns: getNetId from enterpriseCtrl is netid 0
02-13 20:53:10.752  5271  5272 E BufferQueueProducer: [Autofill UI#0] disconnect: not connected (req=1)
02-13 20:53:10.795  2970  2970 E Zygote  : isWhitelistProcess - Process is Whitelisted
02-13 20:53:10.798  2970  2970 E Zygote  : accessInfo : 1
02-13 20:53:10.817  5606  5657 E ViewRootImpl: sendUserActionEvent() returned.
02-13 20:53:10.837  2970  2970 E io.face.servic: Not starting debugger since process cannot load the jdwp agent.
02-13 20:53:11.029  5606  5759 E WindowManager: win=Window{511e26b u0 Autofill UI EXITING} destroySurfaces: appStopped=false win.mWindowRemovalAllowed=true win.mRemoveOnExit=true win.mViewVisibility=0 caller=com.android.server.wm.WindowState.destroySurface:3805 com.android.server.wm.AppWindowToken.destroySurfaces:870 com.android.server.wm.AppWindowToken.destroySurfaces:851 com.android.server.wm.WindowState.onExitAnimationDone:5443 com.android.server.wm.WindowStateAnimator.onAnimationFinished:319 com.android.server.wm.WindowState.onAnimationFinished:5865 com.android.server.wm.-$$Lambda$yVRF8YoeNdTa8GR1wDStVsHu8xM.run:2 
02-13 20:53:11.389  5271  8048 E BufferQueueProducer: [Autofill UI#1] disconnect: not connected (req=1)
02-13 20:53:11.404  5606  5657 E ViewRootImpl: sendUserActionEvent() returned.
02-13 20:53:11.521  7638  7638 E SKBD    : agy not release sticker resource because sticker is not running
02-13 20:53:11.582  5271  5819 E BufferQueueProducer: [InputMethod[7638]#0] disconnect: not connected (req=1)
02-13 20:53:11.645  5606  5759 E WindowManager: win=Window{7fe622f u0 Autofill UI EXITING} destroySurfaces: appStopped=false win.mWindowRemovalAllowed=true win.mRemoveOnExit=true win.mViewVisibility=0 caller=com.android.server.wm.WindowState.destroySurface:3805 com.android.server.wm.AppWindowToken.destroySurfaces:870 com.android.server.wm.AppWindowToken.destroySurfaces:851 com.android.server.wm.WindowState.onExitAnimationDone:5443 com.android.server.wm.WindowStateAnimator.onAnimationFinished:319 com.android.server.wm.WindowState.onAnimationFinished:5865 com.android.server.wm.-$$Lambda$yVRF8YoeNdTa8GR1wDStVsHu8xM.run:2 
02-13 20:53:11.777  5370  5459 E Netd    : getNetworkForDns: getNetId from enterpriseCtrl is netid 0
02-13 20:53:12.695  5606  8560 E BartenderActivityManager: BarTender: pid : 27384 cached=true abnormal=false kill=false stay=false release=false
02-13 20:53:12.704  5606  8560 E BartenderActivityManager: BarTender: pid : 14557 cached=true abnormal=false kill=false stay=false release=false
02-13 20:53:12.756  5606  7389 E BartenderActivityManager: BarTender: pid : 1496 cached=true abnormal=false kill=false stay=false release=false
02-13 20:53:12.764  5606  7389 E BartenderActivityManager: BarTender: pid : 1527 cached=true abnormal=false kill=false stay=false release=false
02-13 20:53:12.772  5606  7389 E BartenderActivityManager: BarTender: pid : 1550 cached=true abnormal=false kill=false stay=false release=false
02-13 20:53:12.779  5606  7389 E BartenderActivityManager: BarTender: pid : 1580 cached=true abnormal=false kill=false stay=false release=false
02-13 20:53:12.785  5606  7389 E BartenderActivityManager: BarTender: pid : 10235 cached=true abnormal=false kill=false stay=false release=false
02-13 20:53:12.904  5606  8560 E BartenderActivityManager: BarTender: pid : 14616 cached=true abnormal=false kill=false stay=false release=false
02-13 20:53:12.909  5606  8560 E BartenderActivityManager: BarTender: pid : 25280 cached=true abnormal=false kill=false stay=false release=false
02-13 20:53:12.924  5606  7389 E BartenderActivityManager: BarTender: pid : 32496 cached=true abnormal=false kill=false stay=false release=false
02-13 20:53:13.616  3002  3002 E Zygote  : isWhitelistProcess - Process is Whitelisted
02-13 20:53:13.617  3002  3002 E Zygote  : isSdpEnabledProcess - SDP enabled
02-13 20:53:13.617  3002  3002 E Zygote  : accessInfo : 5
02-13 20:53:13.618  3002  3002 E Zygote  : isSdpEnabledProcess - SDP enabled
02-13 20:53:13.618  3002  3002 E Zygote  : setSDPgroupsIntarray[pid]: 0 / [gid]: 10203 / [uid]: 10203
02-13 20:53:13.625  3002  3002 E id.app.sbrowse: Not starting debugger since process cannot load the jdwp agent.
02-13 20:53:13.648  5370  5469 E IptablesRestoreController: [iptables debug]iptables-restore execute *filter
02-13 20:53:13.648  5370  5469 E IptablesRestoreController: -D fw_standby_uid -m owner --uid-owner 10203 -j DROP
02-13 20:53:13.648  5370  5469 E IptablesRestoreController: COMMIT
02-13 20:53:13.657  5370  5469 E IptablesRestoreController: [iptables debug]iptables-restore execute done *filter
02-13 20:53:13.657  5370  5469 E IptablesRestoreController: -D fw_standby_uid -m owner --uid-owner 10203 -j DROP
02-13 20:53:13.657  5370  5469 E IptablesRestoreController: COMMIT
02-13 20:53:13.657  5370  5469 E IptablesRestoreController: , res : 0
02-13 20:53:13.690  2520  2520 E cr_BTSPrefs: No data found for task id: 53
02-13 20:53:13.690  2520  2520 E cr_BkgrdTaskScheduler: Task cannot be canceled because no data was found instorage or data was invalid
02-13 20:53:13.877  3002  3002 E SBrowserIntentHandler: getUrlFromWebSearchIntent TerraceHelper not initialized! nothing done!
02-13 20:53:13.886  3002  3002 E SBrowserIntentHandler: getUrlFromWebSearchIntent TerraceHelper not initialized! nothing done!
02-13 20:53:13.887  3002  3002 E SBrowserIntentHandler: getUrlFromWebSearchIntent TerraceHelper not initialized! nothing done!
02-13 20:53:13.919  3002  3002 E SBrowserIntentHandler: getUrlFromWebSearchIntent TerraceHelper not initialized! nothing done!
02-13 20:53:13.920  3002  3002 E SBrowserIntentHandler: getUrlFromWebSearchIntent TerraceHelper not initialized! nothing done!
02-13 20:53:14.330  3050  3050 E Zygote  : isWhitelistProcess - Process is Whitelisted
02-13 20:53:14.330  3050  3050 E Zygote  : isSdpEnabledProcess - SDP enabled
02-13 20:53:14.331  3050  3050 E Zygote  : accessInfo : 5
02-13 20:53:14.331  3050  3050 E Zygote  : isSdpEnabledProcess - SDP enabled
02-13 20:53:14.331  3050  3050 E Zygote  : setSDPgroupsIntarray[pid]: 0 / [gid]: 10203 / [uid]: 10203
02-13 20:53:14.338  3050  3050 E ileged_process: Not starting debugger since process cannot load the jdwp agent.
02-13 20:53:14.623  3002  3099 E SQLiteSdpHelper: registerListener() - Engine Id : 1000
02-13 20:53:14.632  3104  3104 E Zygote  : isWhitelistProcess - Process is Whitelisted
02-13 20:53:14.634  3104  3104 E Zygote  : accessInfo : 1
02-13 20:53:14.644  3104  3104 E e.process.gapp: Not starting debugger since process cannot load the jdwp agent.
02-13 20:53:14.790  5606  8560 E TLC_TZ_KEYSTORE: : Self Test Succeded
02-13 20:53:14.794  5606  8560 E TLC_TZ_KEYSTORE: : Count : 1, Ret : 0
02-13 20:53:14.794  5606  8560 E         : TimaKeyStore: tima_check_tzdriver success : 0
02-13 20:53:14.801  5606  8560 E TLC_TZ_KEYSTORE: : Inside TZ_KEYSTORE_encrypt_filename()
02-13 20:53:14.826  5606  8560 E TLC_TZ_KEYSTORE: : Count : 1, Ret : 0
02-13 20:53:14.835  5606  8560 E LockSettingsStorage: Cannot read file java.io.FileNotFoundException: /data/system/users/1000/spblob/a6dbbf72f56983c8.weaver: open failed: ENOENT (No such file or directory)
02-13 20:53:14.869  5606  8560 E TLC_TZ_KEYSTORE: : Self Test Succeded
02-13 20:53:14.872  5606  8560 E TLC_TZ_KEYSTORE: : Count : 1, Ret : 0
02-13 20:53:14.872  5606  8560 E         : TimaKeyStore: tima_check_tzdriver success : 0
02-13 20:53:14.873  5271  8048 E BufferQueueProducer: [com.united.mobile.android/com.united.mobile.android.ui.main.MainActivity[2370]#0] disconnect: not connected (req=1)
02-13 20:53:14.873  5606  8560 E TLC_TZ_KEYSTORE: : Inside TZ_KEYSTORE_encrypt_filename()
02-13 20:53:14.881  5606  8117 E WindowManager: win=Window{fffe6d7 u0 com.united.mobile.android/com.united.mobile.android.ui.main.MainActivity} destroySurfaces: appStopped=false win.mWindowRemovalAllowed=false win.mRemoveOnExit=false win.mViewVisibility=8 caller=com.android.server.wm.WindowManagerService.tryStartExitingAnimation:2798 com.android.server.wm.WindowManagerService.relayoutWindow:2496 com.android.server.wm.Session.relayoutForTranslate:302 android.view.IWindowSession$Stub.onTransact:518 com.android.server.wm.Session.onTransact:186 android.os.Binder.execTransact:739 <bottom of call stack> 
02-13 20:53:14.895  5606  8560 E TLC_TZ_KEYSTORE: : Count : 1, Ret : 0
02-13 20:53:14.896  3002  3002 E SystemSettingsObserver: exception : com.sec.sbrowser.spl.util.FallbackException: Fallback exception
02-13 20:53:14.916  3002  3099 E SdpAssistant: unlockViaTrusted failed -99
02-13 20:53:14.994  5606  8560 E PackageManager: Failed to find package; permName: android.permission.INTERNET, uid: 99649, caller: 1000
02-13 20:53:15.013  3123  3123 E Zygote  : accessInfo : 5
02-13 20:53:15.013  3123  3123 E Zygote  : isSdpEnabledProcess - SDP enabled
02-13 20:53:15.013  3123  3123 E Zygote  : setSDPgroupsIntarray[pid]: 0 / [gid]: 99649 / [uid]: 99649
02-13 20:53:15.022  3123  3123 E dboxed_process: Not starting debugger since process cannot load the jdwp agent.
02-13 20:53:15.048  3002  3041 E cr_SBApiBridge: Failed to init handler: Attempt to invoke virtual method 'java.lang.reflect.Constructor java.lang.Class.getDeclaredConstructor(java.lang.Class[])' on a null object reference
02-13 20:53:16.297  5370  5459 E Netd    : getNetworkForDns: getNetId from enterpriseCtrl is netid 0
02-13 20:53:16.333  3361  3581 E Sensors : Sensor : Meta event
02-13 20:53:16.358  3361  3581 E Sensors : Sensor : Meta event
02-13 20:53:16.384  3361  3581 E Sensors : Sensor : Meta event
02-13 20:53:16.438  3123  3123 E SBrowserApplication: Exception while checking main process: java.lang.SecurityException: Isolated process not allowed to call getRunningAppProcesses
02-13 20:53:17.120  5271  8048 E BufferQueueProducer: [SurfaceView - com.sec.android.app.sbrowser/com.sec.android.app.sbrowser.custom_tab.SeparateTaskCustomTabActivity@9db2238@0[3002]#0] disconnect: not connected (req=1)
02-13 20:53:17.139  5271  8048 E BufferQueueProducer: [com.sec.android.app.sbrowser/com.sec.android.app.sbrowser.custom_tab.SeparateTaskCustomTabActivity[3002]#0] disconnect: not connected (req=1)
02-13 20:53:17.148  5606  8121 E WindowManager: win=Window{7adbfcd u0 com.sec.android.app.sbrowser/com.sec.android.app.sbrowser.custom_tab.SeparateTaskCustomTabActivity} destroySurfaces: appStopped=false win.mWindowRemovalAllowed=false win.mRemoveOnExit=false win.mViewVisibility=8 caller=com.android.server.wm.WindowManagerService.tryStartExitingAnimation:2798 com.android.server.wm.WindowManagerService.relayoutWindow:2496 com.android.server.wm.Session.relayoutForTranslate:302 android.view.IWindowSession$Stub.onTransact:518 com.android.server.wm.Session.onTransact:186 android.os.Binder.execTransact:739 <bottom of call stack> 
02-13 20:53:17.290  5606  7442 E BartenderActivityManager: BarTender: pid : 31531 cached=true abnormal=false kill=false stay=false release=false
02-13 20:53:17.888  5370  5459 E Netd    : getNetworkForDns: getNetId from enterpriseCtrl is netid 0
02-13 20:53:18.082  5370  5459 E Netd    : getNetworkForDns: getNetId from enterpriseCtrl is netid 0
02-13 20:53:18.083  5370  5459 E Netd    : getNetworkForDns: getNetId from enterpriseCtrl is netid 0
02-13 20:53:18.084  5370  5459 E Netd    : getNetworkForDns: getNetId from enterpriseCtrl is netid 0
02-13 20:53:18.437  5606  8121 E BartenderActivityManager: BarTender: pid : 2465 cached=true abnormal=false kill=false stay=false release=false
02-13 20:53:18.443  5606  8121 E BartenderActivityManager: BarTender: pid : 2520 cached=true abnormal=false kill=false stay=false release=false
02-13 20:53:18.547  5370  5459 E Netd    : getNetworkForDns: getNetId from enterpriseCtrl is netid 0
02-13 20:53:21.697  5606  6124 E Watchdog: !@Sync 7948 [2021-02-13 20:53:21.697] FD count : 589
02-13 20:53:22.154  5271  5819 E BufferQueueProducer: [com.united.mobile.android/com.united.mobile.android.ui.main.MainActivity[2370]#1] disconnect: not connected (req=1)
02-13 20:53:22.553  2370  2370 E ViewRootImpl: sendUserActionEvent() returned.
02-13 20:53:22.631  5370  5459 E Netd    : getNetworkForDns: getNetId from enterpriseCtrl is netid 0
02-13 20:53:22.634  5370  5459 E Netd    : getNetworkForDns: getNetId from enterpriseCtrl is netid 0
02-13 20:53:22.641  5370  5459 E Netd    : getNetworkForDns: getNetId from enterpriseCtrl is netid 0
02-13 20:53:22.642  5370  5459 E Netd    : getNetworkForDns: getNetId from enterpriseCtrl is netid 0
02-13 20:53:25.260  5370  5459 E Netd    : getNetworkForDns: getNetId from enterpriseCtrl is netid 0
