02-13 20:37:17.181  5370  5469 E IptablesRestoreController: -A fw_standby_uid -m owner --uid-owner 10052 -j DROP
02-13 20:37:17.181  5370  5469 E IptablesRestoreController: COMMIT
02-13 20:37:17.198  5370  5469 E IptablesRestoreController: [iptables debug]iptables-restore execute done *filter
02-13 20:37:17.198  5370  5469 E IptablesRestoreController: -A fw_standby_uid -m owner --uid-owner 10052 -j DROP
02-13 20:37:17.198  5370  5469 E IptablesRestoreController: COMMIT
02-13 20:37:17.198  5370  5469 E IptablesRestoreController: , res : 0
02-13 20:37:17.201  5370  5469 E IptablesRestoreController: [iptables debug]iptables-restore execute *filter
02-13 20:37:17.201  5370  5469 E IptablesRestoreController: -A fw_standby_uid -m owner --uid-owner 10131 -j DROP
02-13 20:37:17.201  5370  5469 E IptablesRestoreController: COMMIT
02-13 20:37:17.218  5370  5469 E IptablesRestoreController: [iptables debug]iptables-restore execute done *filter
02-13 20:37:17.218  5370  5469 E IptablesRestoreController: -A fw_standby_uid -m owner --uid-owner 10131 -j DROP
02-13 20:37:17.218  5370  5469 E IptablesRestoreController: COMMIT
02-13 20:37:17.218  5370  5469 E IptablesRestoreController: , res : 0
02-13 20:37:32.974 24710 20147 E SQLiteCastStore: Skip saving CastDeviceInfo: "Устройство поблизости" (__cast_nearby___V_214b9639-a8b7-4b1a-bca3-fd762fda75bc)
02-13 20:37:50.917  5370  5469 E IptablesRestoreController: [iptables debug]iptables-restore execute *filter
02-13 20:37:50.917  5370  5469 E IptablesRestoreController: -A fw_standby_uid -m owner --uid-owner 10180 -j DROP
02-13 20:37:50.917  5370  5469 E IptablesRestoreController: COMMIT
02-13 20:37:50.963  5370  5469 E IptablesRestoreController: [iptables debug]iptables-restore execute done *filter
02-13 20:37:50.963  5370  5469 E IptablesRestoreController: -A fw_standby_uid -m owner --uid-owner 10180 -j DROP
02-13 20:37:50.963  5370  5469 E IptablesRestoreController: COMMIT
02-13 20:37:50.963  5370  5469 E IptablesRestoreController: , res : 0
02-13 20:38:22.444 32733 32733 E Zygote  : isWhitelistProcess - Process is Whitelisted
02-13 20:38:22.448 32733 32733 E Zygote  : accessInfo : 1
02-13 20:38:22.482 32739 32739 E Zygote  : isWhitelistProcess - Process is Whitelisted
02-13 20:38:22.486 32733 32733 E android.youtub: Not starting debugger since process cannot load the jdwp agent.
02-13 20:38:22.486 32739 32739 E Zygote  : accessInfo : 1
02-13 20:38:22.504 32739 32739 E le.CoursePlaye: Not starting debugger since process cannot load the jdwp agent.
02-13 20:38:22.519 32757 32757 E Zygote  : isWhitelistProcess - Process is Whitelisted
02-13 20:38:22.525 32757 32757 E Zygote  : accessInfo : 1
02-13 20:38:22.560 32757 32757 E droid.apps.doc: Not starting debugger since process cannot load the jdwp agent.
02-13 20:38:23.299  5370  5459 E Netd    : getNetworkForDns: getNetId from enterpriseCtrl is netid 0
02-13 20:38:23.335  5370  5459 E Netd    : getNetworkForDns: getNetId from enterpriseCtrl is netid 0
02-13 20:38:23.528 32733   427 E GEL_DELAYED_EVENT_DEBUG: Failed delayed event dispatch, no dispatchers.
02-13 20:38:23.696 32757   387 E NotificationAccessor: Cannot delete notification channel. Channel not found.
02-13 20:38:23.701 32757   387 E NotificationAccessor: Cannot delete notification channel. Channel not found.
02-13 20:38:23.707 32757   387 E NotificationAccessor: Cannot delete notification channel. Channel not found.
02-13 20:38:23.718 32757   387 E NotificationAccessor: Cannot delete notification channel. Channel not found.
02-13 20:38:23.721 32757   387 E NotificationAccessor: Cannot delete notification channel. Channel not found.
02-13 20:38:24.190  5370  5459 E Netd    : getNetworkForDns: getNetId from enterpriseCtrl is netid 0
02-13 20:38:24.204  5370  5459 E Netd    : getNetworkForDns: getNetId from enterpriseCtrl is netid 0
02-13 20:38:24.281  5370  5459 E Netd    : getNetworkForDns: getNetId from enterpriseCtrl is netid 0
02-13 20:38:24.651 32733   464 E FirebaseMessaging: Topic operation failed: SERVICE_NOT_AVAILABLE. Will retry Topic operation.
02-13 20:38:24.876 32757   364 E CelloDelayUploadFixer: [RxCachedThreadScheduler-5] Cleanup delay upload complete
02-13 20:38:25.368  5370  5459 E Netd    : getNetworkForDns: getNetId from enterpriseCtrl is netid 0
02-13 20:38:25.539  5370  5459 E Netd    : getNetworkForDns: getNetId from enterpriseCtrl is netid 0
02-13 20:38:25.556 32739   333 E FirebaseCrashlytics: Settings request failed.
02-13 20:38:28.367 24768 29536 E rs$DefaultThreadFactory: ===== Detect pool-thread leak =====
02-13 20:38:28.368 24768 29536 E rs$DefaultThreadFactory: dalvik.system.VMStack.getThreadStackTrace(Native Method)
02-13 20:38:28.368 24768 29536 E rs$DefaultThreadFactory: java.lang.Thread.getStackTrace(Thread.java:1538)
02-13 20:38:28.368 24768 29536 E rs$DefaultThreadFactory: java.util.concurrent.Executors$DefaultThreadFactory.newThread(Executors.java:569)
02-13 20:38:28.368 24768 29536 E rs$DefaultThreadFactory: tqo.newThread(:com.google.android.gms@210214028@21.02.14 (100400-352619232):0)
02-13 20:38:28.368 24768 29536 E rs$DefaultThreadFactory: java.util.concurrent.ThreadPoolExecutor$Worker.<init>(ThreadPoolExecutor.java:636)
02-13 20:38:28.368 24768 29536 E rs$DefaultThreadFactory: java.util.concurrent.ThreadPoolExecutor.addWorker(ThreadPoolExecutor.java:950)
02-13 20:38:28.368 24768 29536 E rs$DefaultThreadFactory: java.util.concurrent.ThreadPoolExecutor.execute(ThreadPoolExecutor.java:1393)
02-13 20:38:28.368 24768 29536 E rs$DefaultThreadFactory: tkt.e(:com.google.android.gms@210214028@21.02.14 (100400-352619232):5)
02-13 20:38:28.368 24768 29536 E rs$DefaultThreadFactory: tkt.execute(:com.google.android.gms@210214028@21.02.14 (100400-352619232):2)
02-13 20:38:28.368 24768 29536 E rs$DefaultThreadFactory: abbv.a(:com.google.android.gms@210214028@21.02.14 (100400-352619232):0)
02-13 20:38:28.368 24768 29536 E rs$DefaultThreadFactory: abbv.run(:com.google.android.gms@210214028@21.02.14 (100400-352619232):12)
02-13 20:38:28.368 24768 29536 E rs$DefaultThreadFactory: bqnc.run(:com.google.android.gms@210214028@21.02.14 (100400-352619232):2)
02-13 20:38:28.368 24768 29536 E rs$DefaultThreadFactory: tks.c(:com.google.android.gms@210214028@21.02.14 (100400-352619232):6)
02-13 20:38:28.368 24768 29536 E rs$DefaultThreadFactory: tks.run(:com.google.android.gms@210214028@21.02.14 (100400-352619232):8)
02-13 20:38:28.368 24768 29536 E rs$DefaultThreadFactory: java.util.concurrent.ThreadPoolExecutor.runWorker(ThreadPoolExecutor.java:1167)
02-13 20:38:28.368 24768 29536 E rs$DefaultThreadFactory: java.util.concurrent.ThreadPoolExecutor$Worker.run(ThreadPoolExecutor.java:641)
02-13 20:38:28.368 24768 29536 E rs$DefaultThreadFactory: tqp.run(:com.google.android.gms@210214028@21.02.14 (100400-352619232):0)
02-13 20:38:28.368 24768 29536 E rs$DefaultThreadFactory: java.lang.Thread.run(Thread.java:764)
02-13 20:38:28.381 24768   770 E rs$DefaultThreadFactory: ===== Detect pool-thread leak =====
02-13 20:38:28.382 24768   770 E rs$DefaultThreadFactory: dalvik.system.VMStack.getThreadStackTrace(Native Method)
02-13 20:38:28.382 24768   770 E rs$DefaultThreadFactory: java.lang.Thread.getStackTrace(Thread.java:1538)
02-13 20:38:28.383 24768   770 E rs$DefaultThreadFactory: java.util.concurrent.Executors$DefaultThreadFactory.newThread(Executors.java:569)
02-13 20:38:28.383 24768   770 E rs$DefaultThreadFactory: tqo.newThread(:com.google.android.gms@210214028@21.02.14 (100400-352619232):0)
02-13 20:38:28.383 24768   770 E rs$DefaultThreadFactory: java.util.concurrent.ThreadPoolExecutor$Worker.<init>(ThreadPoolExecutor.java:636)
02-13 20:38:28.383 24768   770 E rs$DefaultThreadFactory: java.util.concurrent.ThreadPoolExecutor.addWorker(ThreadPoolExecutor.java:950)
02-13 20:38:28.383 24768   770 E rs$DefaultThreadFactory: java.util.concurrent.ThreadPoolExecutor.execute(ThreadPoolExecutor.java:1393)
02-13 20:38:28.383 24768   770 E rs$DefaultThreadFactory: tks.d(:com.google.android.gms@210214028@21.02.14 (100400-352619232):4)
02-13 20:38:28.383 24768   770 E rs$DefaultThreadFactory: tks.run(:com.google.android.gms@210214028@21.02.14 (100400-352619232):9)
02-13 20:38:28.383 24768   770 E rs$DefaultThreadFactory: java.util.concurrent.ThreadPoolExecutor.runWorker(ThreadPoolExecutor.java:1167)
02-13 20:38:28.383 24768   770 E rs$DefaultThreadFactory: java.util.concurrent.ThreadPoolExecutor$Worker.run(ThreadPoolExecutor.java:641)
02-13 20:38:28.383 24768   770 E rs$DefaultThreadFactory: tqp.run(:com.google.android.gms@210214028@21.02.14 (100400-352619232):0)
02-13 20:38:28.383 24768   770 E rs$DefaultThreadFactory: java.lang.Thread.run(Thread.java:764)
02-13 20:38:31.281  5606  5659 E libprocessgroup: Error encountered killing process cgroup uid 99646 pid 31712: No such file or directory
02-13 20:38:33.163  5606  5655 E system_server: No package ID 7f found for ID 0x7f080267.
02-13 20:38:33.163  5606  5655 E system_server: No package ID 7f found for ID 0x7f1304f1.
02-13 20:38:33.163  5606  5655 E system_server: No package ID 7f found for ID 0x7f1304f1.
02-13 20:38:33.164  5606  5655 E system_server: No package ID 7f found for ID 0x7f080263.
02-13 20:38:33.164  5606  5655 E system_server: No package ID 7f found for ID 0x7f1304ef.
02-13 20:38:33.164  5606  5655 E system_server: No package ID 7f found for ID 0x7f1304ef.
02-13 20:38:33.164  5606  5655 E system_server: No package ID 7f found for ID 0x7f080265.
02-13 20:38:33.164  5606  5655 E system_server: No package ID 7f found for ID 0x7f1304f0.
02-13 20:38:33.164  5606  5655 E system_server: No package ID 7f found for ID 0x7f1304f0.
02-13 20:38:48.569   814   814 E Zygote  : isWhitelistProcess - Process is Whitelisted
02-13 20:38:48.572   814   814 E Zygote  : accessInfo : 1
02-13 20:38:48.591   814   814 E id.partnersetu: Not starting debugger since process cannot load the jdwp agent.
02-13 20:38:48.699  3258  3258 E audit   : avc:  denied  { find } for interface=android.hardware.memtrack::IMemtrack sid=u:r:untrusted_app:s0:c246,c256,c512,c768 pid=32496 scontext=u:r:untrusted_app:s0:c246,c256,c512,c768 tcontext=u:object_r:hal_memtrack_hwservice:s0 tclass=hwservice_manager permissive=0
02-13 20:38:48.700  3258  3258 E audit   : avc:  denied  { find } for interface=android.hardware.memtrack::IMemtrack sid=u:r:untrusted_app:s0:c246,c256,c512,c768 pid=32496 scontext=u:r:untrusted_app:s0:c246,c256,c512,c768 tcontext=u:object_r:hal_memtrack_hwservice:s0 tclass=hwservice_manager permissive=0
02-13 20:38:48.709  3258  3258 E audit   : avc:  denied  { find } for interface=android.hardware.memtrack::IMemtrack sid=u:r:untrusted_app:s0:c246,c256,c512,c768 pid=32496 scontext=u:r:untrusted_app:s0:c246,c256,c512,c768 tcontext=u:object_r:hal_memtrack_hwservice:s0 tclass=hwservice_manager permissive=0
02-13 20:38:48.878   834   834 E Zygote  : isWhitelistProcess - Process is Whitelisted
02-13 20:38:48.880   834   834 E Zygote  : accessInfo : 1
02-13 20:38:48.898   834   834 E com.ria.dom: Not starting debugger since process cannot load the jdwp agent.
02-13 20:38:49.412  5370  5459 E Netd    : getNetworkForDns: getNetId from enterpriseCtrl is netid 0
02-13 20:38:49.636  5370  5459 E Netd    : getNetworkForDns: getNetId from enterpriseCtrl is netid 0
02-13 20:38:50.154   834   886 E GraphResponse: {HttpStatus: 400, errorCode: 43003, subErrorCode: -1, errorType: OAuthException, errorMessage: (#43003) App button auto detection is disabled}
02-13 20:38:54.992 32733   464 E FirebaseMessaging: Topic operation failed: SERVICE_NOT_AVAILABLE. Will retry Topic operation.
02-13 20:38:55.816  5370  5459 E Netd    : getNetworkForDns: getNetId from enterpriseCtrl is netid 0
02-13 20:38:55.837  5370  5459 E Netd    : getNetworkForDns: getNetId from enterpriseCtrl is netid 0
02-13 20:39:20.045   944   944 E Zygote  : isWhitelistProcess - Process is Whitelisted
02-13 20:39:20.048   944   944 E Zygote  : accessInfo : 1
02-13 20:39:20.072   944   944 E oid.samsungpas: Not starting debugger since process cannot load the jdwp agent.
02-13 20:39:20.497  3257  3257 E ServiceManager: add_service('com.samsung.android.pass.IPassService',117) uid=1201 - ALREADY REGISTERED, OVERRIDE
02-13 20:39:33.432 20979 22430 E WakeLock: IntentOp:com.google.android.gms/.chimera.GmsIntentOperationService ** IS FORCE-RELEASED ON TIMEOUT **
02-13 20:39:42.961  1013  1013 E Zygote  : isWhitelistProcess - Process is Whitelisted
02-13 20:39:42.964  1013  1013 E Zygote  : accessInfo : 1
02-13 20:39:42.984  1013  1013 E inkedin.androi: Not starting debugger since process cannot load the jdwp agent.
02-13 20:39:43.225  1013  1013 E FlagshipApplication: [main] FlagshipApplication#onCreate() called for process id 1013
02-13 20:39:43.532  5370  5459 E Netd    : getNetworkForDns: getNetId from enterpriseCtrl is netid 0
02-13 20:39:50.760  5370  5469 E IptablesRestoreController: [iptables debug]iptables-restore execute *filter
02-13 20:39:50.760  5370  5469 E IptablesRestoreController: -A fw_standby_uid -m owner --uid-owner 10202 -j DROP
02-13 20:39:50.760  5370  5469 E IptablesRestoreController: COMMIT
02-13 20:39:50.793  5370  5469 E IptablesRestoreController: [iptables debug]iptables-restore execute done *filter
02-13 20:39:50.793  5370  5469 E IptablesRestoreController: -A fw_standby_uid -m owner --uid-owner 10202 -j DROP
02-13 20:39:50.793  5370  5469 E IptablesRestoreController: COMMIT
02-13 20:39:50.793  5370  5469 E IptablesRestoreController: , res : 0
02-13 20:39:55.343 32733   464 E FirebaseMessaging: Topic operation failed: SERVICE_NOT_AVAILABLE. Will retry Topic operation.
02-13 20:40:01.995  6324  6593 E EPDG -- SIM0 [RILRECEIVER]: Incorrect EpdgIilIpcMessage IPC Message -- not initialized
02-13 20:40:01.999  5935  6497 E ImsAdaptorImpl: setSSACInfo : ImsAdaptorImpl.
02-13 20:40:02.010  5935  6497 E ImsAdaptorImpl: setSSACInfo : ImsAdaptorImpl.
02-13 20:40:02.011  6324  6593 E EPDG -- SIM0 [RILRECEIVER]: Incorrect EpdgIilIpcMessage IPC Message -- not initialized
02-13 20:40:02.014  6324  6593 E EPDG -- SIM0 [RILRECEIVER]: RX [NET_REGIST] -- RESPONSE -- not initialized
02-13 20:40:10.772  1109  1109 E Zygote  : isWhitelistProcess - Process is Whitelisted
02-13 20:40:10.776  1109  1109 E Zygote  : accessInfo : 1
02-13 20:40:10.798  1109  1109 E com.viber.voip: Not starting debugger since process cannot load the jdwp agent.
02-13 20:40:10.984  1109  1109 E HMSSDK_HMSPackageManager: Failed to find HMS apk
02-13 20:40:10.986  1109  1109 E HMSSDK_HMSPackageManager: Failed to find HMS apk
02-13 20:40:10.991  1109  1109 E HMSSDK_HMSPackageManager: Failed to find HMS apk
02-13 20:40:11.610  1109  1109 E com.viber.voip: No package ID ff found for ID 0xffffffff.
02-13 20:40:11.808  1109  1170 E NativeMethods: looking up class com/viber/jni/PhoneControllerHelper
02-13 20:40:11.810  1109  1170 E NativeMethods: looking up class com/viber/jni/backup/BackupReader
02-13 20:40:11.810  1109  1170 E NativeMethods: looking up class com/viber/jni/backup/BackupWriter
02-13 20:40:11.811  1109  1170 E NativeMethods: looking up class com/viber/jni/slashkey/SlashKeyAdapter
02-13 20:40:11.811  1109  1170 E NativeMethods: looking up class com/viber/jni/slashkey/SlashKeyController
02-13 20:40:11.811  1109  1170 E NativeMethods: looking up class com/viber/voip/sound/NativeMediaDelegateExtra
02-13 20:40:11.811  1109  1170 E NativeMethods: looking up class com/viber/jni/webrtc/IncomingProcessedCallback
02-13 20:40:11.811  1109  1170 E NativeMethods: looking up class com/viber/jni/webrtc/IncomingSdpProcessedCallback
02-13 20:40:11.835  3376  3777 E NativeSemDvfsCpuManager: acquire:: Start
02-13 20:40:11.835  3376  3777 E NativeSemDvfsCpuManager: acquire:: timeout = -1 mIsAcquired = 0  mTagName : AudioFlinger 
02-13 20:40:11.838  3376  3777 E NativeCustomFrequencyManager: [NativeCFMS] BpCustomFrequencyManager::acquireDVFSLock() 
02-13 20:40:11.839  3376  3777 E NativeSemDvfsCpuManager: acquire:: End
02-13 20:40:14.849  3376  3777 E NativeSemDvfsCpuManager: release:: Start
02-13 20:40:14.849  3376  3777 E NativeSemDvfsCpuManager: release():: mIsAcquired = 1 , mName = CPU  , mTagName : AudioFlinger 
02-13 20:40:14.851  3376  3777 E NativeCustomFrequencyManager: [NativeCFMS] BpCustomFrequencyManager::releaseDVFSLock() 
02-13 20:40:14.852  3376  3777 E NativeSemDvfsCpuManager: release:: End
02-13 20:40:16.156  5370  5459 E Netd    : getNetworkForDns: getNetId from enterpriseCtrl is netid 0
02-13 20:40:16.166  1109  1127 E Adjust  : Adjust not initialized correctly
02-13 20:40:16.190  5370  5459 E Netd    : getNetworkForDns: getNetId from enterpriseCtrl is netid 0
02-13 20:40:16.214  5370  5459 E Netd    : getNetworkForDns: getNetId from enterpriseCtrl is netid 0
02-13 20:40:31.912  5352 10793 E SEC_DRM_PLUGIN_Omafl: OmaPlugin::onOpenDecryptSession(fd)::Drm2IsDrmFileByExtFd::file is NOT DRM by extension
02-13 20:40:31.935  5352 10793 E SEC_DRM_PLUGIN_Omafl: OmaPlugin::onOpenDecryptSession(fd)::Drm2IsDrmFileByExtFd::file is NOT DRM by extension
02-13 20:40:31.956  5352 10793 E SEC_DRM_PLUGIN_Omafl: OmaPlugin::onOpenDecryptSession(fd)::Drm2IsDrmFileByExtFd::file is NOT DRM by extension
02-13 20:40:32.066  5370  5459 E Netd    : getNetworkForDns: getNetId from enterpriseCtrl is netid 0
02-13 20:40:32.100  5370  5459 E Netd    : getNetworkForDns: getNetId from enterpriseCtrl is netid 0
02-13 20:40:32.174  5365  1230 E MP3Extractor: Unable to resync. Signalling end of stream.
02-13 20:40:32.266  5370  5459 E Netd    : getNetworkForDns: getNetId from enterpriseCtrl is netid 0
02-13 20:40:32.415  5370  5459 E Netd    : getNetworkForDns: getNetId from enterpriseCtrl is netid 0
02-13 20:40:32.567  5370  5459 E Netd    : getNetworkForDns: getNetId from enterpriseCtrl is netid 0
02-13 20:40:46.791  6324  6593 E EPDG -- SIM0 [RILRECEIVER]: Incorrect EpdgIilIpcMessage IPC Message -- not initialized
02-13 20:40:46.798  5935  6497 E ImsAdaptorImpl: setSSACInfo : ImsAdaptorImpl.
02-13 20:40:46.811  5935  6497 E ImsAdaptorImpl: setSSACInfo : ImsAdaptorImpl.
02-13 20:40:46.811  6324  6593 E EPDG -- SIM0 [RILRECEIVER]: Incorrect EpdgIilIpcMessage IPC Message -- not initialized
02-13 20:40:46.818  6324  6593 E EPDG -- SIM0 [RILRECEIVER]: RX [NET_REGIST] -- RESPONSE -- not initialized
02-13 20:41:01.314  1394  1394 E Zygote  : isWhitelistProcess - Process is Whitelisted
02-13 20:41:01.317  1394  1394 E Zygote  : accessInfo : 1
02-13 20:41:01.332  1394  1394 E .apps.turbo:aa: Not starting debugger since process cannot load the jdwp agent.
02-13 20:41:02.002  5370  5469 E IptablesRestoreController: [iptables debug]iptables-restore execute *filter
02-13 20:41:02.002  5370  5469 E IptablesRestoreController: -A fw_standby_uid -m owner --uid-owner 10008 -j DROP
02-13 20:41:02.002  5370  5469 E IptablesRestoreController: COMMIT
02-13 20:41:02.021  5370  5469 E IptablesRestoreController: [iptables debug]iptables-restore execute done *filter
02-13 20:41:02.021  5370  5469 E IptablesRestoreController: -A fw_standby_uid -m owner --uid-owner 10008 -j DROP
02-13 20:41:02.021  5370  5469 E IptablesRestoreController: COMMIT
02-13 20:41:02.021  5370  5469 E IptablesRestoreController: , res : 0
02-13 20:41:02.026  5370  5469 E IptablesRestoreController: [iptables debug]iptables-restore execute *filter
02-13 20:41:02.026  5370  5469 E IptablesRestoreController: -A fw_standby_uid -m owner --uid-owner 10205 -j DROP
02-13 20:41:02.026  5370  5469 E IptablesRestoreController: COMMIT
02-13 20:41:02.041  5370  5469 E IptablesRestoreController: [iptables debug]iptables-restore execute done *filter
02-13 20:41:02.041  5370  5469 E IptablesRestoreController: -A fw_standby_uid -m owner --uid-owner 10205 -j DROP
02-13 20:41:02.041  5370  5469 E IptablesRestoreController: COMMIT
02-13 20:41:02.041  5370  5469 E IptablesRestoreController: , res : 0
02-13 20:41:04.460  1441  1441 E Zygote  : isWhitelistProcess - Process is Whitelisted
02-13 20:41:04.463  1441  1441 E Zygote  : accessInfo : 1
02-13 20:41:04.488  1441  1441 E com.hiya.star: Not starting debugger since process cannot load the jdwp agent.
02-13 20:41:07.269  6324  6593 E EPDG -- SIM0 [RILRECEIVER]: Incorrect EpdgIilIpcMessage IPC Message -- not initialized
02-13 20:41:07.274  5935  6497 E ImsAdaptorImpl: setSSACInfo : ImsAdaptorImpl.
02-13 20:41:07.289  6324  6593 E EPDG -- SIM0 [RILRECEIVER]: Incorrect EpdgIilIpcMessage IPC Message -- not initialized
02-13 20:41:07.290  5935  6497 E ImsAdaptorImpl: setSSACInfo : ImsAdaptorImpl.
02-13 20:41:07.294  6324  6593 E EPDG -- SIM0 [RILRECEIVER]: RX [NET_REGIST] -- RESPONSE -- not initialized
02-13 20:41:08.545  1496  1496 E Zygote  : isWhitelistProcess - Process is Whitelisted
02-13 20:41:08.548  1496  1496 E Zygote  : accessInfo : 1
02-13 20:41:08.565  1496  1496 E msung.ipservic: Not starting debugger since process cannot load the jdwp agent.
02-13 20:41:22.792  3361  3361 E Sensors : inject_scontext_data: New ssp_data_injection_fd(29)
02-13 20:41:22.809  3361  3361 E Sensors : inject_scontext_data: New ssp_data_injection_fd(29)
02-13 20:41:22.898  5606  5850 E WifiScanningService: Use Cached ScanResult. useCachedScan : true, simulation mode : false, settings.scanType : 0
02-13 20:41:23.381 25280  1524 E SQLiteLog: (10) POSIX Error : 9 SQLite Error : 3850
02-13 20:41:23.381 25280  1524 E SQLiteLog: (10) LOCK : Getting pending lock for (4) failed due to (9). The current owner is (-992811640).
02-13 20:41:23.388 25280  1524 E SQLiteLog: (10) POSIX Error : 9 SQLite Error : 3850
02-13 20:41:23.388 25280  1524 E SQLiteLog: (10) LOCK : Getting pending lock for (4) failed due to (9). The current owner is (-992811640).
02-13 20:41:23.895  1527  1527 E Zygote  : isWhitelistProcess - Process is Whitelisted
02-13 20:41:23.899  1527  1527 E Zygote  : accessInfo : 1
02-13 20:41:23.923  1527  1527 E com.samsung.ml: Not starting debugger since process cannot load the jdwp agent.
02-13 20:41:26.776  1550  1550 E Zygote  : isWhitelistProcess - Process is Whitelisted
02-13 20:41:26.780  1550  1550 E Zygote  : accessInfo : 1
02-13 20:41:26.800  1550  1550 E ng.storyservic: Not starting debugger since process cannot load the jdwp agent.
02-13 20:41:28.119  1580  1580 E Zygote  : isWhitelistProcess - Process is Whitelisted
02-13 20:41:28.123  1580  1580 E Zygote  : accessInfo : 1
02-13 20:41:28.140  1580  1580 E ung.faceservic: Not starting debugger since process cannot load the jdwp agent.
02-13 20:41:55.590 32733   464 E FirebaseMessaging: Topic operation failed: SERVICE_NOT_AVAILABLE. Will retry Topic operation.
02-13 20:42:00.056  5606  5657 E PackageManager: Failed to find package; permName: android.permission.INTERNET, uid: 9510025, caller: 1000
02-13 20:42:00.056  5606  5657 E PackageManager: Failed to find package; permName: android.permission.INTERNET, uid: 9510025, caller: 1000
02-13 20:42:00.524  1634  1634 E Zygote  : accessInfo : 1
02-13 20:42:00.539  1634  1634 E gle.android.gm: Not starting debugger since process cannot load the jdwp agent.
02-13 20:42:00.758  1652  1652 E Zygote  : accessInfo : 1
02-13 20:42:00.772  1652  1652 E ocess.gservice: Not starting debugger since process cannot load the jdwp agent.
02-13 20:42:01.904  1634  1680 E Pay     : Attempt to fetch active account from tapandpay failed. [CONTEXT service_id=198 ]
02-13 20:42:01.904  1634  1680 E Pay     : java.util.concurrent.ExecutionException: m.bqv: 17: API: TapAndPay.TAP_AND_PAY_API is not available on this device. Connection failed with: bpg{statusCode=API_UNAVAILABLE, resolution=null, message=null}
02-13 20:42:01.904  1634  1680 E Pay     : 	at m.ihp.i(:com.google.android.gms.optional_pay@210214057@21.02.14 (100000-0):3)
02-13 20:42:01.904  1634  1680 E Pay     : 	at m.ihp.d(:com.google.android.gms.optional_pay@210214057@21.02.14 (100000-0):8)
02-13 20:42:01.904  1634  1680 E Pay     : 	at m.dgo.c(:com.google.android.gms.optional_pay@210214057@21.02.14 (100000-0):5)
02-13 20:42:01.904  1634  1680 E Pay     : 	at com.google.android.gms.pay.gcmtask.PayGcmTaskChimeraService.a(:com.google.android.gms.optional_pay@210214057@21.02.14 (100000-0):4)
02-13 20:42:01.904  1634  1680 E Pay     : 	at m.crp.call(Unknown Source:4)
02-13 20:42:01.904  1634  1680 E Pay     : 	at java.util.concurrent.FutureTask.run(FutureTask.java:266)
02-13 20:42:01.904  1634  1680 E Pay     : 	at m.cde.c(:com.google.android.gms.optional_pay@210214057@21.02.14 (100000-0):6)
02-13 20:42:01.904  1634  1680 E Pay     : 	at m.cde.run(:com.google.android.gms.optional_pay@210214057@21.02.14 (100000-0):7)
02-13 20:42:01.904  1634  1680 E Pay     : 	at java.util.concurrent.ThreadPoolExecutor.runWorker(ThreadPoolExecutor.java:1167)
02-13 20:42:01.904  1634  1680 E Pay     : 	at java.util.concurrent.ThreadPoolExecutor$Worker.run(ThreadPoolExecutor.java:641)
02-13 20:42:01.904  1634  1680 E Pay     : 	at tqp.run(:com.google.android.gms@210214028@21.02.14 (100400-352619232):0)
02-13 20:42:01.904  1634  1680 E Pay     : 	at java.lang.Thread.run(Thread.java:764)
02-13 20:42:01.904  1634  1680 E Pay     : Caused by: m.bqv: 17: API: TapAndPay.TAP_AND_PAY_API is not available on this device. Connection failed with: bpg{statusCode=API_UNAVAILABLE, resolution=null, message=null}
02-13 20:42:01.904  1634  1680 E Pay     : 	at m.bwv.a(:com.google.android.gms.optional_pay@210214057@21.02.14 (100000-0):2)
02-13 20:42:01.904  1634  1680 E Pay     : 	at m.brt.b(:com.google.android.gms.optional_pay@210214057@21.02.14 (100000-0):2)
02-13 20:42:01.904  1634  1680 E Pay     : 	at m.bte.q(:com.google.android.gms.optional_pay@210214057@21.02.14 (100000-0):4)
02-13 20:42:01.904  1634  1680 E Pay     : 	at m.bte.k(:com.google.android.gms.optional_pay@210214057@21.02.14 (100000-0):0)
02-13 20:42:01.904  1634  1680 E Pay     : 	at m.bte.f(:com.google.android.gms.optional_pay@210214057@21.02.14 (100000-0):19)
02-13 20:42:01.904  1634  1680 E Pay     : 	at m.bte.e(:com.google.android.gms.optional_pay@210214057@21.02.14 (100000-0):0)
02-13 20:42:01.904  1634  1680 E Pay     : 	at m.bxz.a(:com.google.android.gms.optional_pay@210214057@21.02.14 (100000-0):0)
02-13 20:42:01.904  1634  1680 E Pay     : 	at m.bxd.b(:com.google.android.gms.optional_pay@210214057@21.02.14 (100000-0):1)
02-13 20:42:01.904  1634  1680 E Pay     : 	at m.bww.d(:com.google.android.gms.optional_pay@210214057@21.02.14 (100000-0):0)
02-13 20:42:01.904  1634  1680 E Pay     : 	at m.bwx.handleMessage(:com.google.android.gms.optional_pay@210214057@21.02.14 (100000-0):28)
02-13 20:42:01.904  1634  1680 E Pay     : 	at android.os.Handler.dispatchMessage(Handler.java:106)
02-13 20:42:01.904  1634  1680 E Pay     : 	at m.cqo.dispatchMessage(:com.google.android.gms.optional_pay@210214057@21.02.14 (100000-0):11)
02-13 20:42:01.904  1634  1680 E Pay     : 	at android.os.Looper.loop(Looper.java:214)
02-13 20:42:01.904  1634  1680 E Pay     : 	at android.os.HandlerThread.run(HandlerThread.java:65)
02-13 20:42:07.830 25280  1689 E SQLiteLog: (10) POSIX Error : 9 SQLite Error : 3850
02-13 20:42:07.830 25280  1689 E SQLiteLog: (10) LOCK : Getting pending lock for (4) failed due to (9). The current owner is (-992811640).
02-13 20:42:07.843 25280  1689 E SQLiteLog: (10) POSIX Error : 9 SQLite Error : 3850
02-13 20:42:07.843 25280  1689 E SQLiteLog: (10) LOCK : Getting pending lock for (4) failed due to (9). The current owner is (-992811640).
02-13 20:42:10.073  5606  5655 E PackageManager: Failed to find package; permName: android.permission.INTERNET, uid: 9510025, caller: 1000
02-13 20:42:10.073  5606  5655 E PackageManager: Failed to find package; permName: android.permission.INTERNET, uid: 9510025, caller: 1000
02-13 20:42:20.555  5606  5657 E PackageManager: Failed to find package; permName: android.permission.INTERNET, uid: 9510065, caller: 1000
02-13 20:42:20.555  5606  5657 E PackageManager: Failed to find package; permName: android.permission.INTERNET, uid: 9510065, caller: 1000
02-13 20:42:30.570  5606  5655 E PackageManager: Failed to find package; permName: android.permission.INTERNET, uid: 9510065, caller: 1000
02-13 20:42:30.570  5606  5655 E PackageManager: Failed to find package; permName: android.permission.INTERNET, uid: 9510065, caller: 1000
02-13 20:42:32.973 24710 20147 E SQLiteCastStore: Skip saving CastDeviceInfo: "Устройство поблизости" (__cast_nearby___V_214b9639-a8b7-4b1a-bca3-fd762fda75bc)
02-13 20:42:45.190  6324  6593 E EPDG -- SIM0 [RILRECEIVER]: Incorrect EpdgIilIpcMessage IPC Message -- not initialized
02-13 20:42:45.197  5935  6497 E ImsAdaptorImpl: setSSACInfo : ImsAdaptorImpl.
02-13 20:42:45.209  5935  6497 E ImsAdaptorImpl: setSSACInfo : ImsAdaptorImpl.
02-13 20:42:45.210  6324  6593 E EPDG -- SIM0 [RILRECEIVER]: Incorrect EpdgIilIpcMessage IPC Message -- not initialized
02-13 20:42:45.213  6324  6593 E EPDG -- SIM0 [RILRECEIVER]: RX [NET_REGIST] -- RESPONSE -- not initialized
02-13 20:43:17.189  6324  6593 E EPDG -- SIM0 [RILRECEIVER]: Incorrect EpdgIilIpcMessage IPC Message -- not initialized
02-13 20:43:17.193  5935  6497 E ImsAdaptorImpl: setSSACInfo : ImsAdaptorImpl.
02-13 20:43:17.207  5935  6497 E ImsAdaptorImpl: setSSACInfo : ImsAdaptorImpl.
02-13 20:43:17.209  6324  6593 E EPDG -- SIM0 [RILRECEIVER]: Incorrect EpdgIilIpcMessage IPC Message -- not initialized
02-13 20:43:17.212  6324  6593 E EPDG -- SIM0 [RILRECEIVER]: RX [NET_REGIST] -- RESPONSE -- not initialized
02-13 20:44:01.499  5370  5469 E IptablesRestoreController: [iptables debug]iptables-restore execute *filter
02-13 20:44:01.499  5370  5469 E IptablesRestoreController: -D fw_standby_uid -m owner --uid-owner 10246 -j DROP
02-13 20:44:01.499  5370  5469 E IptablesRestoreController: COMMIT
02-13 20:44:01.515  5370  5469 E IptablesRestoreController: [iptables debug]iptables-restore execute done *filter
02-13 20:44:01.515  5370  5469 E IptablesRestoreController: -D fw_standby_uid -m owner --uid-owner 10246 -j DROP
02-13 20:44:01.515  5370  5469 E IptablesRestoreController: COMMIT
02-13 20:44:01.515  5370  5469 E IptablesRestoreController: , res : 0
02-13 20:44:01.516  5606  5657 E PackageManager: Failed to find package; permName: android.permission.INTERNET, uid: 9510246, caller: 1000
02-13 20:44:01.516  5606  5657 E PackageManager: Failed to find package; permName: android.permission.INTERNET, uid: 9510246, caller: 1000
02-13 20:44:10.950  6324  6593 E EPDG -- SIM0 [RILRECEIVER]: Incorrect EpdgIilIpcMessage IPC Message -- not initialized
02-13 20:44:10.956  5935  6497 E ImsAdaptorImpl: setSSACInfo : ImsAdaptorImpl.
02-13 20:44:10.969  6324  6593 E EPDG -- SIM0 [RILRECEIVER]: Incorrect EpdgIilIpcMessage IPC Message -- not initialized
02-13 20:44:10.969  5935  6497 E ImsAdaptorImpl: setSSACInfo : ImsAdaptorImpl.
02-13 20:44:10.973  6324  6593 E EPDG -- SIM0 [RILRECEIVER]: RX [NET_REGIST] -- RESPONSE -- not initialized
02-13 20:44:11.501  5370  5469 E IptablesRestoreController: [iptables debug]iptables-restore execute *filter
02-13 20:44:11.501  5370  5469 E IptablesRestoreController: -A fw_standby_uid -m owner --uid-owner 10246 -j DROP
02-13 20:44:11.501  5370  5469 E IptablesRestoreController: COMMIT
02-13 20:44:11.536  5370  5469 E IptablesRestoreController: [iptables debug]iptables-restore execute done *filter
02-13 20:44:11.536  5370  5469 E IptablesRestoreController: -A fw_standby_uid -m owner --uid-owner 10246 -j DROP
02-13 20:44:11.536  5370  5469 E IptablesRestoreController: COMMIT
02-13 20:44:11.536  5370  5469 E IptablesRestoreController: , res : 0
02-13 20:44:11.538  5606  5655 E PackageManager: Failed to find package; permName: android.permission.INTERNET, uid: 9510246, caller: 1000
02-13 20:44:11.538  5606  5655 E PackageManager: Failed to find package; permName: android.permission.INTERNET, uid: 9510246, caller: 1000
02-13 20:44:54.325 23089  1789 E MailService: : 1 com.samsung.android.email
02-13 20:44:54.341 23089  1789 E MailService: : 2 com.samsung.android.email
02-13 20:44:54.625  5370  5459 E Netd    : getNetworkForDns: getNetId from enterpriseCtrl is netid 0
02-13 20:44:54.638  5370  5459 E Netd    : getNetworkForDns: getNetId from enterpriseCtrl is netid 0
02-13 20:44:55.756 23089 23214 E EmailSyncUtility: deleteOutOfSyncMessages : not able to find the syncFrom syncServertimeStamp
02-13 20:44:55.848 23089 23216 E EmailSyncUtility: deleteOutOfSyncMessages : not able to find the syncFrom syncServertimeStamp
02-13 20:44:55.994 23089 23214 E EmailSyncUtility: deleteOutOfSyncMessages : not able to find the syncFrom syncServertimeStamp
02-13 20:44:56.619 23089 23214 E SemNotification: SemNotificationUtil::shouldShowNotification() - mailboxType is don't support this type[5], return false!!
02-13 20:44:56.659 23089 23214 E EmailSyncUtility: deleteOutOfSyncMessages : not able to find the syncFrom syncServertimeStamp
02-13 20:44:57.106 23089 23214 E SemNotification: SemNotificationUtil::shouldShowNotification() - mailboxType is don't support this type[3], return false!!
02-13 20:44:57.148 23089 23214 E EmailSyncUtility: deleteOutOfSyncMessages : not able to find the syncFrom syncServertimeStamp
02-13 20:44:57.331 23089 23214 E SemNotification: SemNotificationUtil::shouldShowNotification() - mailboxType is don't support this type[7], return false!!
02-13 20:44:57.380 23089 23214 E EmailSyncUtility: deleteOutOfSyncMessages : not able to find the syncFrom syncServertimeStamp
02-13 20:45:55.711  5370  5459 E Netd    : getNetworkForDns: getNetId from enterpriseCtrl is netid 0
02-13 20:45:55.926 32733   464 E FirebaseMessaging: Topic operation failed: SERVICE_NOT_AVAILABLE. Will retry Topic operation.
02-13 20:46:20.870  6324  6593 E EPDG -- SIM0 [RILRECEIVER]: Incorrect EpdgIilIpcMessage IPC Message -- not initialized
02-13 20:46:20.878  5935  6497 E ImsAdaptorImpl: setSSACInfo : ImsAdaptorImpl.
02-13 20:46:20.890  6324  6593 E EPDG -- SIM0 [RILRECEIVER]: Incorrect EpdgIilIpcMessage IPC Message -- not initialized
02-13 20:46:20.892  5935  6497 E ImsAdaptorImpl: setSSACInfo : ImsAdaptorImpl.
02-13 20:46:20.896  6324  6593 E EPDG -- SIM0 [RILRECEIVER]: RX [NET_REGIST] -- RESPONSE -- not initialized
02-13 20:46:39.918 25280  1870 E SQLiteLog: (10) POSIX Error : 9 SQLite Error : 3850
02-13 20:46:39.918 25280  1870 E SQLiteLog: (10) LOCK : Getting pending lock for (4) failed due to (9). The current owner is (-992811640).
02-13 20:46:39.925 25280  1870 E SQLiteLog: (10) POSIX Error : 9 SQLite Error : 3850
02-13 20:46:39.926 25280  1870 E SQLiteLog: (10) LOCK : Getting pending lock for (4) failed due to (9). The current owner is (-992811640).
02-13 20:46:40.030  6185  6228 E RequestManager_FLP: [LocationManagerService] Location request d9a2c0f(Listener) network interval=2000 from com.macrovideo.v380pro(10257)
02-13 20:46:40.107  5370  5459 E Netd    : getNetworkForDns: getNetId from enterpriseCtrl is netid 0
02-13 20:46:40.108  3361  4018 E Sensors : inject_scontext_data: New ssp_data_injection_fd(29)
02-13 20:46:40.130  3361  3361 E Sensors : inject_scontext_data: New ssp_data_injection_fd(29)
02-13 20:46:40.220 25280  1870 E SQLiteLog: (10) POSIX Error : 9 SQLite Error : 3850
02-13 20:46:40.221 25280  1870 E SQLiteLog: (10) LOCK : Getting pending lock for (4) failed due to (9). The current owner is (-992811640).
02-13 20:46:40.226 25280  1870 E SQLiteLog: (10) POSIX Error : 9 SQLite Error : 3850
02-13 20:46:40.226 25280  1870 E SQLiteLog: (10) LOCK : Getting pending lock for (4) failed due to (9). The current owner is (-992811640).
02-13 20:46:41.186  6185  6228 E RequestManager_FLP: [LocationManagerService] Location remove d9a2c0f from com.macrovideo.v380pro
02-13 20:46:41.230  3361  3361 E Sensors : inject_scontext_data: New ssp_data_injection_fd(29)
02-13 20:46:41.251  3361  3361 E Sensors : inject_scontext_data: New ssp_data_injection_fd(29)
02-13 20:46:41.261  3361  3361 E Sensors : inject_scontext_data: New ssp_data_injection_fd(29)
02-13 20:46:41.291  3361  3361 E Sensors : inject_scontext_data: New ssp_data_injection_fd(29)
02-13 20:46:42.238  5370  5459 E Netd    : getNetworkForDns: getNetId from enterpriseCtrl is netid 0
02-13 20:47:01.525  3258  3258 E audit   : avc:  denied  { find } for interface=android.hardware.memtrack::IMemtrack sid=u:r:priv_app:s0:c512,c768 pid=1634 scontext=u:r:priv_app:s0:c512,c768 tcontext=u:object_r:hal_memtrack_hwservice:s0 tclass=hwservice_manager permissive=0
02-13 20:47:01.526  3258  3258 E audit   : avc:  denied  { find } for interface=android.hardware.memtrack::IMemtrack sid=u:r:priv_app:s0:c512,c768 pid=1634 scontext=u:r:priv_app:s0:c512,c768 tcontext=u:object_r:hal_memtrack_hwservice:s0 tclass=hwservice_manager permissive=0
02-13 20:47:01.535  3258  3258 E audit   : avc:  denied  { find } for interface=android.hardware.memtrack::IMemtrack sid=u:r:priv_app:s0:c512,c768 pid=1634 scontext=u:r:priv_app:s0:c512,c768 tcontext=u:object_r:hal_memtrack_hwservice:s0 tclass=hwservice_manager permissive=0
02-13 20:47:21.702  1917  1917 E Zygote  : isWhitelistProcess - Process is Whitelisted
02-13 20:47:21.706  1917  1917 E Zygote  : accessInfo : 1
02-13 20:47:21.724  1917  1917 E ua.slando: Not starting debugger since process cannot load the jdwp agent.
02-13 20:47:22.374  5370  5459 E Netd    : getNetworkForDns: getNetId from enterpriseCtrl is netid 0
02-13 20:47:22.403  5370  5459 E Netd    : getNetworkForDns: getNetId from enterpriseCtrl is netid 0
02-13 20:47:23.515  5370  5459 E Netd    : getNetworkForDns: getNetId from enterpriseCtrl is netid 0
02-13 20:47:24.072  5370  5459 E Netd    : getNetworkForDns: getNetId from enterpriseCtrl is netid 0
02-13 20:47:24.169  3361  3581 E Sensors : Sensor : Meta event
02-13 20:47:24.353  5370  5459 E Netd    : getNetworkForDns: getNetId from enterpriseCtrl is netid 0
02-13 20:47:24.368  5370  5459 E Netd    : getNetworkForDns: getNetId from enterpriseCtrl is netid 0
--------- beginning of system
02-13 20:47:24.552  5370  5459 E Netd    : getNetworkForDns: getNetId from enterpriseCtrl is netid 0
02-13 20:47:24.657  5606  8121 E PackageManager: Failed to find package; permName: android.permission.INTERNET, uid: 99647, caller: 1000
02-13 20:47:24.690  2088  2088 E Zygote  : accessInfo : 0
02-13 20:47:24.728  2088  2088 E dboxed_process: Not starting debugger since process cannot load the jdwp agent.
02-13 20:47:25.217  5370  5459 E Netd    : getNetworkForDns: getNetId from enterpriseCtrl is netid 0
02-13 20:47:32.976 24710 26179 E SQLiteCastStore: Skip saving CastDeviceInfo: "Устройство поблизости" (__cast_nearby___V_214b9639-a8b7-4b1a-bca3-fd762fda75bc)
02-13 20:47:39.750  5373  5473 E storaged: getDiskStats failed with result NOT_SUPPORTED and size 0
02-13 20:47:40.876  6324  6593 E EPDG -- SIM0 [RILRECEIVER]: Incorrect EpdgIilIpcMessage IPC Message -- not initialized
02-13 20:47:40.885  5935  6497 E ImsAdaptorImpl: setSSACInfo : ImsAdaptorImpl.
02-13 20:47:40.901  5935  6497 E ImsAdaptorImpl: setSSACInfo : ImsAdaptorImpl.
02-13 20:47:40.903  6324  6593 E EPDG -- SIM0 [RILRECEIVER]: Incorrect EpdgIilIpcMessage IPC Message -- not initialized
02-13 20:47:40.906  6324  6593 E EPDG -- SIM0 [RILRECEIVER]: RX [NET_REGIST] -- RESPONSE -- not initialized
02-13 20:47:51.467  5606  6124 E Watchdog: !@Sync 7937 [2021-02-13 20:47:51.466] FD count : 674
02-13 20:47:51.727  5606  5960 E BartenderActivityManager: BarTender: pid : 12530 cached=true abnormal=false kill=false stay=false release=false
02-13 20:47:51.737  5606  5960 E BartenderActivityManager: BarTender: pid : 12212 cached=true abnormal=false kill=false stay=false release=false
02-13 20:47:51.745  5606  5960 E BartenderActivityManager: BarTender: pid : 12473 cached=true abnormal=false kill=false stay=false release=false
02-13 20:47:53.902  5606  8116 E BartenderActivityManager: BarTender: pid : 1394 cached=true abnormal=false kill=false stay=false release=false
02-13 20:47:53.910  5606  8116 E BartenderActivityManager: BarTender: pid : 27538 cached=true abnormal=false kill=false stay=false release=false
02-13 20:47:54.041  5606  8116 E BartenderActivityManager: BarTender: pid : 31531 cached=true abnormal=false kill=false stay=false release=false
02-13 20:47:54.818 25236 29538 E rs$DefaultThreadFactory: ===== Detect pool-thread leak =====
02-13 20:47:54.820 25236 29538 E rs$DefaultThreadFactory: dalvik.system.VMStack.getThreadStackTrace(Native Method)
02-13 20:47:54.821 25236 29538 E rs$DefaultThreadFactory: java.lang.Thread.getStackTrace(Thread.java:1538)
02-13 20:47:54.821 25236 29538 E rs$DefaultThreadFactory: java.util.concurrent.Executors$DefaultThreadFactory.newThread(Executors.java:569)
02-13 20:47:54.821 25236 29538 E rs$DefaultThreadFactory: bvsi.newThread(:com.google.android.gms@210214028@21.02.14 (100400-352619232):1)
02-13 20:47:54.821 25236 29538 E rs$DefaultThreadFactory: java.util.concurrent.ThreadPoolExecutor$Worker.<init>(ThreadPoolExecutor.java:636)
02-13 20:47:54.822 25236 29538 E rs$DefaultThreadFactory: java.util.concurrent.ThreadPoolExecutor.addWorker(ThreadPoolExecutor.java:950)
02-13 20:47:54.822 25236 29538 E rs$DefaultThreadFactory: java.util.concurrent.ThreadPoolExecutor.execute(ThreadPoolExecutor.java:1393)
02-13 20:47:54.822 25236 29538 E rs$DefaultThreadFactory: cpxs.execute(:com.google.android.gms@210214028@21.02.14 (100400-352619232):0)
02-13 20:47:54.822 25236 29538 E rs$DefaultThreadFactory: cpve.f(:com.google.android.gms@210214028@21.02.14 (100400-352619232):3)
02-13 20:47:54.822 25236 29538 E rs$DefaultThreadFactory: cpve.b(:com.google.android.gms@210214028@21.02.14 (100400-352619232):3)
02-13 20:47:54.822 25236 29538 E rs$DefaultThreadFactory: cpyx.k(:com.google.android.gms@210214028@21.02.14 (100400-352619232):8)
02-13 20:47:54.822 25236 29538 E rs$DefaultThreadFactory: cpxt.run(:com.google.android.gms@210214028@21.02.14 (100400-352619232):0)
02-13 20:47:54.823 25236 29538 E rs$DefaultThreadFactory: cpqe.a(:com.google.android.gms@210214028@21.02.14 (100400-352619232):3)
02-13 20:47:54.823 25236 29538 E rs$DefaultThreadFactory: cpqe.execute(:com.google.android.gms@210214028@21.02.14 (100400-352619232):0)
02-13 20:47:54.823 25236 29538 E rs$DefaultThreadFactory: cpss.a(:com.google.android.gms@210214028@21.02.14 (100400-352619232):32)
02-13 20:47:54.823 25236 29538 E rs$DefaultThreadFactory: cpqv.b(:com.google.android.gms@210214028@21.02.14 (100400-352619232):0)
02-13 20:47:54.823 25236 29538 E rs$DefaultThreadFactory: cplx.a(:com.google.android.gms@210214028@21.02.14 (100400-352619232):1)
02-13 20:47:54.823 25236 29538 E rs$DefaultThreadFactory: cpqn.b(:com.google.android.gms@210214028@21.02.14 (100400-352619232):0)
02-13 20:47:54.823 25236 29538 E rs$DefaultThreadFactory: cplx.a(:com.google.android.gms@210214028@21.02.14 (100400-352619232):1)
02-13 20:47:54.823 25236 29538 E rs$DefaultThreadFactory: tew.b(:com.google.android.gms@210214028@21.02.14 (100400-352619232):3)
02-13 20:47:54.824 25236 29538 E rs$DefaultThreadFactory: tel.d(:com.google.android.gms@210214028@21.02.14 (100400-352619232):8)
02-13 20:47:54.824 25236 29538 E rs$DefaultThreadFactory: blrk.run(:com.google.android.gms@210214028@21.02.14 (100400-352619232):141)
02-13 20:47:54.824 25236 29538 E rs$DefaultThreadFactory: java.util.concurrent.Executors$RunnableAdapter.call(Executors.java:459)
02-13 20:47:54.824 25236 29538 E rs$DefaultThreadFactory: java.util.concurrent.FutureTask.run(FutureTask.java:266)
02-13 20:47:54.824 25236 29538 E rs$DefaultThreadFactory: tks.c(:com.google.android.gms@210214028@21.02.14 (100400-352619232):6)
02-13 20:47:54.824 25236 29538 E rs$DefaultThreadFactory: tks.run(:com.google.android.gms@210214028@21.02.14 (100400-352619232):7)
02-13 20:47:54.824 25236 29538 E rs$DefaultThreadFactory: java.util.concurrent.ThreadPoolExecutor.runWorker(ThreadPoolExecutor.java:1167)
02-13 20:47:54.824 25236 29538 E rs$DefaultThreadFactory: java.util.concurrent.ThreadPoolExecutor$Worker.run(ThreadPoolExecutor.java:641)
02-13 20:47:54.825 25236 29538 E rs$DefaultThreadFactory: tqp.run(:com.google.android.gms@210214028@21.02.14 (100400-352619232):0)
02-13 20:47:54.825 25236 29538 E rs$DefaultThreadFactory: java.lang.Thread.run(Thread.java:764)
02-13 20:47:54.838  5370  5459 E Netd    : getNetworkForDns: getNetId from enterpriseCtrl is netid 0
02-13 20:47:55.006 25236 29543 E rs$DefaultThreadFactory: ===== Detect pool-thread leak =====
02-13 20:47:55.007 25236 29543 E rs$DefaultThreadFactory: dalvik.system.VMStack.getThreadStackTrace(Native Method)
02-13 20:47:55.007 25236 29543 E rs$DefaultThreadFactory: java.lang.Thread.getStackTrace(Thread.java:1538)
02-13 20:47:55.007 25236 29543 E rs$DefaultThreadFactory: java.util.concurrent.Executors$DefaultThreadFactory.newThread(Executors.java:569)
02-13 20:47:55.007 25236 29543 E rs$DefaultThreadFactory: tqo.newThread(:com.google.android.gms@210214028@21.02.14 (100400-352619232):0)
02-13 20:47:55.007 25236 29543 E rs$DefaultThreadFactory: java.util.concurrent.ThreadPoolExecutor$Worker.<init>(ThreadPoolExecutor.java:636)
02-13 20:47:55.007 25236 29543 E rs$DefaultThreadFactory: java.util.concurrent.ThreadPoolExecutor.addWorker(ThreadPoolExecutor.java:950)
02-13 20:47:55.007 25236 29543 E rs$DefaultThreadFactory: java.util.concurrent.ThreadPoolExecutor.execute(ThreadPoolExecutor.java:1393)
02-13 20:47:55.007 25236 29543 E rs$DefaultThreadFactory: tkt.e(:com.google.android.gms@210214028@21.02.14 (100400-352619232):5)
02-13 20:47:55.007 25236 29543 E rs$DefaultThreadFactory: tkt.execute(:com.google.android.gms@210214028@21.02.14 (100400-352619232):2)
02-13 20:47:55.007 25236 29543 E rs$DefaultThreadFactory: cqax.a(:com.google.android.gms@210214028@21.02.14 (100400-352619232):2)
02-13 20:47:55.007 25236 29543 E rs$DefaultThreadFactory: cqax.execute(:com.google.android.gms@210214028@21.02.14 (100400-352619232):0)
02-13 20:47:55.007 25236 29543 E rs$DefaultThreadFactory: cqbv.flush(:com.google.android.gms@210214028@21.02.14 (100400-352619232):4)
02-13 20:47:55.007 25236 29543 E rs$DefaultThreadFactory: cqnz.flush(:com.google.android.gms@210214028@21.02.14 (100400-352619232):3)
02-13 20:47:55.007 25236 29543 E rs$DefaultThreadFactory: cqed.b(:com.google.android.gms@210214028@21.02.14 (100400-352619232):2)
02-13 20:47:55.007 25236 29543 E rs$DefaultThreadFactory: cqco.run(:com.google.android.gms@210214028@21.02.14 (100400-352619232):57)
02-13 20:47:55.007 25236 29543 E rs$DefaultThreadFactory: tks.c(:com.google.android.gms@210214028@21.02.14 (100400-352619232):6)
02-13 20:47:55.007 25236 29543 E rs$DefaultThreadFactory: tks.run(:com.google.android.gms@210214028@21.02.14 (100400-352619232):7)
02-13 20:47:55.007 25236 29543 E rs$DefaultThreadFactory: java.util.concurrent.ThreadPoolExecutor.runWorker(ThreadPoolExecutor.java:1167)
02-13 20:47:55.007 25236 29543 E rs$DefaultThreadFactory: java.util.concurrent.ThreadPoolExecutor$Worker.run(ThreadPoolExecutor.java:641)
02-13 20:47:55.007 25236 29543 E rs$DefaultThreadFactory: tqp.run(:com.google.android.gms@210214028@21.02.14 (100400-352619232):0)
02-13 20:47:55.007 25236 29543 E rs$DefaultThreadFactory: java.lang.Thread.run(Thread.java:764)
02-13 20:47:55.111  5606  5960 E BartenderActivityManager: BarTender: pid : 2088 cached=true abnormal=false kill=false stay=false release=false
02-13 20:47:55.126  5606  5960 E BartenderActivityManager: BarTender: pid : 1917 cached=true abnormal=false kill=false stay=false release=false
02-13 20:48:00.002  5606  5794 E AlarmManager: Set nextNonWakeup as mNextNonWakeupDeliveryTime=619835793 , orig nextNonWakeup=0
02-13 20:48:01.989  6324  6593 E EPDG -- SIM0 [RILRECEIVER]: Incorrect EpdgIilIpcMessage IPC Message -- not initialized
02-13 20:48:01.994  5935  6497 E ImsAdaptorImpl: setSSACInfo : ImsAdaptorImpl.
02-13 20:48:02.007  6324  6593 E EPDG -- SIM0 [RILRECEIVER]: Incorrect EpdgIilIpcMessage IPC Message -- not initialized
02-13 20:48:02.009  5935  6497 E ImsAdaptorImpl: setSSACInfo : ImsAdaptorImpl.
02-13 20:48:02.013  6324  6593 E EPDG -- SIM0 [RILRECEIVER]: RX [NET_REGIST] -- RESPONSE -- not initialized
02-13 20:48:04.515  5606  5961 E BartenderActivityManager: BarTender: pid : 31128 cached=true abnormal=false kill=false stay=false release=false
02-13 20:48:04.744  5606  5961 E BartenderActivityManager: BarTender: pid : 27928 cached=true abnormal=false kill=false stay=false release=false
02-13 20:48:21.492  5606  6124 E Watchdog: !@Sync 7938 [2021-02-13 20:48:21.491] FD count : 674
02-13 20:48:23.393  5370  5459 E Netd    : getNetworkForDns: getNetId from enterpriseCtrl is netid 0
02-13 20:48:31.649  5337  5337 E audit   : type=1400 audit(1613242111.645:14880): avc:  denied  { dac_override } for  pid=30337 comm="kworker/u17:3" capability=1  scontext=u:r:kernel:s0 tcontext=u:r:kernel:s0 tclass=capability permissive=0 SEPF_SM-N950F_9_0020 audit_filtered
02-13 20:48:32.196  5606  8117 E BartenderActivityManager: BarTender: pid : 27384 cached=true abnormal=false kill=false stay=false release=false
02-13 20:48:32.206  5606  8117 E BartenderActivityManager: BarTender: pid : 14557 cached=true abnormal=false kill=false stay=false release=false
02-13 20:48:34.920  5606  8117 E BartenderActivityManager: BarTender: pid : 12530 cached=true abnormal=false kill=false stay=false release=false
02-13 20:48:34.930  5606  8117 E BartenderActivityManager: BarTender: pid : 12212 cached=true abnormal=false kill=false stay=false release=false
02-13 20:48:34.938  5606  8117 E BartenderActivityManager: BarTender: pid : 12473 cached=true abnormal=false kill=false stay=false release=false
02-13 20:48:39.752  5373  5473 E storaged: getDiskStats failed with result NOT_SUPPORTED and size 0
02-13 20:48:51.514  5606  6124 E Watchdog: !@Sync 7939 [2021-02-13 20:48:51.514] FD count : 674
02-13 20:48:53.830  6324  6593 E EPDG -- SIM0 [RILRECEIVER]: Incorrect EpdgIilIpcMessage IPC Message -- not initialized
02-13 20:48:53.837  5935  6497 E ImsAdaptorImpl: setSSACInfo : ImsAdaptorImpl.
02-13 20:48:53.848  6324  6593 E EPDG -- SIM0 [RILRECEIVER]: Incorrect EpdgIilIpcMessage IPC Message -- not initialized
02-13 20:48:53.849  5935  6497 E ImsAdaptorImpl: setSSACInfo : ImsAdaptorImpl.
02-13 20:48:53.853  6324  6593 E EPDG -- SIM0 [RILRECEIVER]: RX [NET_REGIST] -- RESPONSE -- not initialized
