02-13 20:53:25.498  5606  7442 E BartenderActivityManager: BarTender: pid : 27928 cached=true abnormal=false kill=false stay=false release=false
02-13 20:53:25.858  5606  8117 E BartenderActivityManager: BarTender: pid : 31128 cached=true abnormal=false kill=false stay=false release=false
02-13 20:53:28.313  5370  5459 E Netd    : getNetworkForDns: getNetId from enterpriseCtrl is netid 0
02-13 20:53:30.166  5606  6028 E BartenderActivityManager: BarTender: pid : 12530 cached=true abnormal=false kill=false stay=false release=false
02-13 20:53:30.177  5606  8121 E BartenderActivityManager: BarTender: pid : 12212 cached=true abnormal=false kill=false stay=false release=false
02-13 20:53:30.186  5606  8121 E BartenderActivityManager: BarTender: pid : 12473 cached=true abnormal=false kill=false stay=false release=false
02-13 20:53:33.685  5606  8121 E BartenderActivityManager: BarTender: pid : 2886 cached=true abnormal=false kill=false stay=false release=false
02-13 20:53:34.513  5370  5469 E IptablesRestoreController: [iptables debug]iptables-restore execute *filter
02-13 20:53:34.513  5370  5469 E IptablesRestoreController: -D fw_standby_uid -m owner --uid-owner 10052 -j DROP
02-13 20:53:34.513  5370  5469 E IptablesRestoreController: COMMIT
02-13 20:53:34.542  5370  5469 E IptablesRestoreController: [iptables debug]iptables-restore execute done *filter
02-13 20:53:34.542  5370  5469 E IptablesRestoreController: -D fw_standby_uid -m owner --uid-owner 10052 -j DROP
02-13 20:53:34.542  5370  5469 E IptablesRestoreController: COMMIT
02-13 20:53:34.542  5370  5469 E IptablesRestoreController: , res : 0
02-13 20:53:34.651  3354  3196 E wv_dash : No saved usage table. Creating new table.
02-13 20:53:34.651  5337  5337 E audit   : type=1400 audit(1613242414.645:14887): avc:  denied  { search } for  pid=3354 comm="HwBinder:3354_3" name="mediadrm" dev="dm-1" ino=1245185 scontext=u:r:hal_drm_default:s0 tcontext=u:object_r:media_data_file:s0 tclass=dir permissive=0 SEPF_SM-N950F_9_0020 audit_filtered
02-13 20:53:34.651  5337  5337 E audit   : type=1300 audit(1613242414.645:14887): arch=40000028 syscall=322 per=8 success=no exit=-13 a0=ffffff9c a1=e8a80f7c a2=20000 a3=0 items=0 ppid=1 pid=3354 auid=4294967295 uid=1013 gid=1013 euid=1013 suid=1013 fsuid=1013 egid=1013 sgid=1013 fsgid=1013 tty=(none) ses=4294967295 comm="HwBinder:3354_3" exe="/system/vendor/bin/hw/android.hardware.drm@1.1-service.widevine" subj=u:r:hal_drm_default:s0 key=(null)
02-13 20:53:34.652  5337  5337 E audit   : type=1327 audit(1613242414.645:14887): proctitle="/vendor/bin/hw/android.hardware.drm@1.1-service.widevine"
02-13 20:53:35.126  3354  3192 E wv_dash : No saved usage table. Creating new table.
02-13 20:53:35.126  5337  5337 E audit   : type=1400 audit(1613242415.121:14888): avc:  denied  { search } for  pid=3354 comm="HwBinder:3354_1" name="mediadrm" dev="dm-1" ino=1245185 scontext=u:r:hal_drm_default:s0 tcontext=u:object_r:media_data_file:s0 tclass=dir permissive=0 SEPF_SM-N950F_9_0020 audit_filtered
02-13 20:53:35.126  5337  5337 E audit   : type=1300 audit(1613242415.121:14888): arch=40000028 syscall=322 per=8 success=no exit=-13 a0=ffffff9c a1=e8d4bf7c a2=20000 a3=0 items=0 ppid=1 pid=3354 auid=4294967295 uid=1013 gid=1013 euid=1013 suid=1013 fsuid=1013 egid=1013 sgid=1013 fsgid=1013 tty=(none) ses=4294967295 comm="HwBinder:3354_1" exe="/system/vendor/bin/hw/android.hardware.drm@1.1-service.widevine" subj=u:r:hal_drm_default:s0 key=(null)
02-13 20:53:35.126  5337  5337 E audit   : type=1327 audit(1613242415.121:14888): proctitle="/vendor/bin/hw/android.hardware.drm@1.1-service.widevine"
02-13 20:53:35.259  5364  5435 E PluginMetricsReporting: selfrecord() returned false. sessioId 9034
02-13 20:53:35.304  3354  3196 E wv_dash : No saved usage table. Creating new table.
02-13 20:53:35.304  5337  5337 E audit   : type=1400 audit(1613242415.297:14889): avc:  denied  { search } for  pid=3354 comm="HwBinder:3354_3" name="mediadrm" dev="dm-1" ino=1245185 scontext=u:r:hal_drm_default:s0 tcontext=u:object_r:media_data_file:s0 tclass=dir permissive=0 SEPF_SM-N950F_9_0020 audit_filtered
02-13 20:53:35.304  5337  5337 E audit   : type=1300 audit(1613242415.297:14889): arch=40000028 syscall=322 per=8 success=no exit=-13 a0=ffffff9c a1=e8a80f7c a2=20000 a3=0 items=0 ppid=1 pid=3354 auid=4294967295 uid=1013 gid=1013 euid=1013 suid=1013 fsuid=1013 egid=1013 sgid=1013 fsgid=1013 tty=(none) ses=4294967295 comm="HwBinder:3354_3" exe="/system/vendor/bin/hw/android.hardware.drm@1.1-service.widevine" subj=u:r:hal_drm_default:s0 key=(null)
02-13 20:53:35.304  5337  5337 E audit   : type=1327 audit(1613242415.297:14889): proctitle="/vendor/bin/hw/android.hardware.drm@1.1-service.widevine"
02-13 20:53:35.400  3354  3192 E wv_dash : No saved usage table. Creating new table.
02-13 20:53:35.400  5337  5337 E audit   : type=1400 audit(1613242415.393:14890): avc:  denied  { search } for  pid=3354 comm="HwBinder:3354_1" name="mediadrm" dev="dm-1" ino=1245185 scontext=u:r:hal_drm_default:s0 tcontext=u:object_r:media_data_file:s0 tclass=dir permissive=0 SEPF_SM-N950F_9_0020 audit_filtered
02-13 20:53:35.400  5337  5337 E audit   : type=1300 audit(1613242415.393:14890): arch=40000028 syscall=322 per=8 success=no exit=-13 a0=ffffff9c a1=e8d4bf7c a2=20000 a3=0 items=0 ppid=1 pid=3354 auid=4294967295 uid=1013 gid=1013 euid=1013 suid=1013 fsuid=1013 egid=1013 sgid=1013 fsgid=1013 tty=(none) ses=4294967295 comm="HwBinder:3354_1" exe="/system/vendor/bin/hw/android.hardware.drm@1.1-service.widevine" subj=u:r:hal_drm_default:s0 key=(null)
02-13 20:53:35.400  5337  5337 E audit   : type=1327 audit(1613242415.393:14890): proctitle="/vendor/bin/hw/android.hardware.drm@1.1-service.widevine"
02-13 20:53:35.458  5370  5459 E Netd    : getNetworkForDns: getNetId from enterpriseCtrl is netid 0
02-13 20:53:35.461  5370  5459 E Netd    : getNetworkForDns: getNetId from enterpriseCtrl is netid 0
02-13 20:53:35.462  5370  5459 E Netd    : getNetworkForDns: getNetId from enterpriseCtrl is netid 0
02-13 20:53:35.970  3354  3192 E wv_dash : No saved usage table. Creating new table.
02-13 20:53:35.970  5337  5337 E audit   : type=1400 audit(1613242415.965:14891): avc:  denied  { search } for  pid=3354 comm="HwBinder:3354_1" name="mediadrm" dev="dm-1" ino=1245185 scontext=u:r:hal_drm_default:s0 tcontext=u:object_r:media_data_file:s0 tclass=dir permissive=0 SEPF_SM-N950F_9_0020 audit_filtered
02-13 20:53:35.970  5337  5337 E audit   : type=1300 audit(1613242415.965:14891): arch=40000028 syscall=322 per=8 success=no exit=-13 a0=ffffff9c a1=e8d4bf7c a2=20000 a3=0 items=0 ppid=1 pid=3354 auid=4294967295 uid=1013 gid=1013 euid=1013 suid=1013 fsuid=1013 egid=1013 sgid=1013 fsgid=1013 tty=(none) ses=4294967295 comm="HwBinder:3354_1" exe="/system/vendor/bin/hw/android.hardware.drm@1.1-service.widevine" subj=u:r:hal_drm_default:s0 key=(null)
02-13 20:53:35.970  5337  5337 E audit   : type=1327 audit(1613242415.965:14891): proctitle="/vendor/bin/hw/android.hardware.drm@1.1-service.widevine"
02-13 20:53:36.369  5370  5459 E Netd    : getNetworkForDns: getNetId from enterpriseCtrl is netid 0
02-13 20:53:38.342  5370  5459 E Netd    : getNetworkForDns: getNetId from enterpriseCtrl is netid 0
02-13 20:53:38.890  5271  6877 E BufferQueueProducer: [com.united.mobile.android/com.united.mobile.android.ui.main.MainActivity[2370]#1] disconnect: not connected (req=1)
02-13 20:53:38.952  2370  2370 E ViewRootImpl: sendUserActionEvent() returned.
02-13 20:53:39.078  5606  5759 E WindowManager: win=Window{9c29703 u0 com.united.mobile.android/com.united.mobile.android.ui.main.MainActivity EXITING} destroySurfaces: appStopped=false win.mWindowRemovalAllowed=true win.mRemoveOnExit=true win.mViewVisibility=0 caller=com.android.server.wm.AppWindowToken.destroySurfaces:870 com.android.server.wm.AppWindowToken.destroySurfaces:851 com.android.server.wm.WindowState.onExitAnimationDone:5443 com.android.server.wm.WindowStateAnimator.onAnimationFinished:319 com.android.server.wm.WindowState.onAnimationFinished:5865 com.android.server.wm.-$$Lambda$yVRF8YoeNdTa8GR1wDStVsHu8xM.run:2 com.android.server.wm.SurfaceAnimator.lambda$getFinishedCallback$0:97 
02-13 20:53:39.769  5373  5473 E storaged: getDiskStats failed with result NOT_SUPPORTED and size 0
02-13 20:53:39.882  5364  5364 E PluginMetricsReporting: selfrecord() returned false. sessioId 9036
02-13 20:53:39.891  5364  5435 E PluginMetricsReporting: selfrecord() returned false. sessioId 9038
02-13 20:53:39.895  5364  5364 E PluginMetricsReporting: selfrecord() returned false. sessioId 9040
02-13 20:53:39.899  5364  5435 E PluginMetricsReporting: selfrecord() returned false. sessioId 9042
02-13 20:53:45.066  5606  6259 E BartenderActivityManager: BarTender: pid : 2303 cached=true abnormal=false kill=false stay=false release=false
02-13 20:53:45.712  5606  6414 E BartenderActivityManager: BarTender: pid : 2921 cached=true abnormal=false kill=false stay=false release=false
02-13 20:53:45.728  5606  6414 E BartenderActivityManager: BarTender: pid : 944 cached=true abnormal=false kill=false stay=false release=false
02-13 20:53:46.911  5606  6259 E BartenderActivityManager: BarTender: pid : 3002 cached=true abnormal=false kill=false stay=false release=false
02-13 20:53:46.916  5606  6259 E BartenderActivityManager: BarTender: pid : 3050 cached=true abnormal=false kill=false stay=false release=false
02-13 20:53:48.467  5271  5819 E BufferQueueProducer: [com.united.mobile.android/com.united.mobile.android.ui.main.MainActivity[2370]#1] disconnect: not connected (req=1)
02-13 20:53:48.469  3264  3264 E Zygote  : isWhitelistProcess - Process is Whitelisted
02-13 20:53:48.470  3264  3264 E Zygote  : accessInfo : 1
02-13 20:53:48.487  3264  3264 E le.CoursePlaye: Not starting debugger since process cannot load the jdwp agent.
02-13 20:53:48.488  3278  3278 E Zygote  : isWhitelistProcess - Process is Whitelisted
02-13 20:53:48.489  3278  3278 E Zygote  : accessInfo : 1
02-13 20:53:48.494  2370  2370 E ViewRootImpl: sendUserActionEvent() returned.
02-13 20:53:48.506  3278  3278 E droid.apps.doc: Not starting debugger since process cannot load the jdwp agent.
02-13 20:53:48.630  5606  5759 E WindowManager: win=Window{302af0c u0 com.united.mobile.android/com.united.mobile.android.ui.main.MainActivity EXITING} destroySurfaces: appStopped=false win.mWindowRemovalAllowed=true win.mRemoveOnExit=true win.mViewVisibility=0 caller=com.android.server.wm.AppWindowToken.destroySurfaces:870 com.android.server.wm.AppWindowToken.destroySurfaces:851 com.android.server.wm.WindowState.onExitAnimationDone:5443 com.android.server.wm.WindowStateAnimator.onAnimationFinished:319 com.android.server.wm.WindowState.onAnimationFinished:5865 com.android.server.wm.-$$Lambda$yVRF8YoeNdTa8GR1wDStVsHu8xM.run:2 com.android.server.wm.SurfaceAnimator.lambda$getFinishedCallback$0:97 
02-13 20:53:49.123  3278  3328 E NotificationAccessor: Cannot delete notification channel. Channel not found.
02-13 20:53:49.129  3278  3328 E NotificationAccessor: Cannot delete notification channel. Channel not found.
02-13 20:53:49.135  3278  3328 E NotificationAccessor: Cannot delete notification channel. Channel not found.
02-13 20:53:49.825  3278  3333 E CelloDelayUploadFixer: [RxCachedThreadScheduler-9] Cleanup delay upload complete
02-13 20:53:50.033  3266  3266 E keymaster_tee: [ERROR]: (nwd_keymaster_tc_api.c:1917) KM_TZRunCommand returned -28
02-13 20:53:50.109  3266  3266 E keymaster_tee: [ERROR]: (nwd_keymaster_tc_api.c:1917) KM_TZRunCommand returned -28
02-13 20:53:50.178  3266  3266 E keymaster_tee: [ERROR]: (nwd_keymaster_tc_api.c:1917) KM_TZRunCommand returned -28
02-13 20:53:50.238  3266  3266 E keymaster_tee: [ERROR]: (nwd_keymaster_tc_api.c:1917) KM_TZRunCommand returned -28
02-13 20:53:50.494  5370  5459 E Netd    : getNetworkForDns: getNetId from enterpriseCtrl is netid 0
02-13 20:53:50.496  5370  5459 E Netd    : getNetworkForDns: getNetId from enterpriseCtrl is netid 0
02-13 20:53:50.507  3580  3580 E Zygote  : isWhitelistProcess - Process is Whitelisted
02-13 20:53:50.507  3264  3408 E FirebaseCrashlytics: Settings request failed.
02-13 20:53:50.508  3580  3580 E Zygote  : accessInfo : 1
02-13 20:53:50.523  3580  3580 E .oneconnect:md: Not starting debugger since process cannot load the jdwp agent.
02-13 20:53:51.703  5606  6124 E Watchdog: !@Sync 7949 [2021-02-13 20:53:51.703] FD count : 586
02-13 20:53:52.443 24768 29536 E rs$DefaultThreadFactory: ===== Detect pool-thread leak =====
02-13 20:53:52.443 24768 29536 E rs$DefaultThreadFactory: dalvik.system.VMStack.getThreadStackTrace(Native Method)
02-13 20:53:52.443 24768 29536 E rs$DefaultThreadFactory: java.lang.Thread.getStackTrace(Thread.java:1538)
02-13 20:53:52.443 24768 29536 E rs$DefaultThreadFactory: java.util.concurrent.Executors$DefaultThreadFactory.newThread(Executors.java:569)
02-13 20:53:52.443 24768 29536 E rs$DefaultThreadFactory: tqo.newThread(:com.google.android.gms@210214028@21.02.14 (100400-352619232):0)
02-13 20:53:52.443 24768 29536 E rs$DefaultThreadFactory: java.util.concurrent.ThreadPoolExecutor$Worker.<init>(ThreadPoolExecutor.java:636)
02-13 20:53:52.443 24768 29536 E rs$DefaultThreadFactory: java.util.concurrent.ThreadPoolExecutor.addWorker(ThreadPoolExecutor.java:950)
02-13 20:53:52.444 24768 29536 E rs$DefaultThreadFactory: java.util.concurrent.ThreadPoolExecutor.execute(ThreadPoolExecutor.java:1393)
02-13 20:53:52.444 24768 29536 E rs$DefaultThreadFactory: tkt.e(:com.google.android.gms@210214028@21.02.14 (100400-352619232):5)
02-13 20:53:52.444 24768 29536 E rs$DefaultThreadFactory: tkt.execute(:com.google.android.gms@210214028@21.02.14 (100400-352619232):2)
02-13 20:53:52.444 24768 29536 E rs$DefaultThreadFactory: abbv.a(:com.google.android.gms@210214028@21.02.14 (100400-352619232):0)
02-13 20:53:52.444 24768 29536 E rs$DefaultThreadFactory: abbv.run(:com.google.android.gms@210214028@21.02.14 (100400-352619232):12)
02-13 20:53:52.444 24768 29536 E rs$DefaultThreadFactory: bqnc.run(:com.google.android.gms@210214028@21.02.14 (100400-352619232):2)
02-13 20:53:52.444 24768 29536 E rs$DefaultThreadFactory: tks.c(:com.google.android.gms@210214028@21.02.14 (100400-352619232):6)
02-13 20:53:52.444 24768 29536 E rs$DefaultThreadFactory: tks.run(:com.google.android.gms@210214028@21.02.14 (100400-352619232):8)
02-13 20:53:52.444 24768 29536 E rs$DefaultThreadFactory: java.util.concurrent.ThreadPoolExecutor.runWorker(ThreadPoolExecutor.java:1167)
02-13 20:53:52.444 24768 29536 E rs$DefaultThreadFactory: java.util.concurrent.ThreadPoolExecutor$Worker.run(ThreadPoolExecutor.java:641)
02-13 20:53:52.444 24768 29536 E rs$DefaultThreadFactory: tqp.run(:com.google.android.gms@210214028@21.02.14 (100400-352619232):0)
02-13 20:53:52.444 24768 29536 E rs$DefaultThreadFactory: java.lang.Thread.run(Thread.java:764)
02-13 20:53:55.750 20979 22430 E WakeLock: IntentOp:com.google.android.gms/.chimera.GmsIntentOperationService ** IS FORCE-RELEASED ON TIMEOUT **
02-13 20:53:55.886  5162  5307 E PBSessionCacheImpl: sessionId[22704329313011014] not persisted.
02-13 20:53:55.993  5271  8048 E Layer   : $$$$$$$$$$$$$$$$$$$$$$$$$$$$$$$$$$$$$$$$$$$$$$$$$$$$$$$$$$$$$$$$$$$$$$$
02-13 20:53:55.993  5271  8048 E Layer   : Abnormal Layer [Screenshot Parent]
02-13 20:53:56.160  5271  8048 E BufferQueueProducer: [com.united.mobile.android/com.united.mobile.android.ui.main.MainActivity[2370]#0] disconnect: not connected (req=1)
02-13 20:53:56.301  5606  7389 E WindowManager: win=Window{fffe6d7 u0 com.united.mobile.android/com.united.mobile.android.ui.main.MainActivity EXITING} destroySurfaces: appStopped=true win.mWindowRemovalAllowed=false win.mRemoveOnExit=false win.mViewVisibility=4 caller=com.android.server.wm.AppWindowToken.destroySurfaces:870 com.android.server.wm.AppWindowToken.destroySurfaces:851 com.android.server.wm.WindowState.onExitAnimationDone:5443 com.android.server.wm.-$$Lambda$01bPtngJg5AqEoOWfW3rWfV7MH4.accept:2 java.util.ArrayList.forEach:1262 com.android.server.wm.AppWindowToken.onAnimationFinished:2403 com.android.server.wm.-$$Lambda$yVRF8YoeNdTa8GR1wDStVsHu8xM.run:2 
02-13 20:53:57.434  7280  7280 E ProActiveLaunch: Sending Broadcast
02-13 20:53:57.437  5606  5933 E ActivityManager: TouchDown intent received, starting ActiveLaunch
02-13 20:53:57.468  7280  7280 E TrayManager: TrayManagerImp:trayMoveStart()
02-13 20:53:57.556  5271  6877 E NativeSemDvfsGpuManager: acquire:: Start
02-13 20:53:57.556  5271  6877 E NativeSemDvfsGpuManager: acquire:: timeout = 1000 mIsAcquired = 0  mTagName : SurfaceFlinger 
02-13 20:53:57.561  5271  6877 E NativeCustomFrequencyManager: [NativeCFMS] BpCustomFrequencyManager::requestGPU() 
02-13 20:53:57.561  5271  6877 E NativeSemDvfsGpuManager: acquire:: End
02-13 20:53:57.986  7280  7280 E TrayManager: TrayManagerImp:trayMoveEnd() stageMode: 2
02-13 20:53:58.561  5271 12393 E NativeSemDvfsGpuManager: release:: Start
02-13 20:53:58.562  5271 12393 E NativeSemDvfsGpuManager: release():: mIsAcquired = 1 , mName = GPU  , mTagName : SurfaceFlinger 
02-13 20:53:58.563  5271 12393 E NativeCustomFrequencyManager: [NativeCFMS] BpCustomFrequencyManager::releaseGPU() 
02-13 20:53:58.563  5271 12393 E NativeSemDvfsGpuManager: release:: End
02-13 20:53:58.684  3738  3738 E Zygote  : isWhitelistProcess - Process is Whitelisted
02-13 20:53:58.686  3738  3738 E Zygote  : accessInfo : 1
02-13 20:53:58.704  3738  3738 E ung.faceservic: Not starting debugger since process cannot load the jdwp agent.
02-13 20:53:59.873  5606  5659 E libprocessgroup: Error encountered killing process cgroup uid 99643 pid 23147: No such file or directory
02-13 20:53:59.987  5271  5273 E NativeSemDvfsGpuManager: acquire:: Start
02-13 20:53:59.987  5271  5273 E NativeSemDvfsGpuManager: acquire:: timeout = 1000 mIsAcquired = 0  mTagName : SurfaceFlinger 
02-13 20:53:59.992  5271  5273 E NativeCustomFrequencyManager: [NativeCFMS] BpCustomFrequencyManager::requestGPU() 
02-13 20:53:59.992  5271  5273 E NativeSemDvfsGpuManager: acquire:: End
02-13 20:54:00.994  5271 12393 E NativeSemDvfsGpuManager: release:: Start
02-13 20:54:00.994  5271 12393 E NativeSemDvfsGpuManager: release():: mIsAcquired = 1 , mName = GPU  , mTagName : SurfaceFlinger 
02-13 20:54:00.995  5271 12393 E NativeCustomFrequencyManager: [NativeCFMS] BpCustomFrequencyManager::releaseGPU() 
02-13 20:54:00.995  5271 12393 E NativeSemDvfsGpuManager: release:: End
02-13 20:54:01.246  5606  5817 E InputDispatcher: channel 'fffe6d7 com.united.mobile.android/com.united.mobile.android.ui.main.MainActivity (server)' ~ Channel is unrecoverably broken and will be disposed!
02-13 20:54:01.303  5606  5659 E libprocessgroup: Failed to kill process cgroup uid 10264 pid 2370 in 218ms, 1 processes remain
02-13 20:54:01.303  5606  5659 E libprocessgroup: Error encountered killing process cgroup uid 99648 pid 2479: No such file or directory
02-13 20:54:01.357  5606  5655 E system_server: No package ID 7f found for ID 0x7f080267.
02-13 20:54:01.357  5606  5655 E system_server: No package ID 7f found for ID 0x7f1304f1.
02-13 20:54:01.357  5606  5655 E system_server: No package ID 7f found for ID 0x7f1304f1.
02-13 20:54:01.357  5606  5655 E system_server: No package ID 7f found for ID 0x7f080263.
02-13 20:54:01.358  5606  5655 E system_server: No package ID 7f found for ID 0x7f1304ef.
02-13 20:54:01.358  5606  5655 E system_server: No package ID 7f found for ID 0x7f1304ef.
02-13 20:54:01.358  5606  5655 E system_server: No package ID 7f found for ID 0x7f080265.
02-13 20:54:01.358  5606  5655 E system_server: No package ID 7f found for ID 0x7f1304f0.
02-13 20:54:01.358  5606  5655 E system_server: No package ID 7f found for ID 0x7f1304f0.
02-13 20:54:04.153  6324  6593 E EPDG -- SIM0 [RILRECEIVER]: Incorrect EpdgIilIpcMessage IPC Message -- not initialized
02-13 20:54:04.156  5935  6497 E ImsAdaptorImpl: setSSACInfo : ImsAdaptorImpl.
02-13 20:54:04.169  6324  6593 E EPDG -- SIM0 [RILRECEIVER]: Incorrect EpdgIilIpcMessage IPC Message -- not initialized
02-13 20:54:04.171  6324  6593 E EPDG -- SIM0 [RILRECEIVER]: RX [NET_REGIST] -- RESPONSE -- not initialized
02-13 20:54:04.175  5935  6497 E ImsAdaptorImpl: setSSACInfo : ImsAdaptorImpl.
02-13 20:54:05.610  5606  5627 E BartenderActivityManager: BarTender: pid : 8174 cached=true abnormal=false kill=false stay=false release=false
02-13 20:54:08.712  3787  3787 E Zygote  : isWhitelistProcess - Process is Whitelisted
02-13 20:54:08.716  3787  3787 E Zygote  : accessInfo : 1
02-13 20:54:08.741  3787  3787 E ng.storyservic: Not starting debugger since process cannot load the jdwp agent.
02-13 20:54:18.727  3809  3809 E Zygote  : isWhitelistProcess - Process is Whitelisted
02-13 20:54:18.730  3809  3809 E Zygote  : accessInfo : 1
02-13 20:54:18.753  3809  3809 E com.samsung.ml: Not starting debugger since process cannot load the jdwp agent.
02-13 20:54:21.268  5606  8118 E BartenderActivityManager: BarTender: pid : 3264 cached=true abnormal=false kill=false stay=false release=false
02-13 20:54:21.732  5606  6124 E Watchdog: !@Sync 7950 [2021-02-13 20:54:21.732] FD count : 680
02-13 20:54:25.091  5606  8118 E BartenderActivityManager: BarTender: pid : 3278 cached=true abnormal=false kill=false stay=false release=false
02-13 20:54:28.706  3832  3832 E Zygote  : isWhitelistProcess - Process is Whitelisted
02-13 20:54:28.710  3832  3832 E Zygote  : accessInfo : 1
02-13 20:54:28.732  3832  3832 E msung.ipservic: Not starting debugger since process cannot load the jdwp agent.
02-13 20:54:29.266  5606  7567 E BartenderActivityManager: BarTender: pid : 31128 cached=true abnormal=false kill=false stay=false release=false
02-13 20:54:30.031  5606  5627 E BartenderActivityManager: BarTender: pid : 2303 cached=true abnormal=false kill=false stay=false release=false
02-13 20:54:30.066  5606  8118 E BartenderActivityManager: BarTender: pid : 27928 cached=true abnormal=false kill=false stay=false release=false
02-13 20:54:30.141  5606  8118 E BartenderActivityManager: BarTender: pid : 12530 cached=true abnormal=false kill=false stay=false release=false
02-13 20:54:30.146  5606  8118 E BartenderActivityManager: BarTender: pid : 12212 cached=true abnormal=false kill=false stay=false release=false
02-13 20:54:30.151  5606  8118 E BartenderActivityManager: BarTender: pid : 12473 cached=true abnormal=false kill=false stay=false release=false
02-13 20:54:34.362  5606  5627 E BartenderActivityManager: BarTender: pid : 27384 cached=true abnormal=false kill=false stay=false release=false
02-13 20:54:34.393  5606  5627 E BartenderActivityManager: BarTender: pid : 14557 cached=true abnormal=false kill=false stay=false release=false
02-13 20:54:38.722  3855  3855 E Zygote  : isWhitelistProcess - Process is Whitelisted
02-13 20:54:38.723  3855  3855 E Zygote  : isSdpEnabledProcess - SDP enabled
02-13 20:54:38.726  3855  3855 E Zygote  : accessInfo : 5
02-13 20:54:38.726  3855  3855 E Zygote  : isSdpEnabledProcess - SDP enabled
02-13 20:54:38.726  3855  3855 E Zygote  : setSDPgroupsIntarray[pid]: 0 / [gid]: 10201 / [uid]: 10201
02-13 20:54:38.749  3855  3855 E .email.provide: Not starting debugger since process cannot load the jdwp agent.
02-13 20:54:39.560  5606  6414 E PackageManager: Failed to find package; permName: android.permission.INTERNET, uid: 99650, caller: 1000
02-13 20:54:39.594  3899  3899 E Zygote  : accessInfo : 0
02-13 20:54:39.626  3899  3899 E dboxed_process: Not starting debugger since process cannot load the jdwp agent.
02-13 20:54:39.771  5373  5473 E storaged: getDiskStats failed with result NOT_SUPPORTED and size 0
02-13 20:54:39.905  5606  6414 E UiModeManager: Night mode locked, requires MODIFY_DAY_NIGHT_MODE permission
02-13 20:54:40.213  3855  3951 E SemPolicy: SemEMCEasConfiguration::parse() - parcelables is null!!
02-13 20:54:40.358  3855  3963 E ImapPushImpl: IDLE stopPush | No match found for mbId - 6
02-13 20:54:40.403  3855  3961 E ImapPushImpl: IDLE stopPush | No match found for mbId - 1
02-13 20:54:42.039  5370  5459 E Netd    : getNetworkForDns: getNetId from enterpriseCtrl is netid 0
02-13 20:54:42.184  5370  5459 E Netd    : getNetworkForDns: getNetId from enterpriseCtrl is netid 0
02-13 20:54:44.277  3981  3981 E Zygote  : isWhitelistProcess - Process is Whitelisted
02-13 20:54:44.280  3981  3981 E Zygote  : accessInfo : 1
02-13 20:54:44.300  3981  3981 E inkedin.androi: Not starting debugger since process cannot load the jdwp agent.
02-13 20:54:44.641  3981  3981 E FlagshipApplication: [main] FlagshipApplication#onCreate() called for process id 3981
02-13 20:54:44.968  5370  5459 E Netd    : getNetworkForDns: getNetId from enterpriseCtrl is netid 0
02-13 20:54:51.752  5606  6124 E Watchdog: !@Sync 7951 [2021-02-13 20:54:51.752] FD count : 680
02-13 20:54:58.917  5606  7391 E BartenderActivityManager: BarTender: pid : 3738 cached=true abnormal=false kill=false stay=false release=false
02-13 20:54:58.932  5606  7391 E BartenderActivityManager: BarTender: pid : 3787 cached=true abnormal=false kill=false stay=false release=false
02-13 20:54:58.942  5606  7391 E BartenderActivityManager: BarTender: pid : 3809 cached=true abnormal=false kill=false stay=false release=false
02-13 20:54:58.948  5606  7391 E BartenderActivityManager: BarTender: pid : 3832 cached=true abnormal=false kill=false stay=false release=false
02-13 20:54:58.954  5606  7391 E BartenderActivityManager: BarTender: pid : 10235 cached=true abnormal=false kill=false stay=false release=false
02-13 20:54:59.214 20979 22430 E WakeLock: IntentOp:com.google.android.gms/.chimera.GmsIntentOperationService ** IS FORCE-RELEASED ON TIMEOUT **
02-13 20:55:01.601  5992  5992 E KeyguardFingerPrint: updateFingerprintListeningState#mFingerprintRunningState=0 shouldListenForFingerprint=true
02-13 20:55:01.609  5992  5992 E KeyguardFingerPrint: startListeningForFingerprint() 398
02-13 20:55:01.979  3361  3361 E Sensors : inject_scontext_data: New ssp_data_injection_fd(29)
02-13 20:55:02.003  5271  6877 E BufferQueueProducer: [ColorFade#0] disconnect: not connected (req=1)
02-13 20:55:02.033  4081  4081 E Zygote  : isWhitelistProcess - Process is Whitelisted
02-13 20:55:02.035  4081  4081 E Zygote  : accessInfo : 1
02-13 20:55:02.048  4081  4081 E ervice:provide: Not starting debugger since process cannot load the jdwp agent.
02-13 20:55:02.091  3361  4018 E Sensors : inject_scontext_data: New ssp_data_injection_fd(29)
02-13 20:55:02.094  3361  4018 E Sensors : inject_scontext_data: New ssp_data_injection_fd(29)
02-13 20:55:02.095  5271  5273 E BufferQueueProducer: [com.android.systemui.infinity.InfinityWallpaperOrchid[6129]#0] disconnect: not connected (req=1)
02-13 20:55:02.102  3361  4018 E Sensors : inject_scontext_data: New ssp_data_injection_fd(29)
02-13 20:55:02.266  5606  7567 E LockSettingsStorage: Cannot read file java.io.FileNotFoundException: /data/system/fmmpassword.key: open failed: ENOENT (No such file or directory)
02-13 20:55:02.286  5271  6877 E BufferQueueProducer: [com.samsung.android.app.cocktailbarservice/com.samsung.android.app.cocktailbarservice.CocktailBarService[11067]#0] disconnect: not connected (req=1)
02-13 20:55:02.292  5992  5992 E KeyguardFingerPrint: updateFingerprintListeningState#mFingerprintRunningState=1 shouldListenForFingerprint=true
02-13 20:55:02.293  5606  5627 E WindowManager: win=Window{be50773 u0 com.samsung.android.app.cocktailbarservice/com.samsung.android.app.cocktailbarservice.CocktailBarService} destroySurfaces: appStopped=true win.mWindowRemovalAllowed=false win.mRemoveOnExit=false win.mViewVisibility=8 caller=com.android.server.wm.WindowManagerService.tryStartExitingAnimation:2798 com.android.server.wm.WindowManagerService.relayoutWindow:2496 com.android.server.wm.Session.relayoutForTranslate:302 android.view.IWindowSession$Stub.onTransact:518 com.android.server.wm.Session.onTransact:186 android.os.Binder.execTransact:739 <bottom of call stack> 
02-13 20:55:02.302  5606  5960 E LockSettingsStorage: Cannot read file java.io.FileNotFoundException: /data/system/fmmpassword.key: open failed: ENOENT (No such file or directory)
02-13 20:55:02.307  5606  5627 E LockSettingsStorage: Cannot read file java.io.FileNotFoundException: /data/system/fmmpassword.key: open failed: ENOENT (No such file or directory)
02-13 20:55:02.377  5992  5992 E AOD_CONFIG@AODConfigurationController: Skipping initialize MONITOR_BATTERY - no registered monitor
02-13 20:55:02.439  5271  5273 E BufferQueueProducer: [StatusBar[5992]#0] disconnect: not connected (req=1)
02-13 20:55:02.449  5606  5606 E PocketModeEvent: ACTION_SCREEN_OFF
02-13 20:55:02.461  5271  5273 E BufferQueueProducer: [NavigationBar[5992]#0] disconnect: not connected (req=1)
02-13 20:55:02.465  5606  7567 E WindowManager: win=Window{e3d8788 u0 NavigationBar} destroySurfaces: appStopped=true win.mWindowRemovalAllowed=false win.mRemoveOnExit=false win.mViewVisibility=8 caller=com.android.server.wm.WindowManagerService.tryStartExitingAnimation:2798 com.android.server.wm.WindowManagerService.relayoutWindow:2496 com.android.server.wm.Session.relayoutForTranslate:302 android.view.IWindowSession$Stub.onTransact:518 com.android.server.wm.Session.onTransact:186 android.os.Binder.execTransact:739 <bottom of call stack> 
02-13 20:55:02.492  3366  3366 E SecHAL  : nfc_hal_write: [Cmd]Send EVT data_sending_flag = true, return size=4!!
02-13 20:55:02.504  5271  5273 E BufferQueueProducer: [NavbarGestureHandler[5992]#0] disconnect: not connected (req=1)
02-13 20:55:02.520  3366  1293 E SecHAL  : nfc_data_callback: [Cmd]Received a response packet : data_sending_flag = false!!
02-13 20:55:02.520  6278  1265 E libnfc_nci: [ERROR:nfa_dm_discover.cc(2692)] state: DISCOVERY (1), event: DEACTIVATE_CMD(6) disc_flags: 0x2
02-13 20:55:02.521  3366  3366 E SecHAL  : nfc_hal_write: [Cmd]Send EVT data_sending_flag = true, return size=4!!
02-13 20:55:02.524  3366  1293 E SecHAL  : nfc_data_callback: [Cmd]Received a response packet : data_sending_flag = false!!
02-13 20:55:02.524  6278  1265 E libnfc_nci: [ERROR:nfc_ncif.cc(1152)] nfc_ncif_proc_deactivate - evt_data.deactivate.reason 199, nfc_cb.deact_reason = 2
02-13 20:55:02.524  6278  1265 E libnfc_nci: [ERROR:nfa_dm_discover.cc(2692)] state: DISCOVERY (1), event: DEACTIVATE_RSP(7) disc_flags: 0x22
02-13 20:55:02.525  3366  3366 E SecHAL  : nfc_hal_write: [Cmd]Send EVT data_sending_flag = true, return size=7!!
02-13 20:55:02.526  3366  1293 E SecHAL  : nfc_data_callback: [Cmd]Received a response packet : data_sending_flag = false!!
02-13 20:55:02.526  3366  3366 E SecHAL  : nfc_hal_write: [Cmd]Send EVT data_sending_flag = true, return size=a!!
02-13 20:55:02.528  3366  1293 E SecHAL  : nfc_data_callback: [Cmd]Received a response packet : data_sending_flag = false!!
02-13 20:55:02.528  6278  1265 E libnfc_nci: [ERROR:nfa_dm_discover.cc(2692)] state: IDLE (0), event: DISCOVER_RSP(1) disc_flags: 0x31
02-13 20:55:02.532  5606  7567 E LockSettingsStorage: Cannot read file java.io.FileNotFoundException: /data/system/fmmpassword.key: open failed: ENOENT (No such file or directory)
02-13 20:55:02.550  5271  5273 E BufferQueueProducer: [com.sec.android.app.launcher/com.sec.android.app.launcher.activities.LauncherActivity[7280]#0] disconnect: not connected (req=1)
02-13 20:55:02.558  5606  5960 E WindowManager: win=Window{38bb8dc u0 com.sec.android.app.launcher/com.sec.android.app.launcher.activities.LauncherActivity} destroySurfaces: appStopped=true win.mWindowRemovalAllowed=false win.mRemoveOnExit=false win.mViewVisibility=8 caller=com.android.server.wm.WindowManagerService.tryStartExitingAnimation:2798 com.android.server.wm.WindowManagerService.relayoutWindow:2496 com.android.server.wm.Session.relayoutForTranslate:302 android.view.IWindowSession$Stub.onTransact:518 com.android.server.wm.Session.onTransact:186 android.os.Binder.execTransact:739 <bottom of call stack> 
02-13 20:55:02.680  5992  5992 E SystemUIImageView: set Image Drawable!!
02-13 20:55:02.680  5992  5992 E SystemUIImageView: set Background Drawable!!
02-13 20:55:02.682  5992  5992 E SystemUIImageView: set Image Drawable!!
02-13 20:55:02.682  5992  5992 E SystemUIImageView: set Background Drawable!!
02-13 20:55:02.731  5992  5992 E SystemUIImageView: set Image Drawable!!
02-13 20:55:02.736  5606  7567 E LockSettingsStorage: Cannot read file java.io.FileNotFoundException: /data/system/fmmpassword.key: open failed: ENOENT (No such file or directory)
02-13 20:55:02.751  5606  5960 E LockSettingsStorage: Cannot read file java.io.FileNotFoundException: /data/system/fmmpassword.key: open failed: ENOENT (No such file or directory)
02-13 20:55:02.760  5606  5960 E LockSettingsStorage: Cannot read file java.io.FileNotFoundException: /data/system/fmmpassword.key: open failed: ENOENT (No such file or directory)
02-13 20:55:02.776  5992  5992 E KeyguardFingerPrint: updateFingerprintListeningState#mFingerprintRunningState=1 shouldListenForFingerprint=true
02-13 20:55:02.779  5606  5960 E LockSettingsStorage: Cannot read file java.io.FileNotFoundException: /data/system/fmmpassword.key: open failed: ENOENT (No such file or directory)
02-13 20:55:02.793  5606  5960 E LockSettingsStorage: Cannot read file java.io.FileNotFoundException: /data/system/fmmpassword.key: open failed: ENOENT (No such file or directory)
02-13 20:55:02.798  5992  5992 E KeyguardFingerPrint: updateFingerprintListeningState#mFingerprintRunningState=1 shouldListenForFingerprint=true
02-13 20:55:02.839  5992  5992 E KeyguardFingerPrint: updateFingerprintListeningState#mFingerprintRunningState=1 shouldListenForFingerprint=true
02-13 20:55:02.872  5606  5627 E LockSettingsStorage: Cannot read file java.io.FileNotFoundException: /data/system/fmmpassword.key: open failed: ENOENT (No such file or directory)
02-13 20:55:02.887 13676   375 E BtGatt.ContextMap: remove() - removed: 4
02-13 20:55:02.888  5606  7567 E LockSettingsStorage: Cannot read file java.io.FileNotFoundException: /data/system/fmmpassword.key: open failed: ENOENT (No such file or directory)
02-13 20:55:02.909 13676 13756 E BtGatt.ScanManager: default value of curScanSetting 0 is choosen
02-13 20:55:02.912 13676 13757 E BtGatt.GattService: [GSIM LOG]: gsimLogHandler, msg: MESSAGE_SCAN_STOP, appName: android.uid.bcmgr, scannerId: 4, reportDelayMillis=0
02-13 20:55:02.929 12684 12684 E SENL$CPLog$SO$PenInfoModel: initPenPositionType# /sys/class/sec/sec_epen/input/device/of_node/wacom,spen_garage_pos (No such file or directory)
02-13 20:55:03.001 13676 13757 E BtGatt.GattService: [GSIM LOG]: gsimLogHandler, msg: MESSAGE_SCAN_START, appName: android.uid.bcmgr, scannerId: 4, reportDelayMillis=0
02-13 20:55:03.011 13676 13756 E BtGatt.ScanManager: default value of curScanSetting 0 is choosen
02-13 20:55:03.096  5992  5992 E KeyguardFingerPrint: updateFingerprintListeningState#mFingerprintRunningState=1 shouldListenForFingerprint=true
02-13 20:55:03.117  5606  5960 E BluetoothManagerService: Unable to handle updateBleAppCount
02-13 20:55:03.125 13676   375 E BtGatt.ContextMap: remove() - removed: 5
02-13 20:55:03.126 13676 13756 E BtGatt.ScanManager: default value of curScanSetting 0 is choosen
02-13 20:55:03.133 13676 13757 E BtGatt.GattService: [GSIM LOG]: gsimLogHandler, msg: MESSAGE_SCAN_STOP, appName: android.uid.system, scannerId: 5, reportDelayMillis=0
02-13 20:55:03.136 30679 30709 E DBG_FMESEC :[FMEPreference       ]: Data not exist in pref : 2
02-13 20:55:03.136 30679 30709 E DBG_FMESEC :[FMEPreference       ]: Data not exist in pref : 3
02-13 20:55:03.136 30679 30709 E DBG_FMESEC :[FMEPreference       ]: Data not exist in pref : 4
02-13 20:55:03.136 30679 30709 E DBG_FMESEC :[FMEPreference       ]: Data not exist in pref : 5
02-13 20:55:03.136 30679 30709 E DBG_FMESEC :[FMEPreference       ]: Data not exist in pref : 6
02-13 20:55:03.136 30679 30709 E DBG_FMESEC :[FMEPreference       ]: location info not exist
02-13 20:55:03.146 30679 11862 E DBG_FMESEC :[FMEPreference       ]: Data not exist in pref : 2
02-13 20:55:03.146 30679 11862 E DBG_FMESEC :[FMEPreference       ]: Data not exist in pref : 3
02-13 20:55:03.146 30679 11862 E DBG_FMESEC :[FMEPreference       ]: Data not exist in pref : 4
02-13 20:55:03.146 30679 11862 E DBG_FMESEC :[FMEPreference       ]: Data not exist in pref : 5
02-13 20:55:03.146 30679 11862 E DBG_FMESEC :[FMEPreference       ]: Data not exist in pref : 6
02-13 20:55:03.146 30679 11862 E DBG_FMESEC :[FMEPreference       ]: location info not exist
02-13 20:55:03.147 30679 11862 E DBG_FMESEC :[FMEPreference       ]: Data not exist in pref : 200
02-13 20:55:03.196  3361  3581 E Sensors : Sensor : Meta event
02-13 20:55:03.222  3361  3581 E Sensors : Sensor : Meta event
02-13 20:55:07.738  3361  3581 E Sensors : Sensor : Meta event
02-13 20:55:10.308  5606  7567 E BartenderActivityManager: BarTender: pid : 2465 cached=true abnormal=false kill=false stay=false release=false
02-13 20:55:10.316  5606  7567 E BartenderActivityManager: BarTender: pid : 2520 cached=true abnormal=false kill=false stay=false release=false
02-13 20:55:10.866  5606  7567 E BartenderActivityManager: BarTender: pid : 6714 cached=true abnormal=false kill=false stay=false release=false
02-13 20:55:10.874  5606  7567 E BartenderActivityManager: BarTender: pid : 9077 cached=true abnormal=false kill=false stay=false release=false
02-13 20:55:11.838  5606  7567 E BartenderActivityManager: BarTender: pid : 8000 cached=true abnormal=false kill=false stay=false release=false
02-13 20:55:12.152  6324  6593 E EPDG -- SIM0 [RILRECEIVER]: Incorrect EpdgIilIpcMessage IPC Message -- not initialized
02-13 20:55:12.153  5935  6497 E ImsAdaptorImpl: setSSACInfo : ImsAdaptorImpl.
02-13 20:55:12.162  6324  6593 E EPDG -- SIM0 [RILRECEIVER]: Incorrect EpdgIilIpcMessage IPC Message -- not initialized
02-13 20:55:12.165  5935  6497 E ImsAdaptorImpl: setSSACInfo : ImsAdaptorImpl.
02-13 20:55:12.167  6324  6593 E EPDG -- SIM0 [RILRECEIVER]: RX [NET_REGIST] -- RESPONSE -- not initialized
02-13 20:55:12.345  5606  5834 E BartenderActivityManager: BarTender: pid : 8174 cached=true abnormal=false kill=false stay=false release=false
02-13 20:55:17.115  6324  6593 E EPDG -- SIM0 [RILRECEIVER]: Incorrect EpdgIilIpcMessage IPC Message -- not initialized
02-13 20:55:17.117  5935  6497 E ImsAdaptorImpl: setSSACInfo : ImsAdaptorImpl.
02-13 20:55:17.129  5935  6497 E ImsAdaptorImpl: setSSACInfo : ImsAdaptorImpl.
02-13 20:55:17.130  6324  6593 E EPDG -- SIM0 [RILRECEIVER]: Incorrect EpdgIilIpcMessage IPC Message -- not initialized
02-13 20:55:17.135  6324  6593 E EPDG -- SIM0 [RILRECEIVER]: RX [NET_REGIST] -- RESPONSE -- not initialized
02-13 20:55:21.119  6324  6593 E EPDG -- SIM0 [RILRECEIVER]: Incorrect EpdgIilIpcMessage IPC Message -- not initialized
02-13 20:55:21.120  5935  6497 E ImsAdaptorImpl: setSSACInfo : ImsAdaptorImpl.
02-13 20:55:21.132  5935  6497 E ImsAdaptorImpl: setSSACInfo : ImsAdaptorImpl.
02-13 20:55:21.133  6324  6593 E EPDG -- SIM0 [RILRECEIVER]: Incorrect EpdgIilIpcMessage IPC Message -- not initialized
02-13 20:55:21.140  6324  6593 E EPDG -- SIM0 [RILRECEIVER]: RX [NET_REGIST] -- RESPONSE -- not initialized
02-13 20:55:21.766  5606  6124 E Watchdog: !@Sync 7952 [2021-02-13 20:55:21.765] FD count : 601
02-13 20:55:26.790  6324  6593 E EPDG -- SIM0 [RILRECEIVER]: Incorrect EpdgIilIpcMessage IPC Message -- not initialized
02-13 20:55:26.795  5935  6497 E ImsAdaptorImpl: setSSACInfo : ImsAdaptorImpl.
02-13 20:55:26.808  5935  6497 E ImsAdaptorImpl: setSSACInfo : ImsAdaptorImpl.
02-13 20:55:26.809  6324  6593 E EPDG -- SIM0 [RILRECEIVER]: Incorrect EpdgIilIpcMessage IPC Message -- not initialized
02-13 20:55:26.813  6324  6593 E EPDG -- SIM0 [RILRECEIVER]: RX [NET_REGIST] -- RESPONSE -- not initialized
02-13 20:55:29.756  6324  6593 E EPDG -- SIM0 [RILRECEIVER]: Incorrect EpdgIilIpcMessage IPC Message -- not initialized
02-13 20:55:29.760  5935  6497 E ImsAdaptorImpl: setSSACInfo : ImsAdaptorImpl.
02-13 20:55:29.772  6324  6593 E EPDG -- SIM0 [RILRECEIVER]: Incorrect EpdgIilIpcMessage IPC Message -- not initialized
02-13 20:55:29.772  5935  6497 E ImsAdaptorImpl: setSSACInfo : ImsAdaptorImpl.
02-13 20:55:29.777  6324  6593 E EPDG -- SIM0 [RILRECEIVER]: RX [NET_REGIST] -- RESPONSE -- not initialized
02-13 20:55:30.158  5606  5960 E BartenderActivityManager: BarTender: pid : 12530 cached=true abnormal=false kill=false stay=false release=false
02-13 20:55:30.173  5606  7567 E BartenderActivityManager: BarTender: pid : 12212 cached=true abnormal=false kill=false stay=false release=false
02-13 20:55:30.187  5606  7567 E BartenderActivityManager: BarTender: pid : 12473 cached=true abnormal=false kill=false stay=false release=false
02-13 20:55:32.447  5606  7567 E BartenderActivityManager: BarTender: pid : 31531 cached=true abnormal=false kill=false stay=false release=false
02-13 20:55:32.876  5606  7567 E BartenderActivityManager: BarTender: pid : 3738 cached=true abnormal=false kill=false stay=false release=false
02-13 20:55:32.884  5606  7567 E BartenderActivityManager: BarTender: pid : 3787 cached=true abnormal=false kill=false stay=false release=false
02-13 20:55:32.892  5606  7567 E BartenderActivityManager: BarTender: pid : 3809 cached=true abnormal=false kill=false stay=false release=false
02-13 20:55:32.899  5606  7567 E BartenderActivityManager: BarTender: pid : 3832 cached=true abnormal=false kill=false stay=false release=false
02-13 20:55:32.907  5606  7567 E BartenderActivityManager: BarTender: pid : 10235 cached=true abnormal=false kill=false stay=false release=false
02-13 20:55:32.940  5606  7567 E BartenderActivityManager: BarTender: pid : 2886 cached=true abnormal=false kill=false stay=false release=false
02-13 20:55:33.136  5606  7567 E BartenderActivityManager: BarTender: pid : 14616 cached=true abnormal=false kill=false stay=false release=false
02-13 20:55:33.144  5606  7567 E BartenderActivityManager: BarTender: pid : 25280 cached=true abnormal=false kill=false stay=false release=false
02-13 20:55:33.166  5606  7567 E BartenderActivityManager: BarTender: pid : 3981 cached=true abnormal=false kill=false stay=false release=false
02-13 20:55:33.192  5606  7567 E BartenderActivityManager: BarTender: pid : 2303 cached=true abnormal=false kill=false stay=false release=false
02-13 20:55:35.191  6324  6593 E EPDG -- SIM0 [RILRECEIVER]: Incorrect EpdgIilIpcMessage IPC Message -- not initialized
02-13 20:55:35.196  5935  6497 E ImsAdaptorImpl: setSSACInfo : ImsAdaptorImpl.
02-13 20:55:35.208  5935  6497 E ImsAdaptorImpl: setSSACInfo : ImsAdaptorImpl.
02-13 20:55:35.210  6324  6593 E EPDG -- SIM0 [RILRECEIVER]: Incorrect EpdgIilIpcMessage IPC Message -- not initialized
02-13 20:55:35.212  6324  6593 E EPDG -- SIM0 [RILRECEIVER]: RX [NET_REGIST] -- RESPONSE -- not initialized
02-13 20:55:39.774  5373  5473 E storaged: getDiskStats failed with result NOT_SUPPORTED and size 0
02-13 20:55:41.116  6324  6593 E EPDG -- SIM0 [RILRECEIVER]: Incorrect EpdgIilIpcMessage IPC Message -- not initialized
02-13 20:55:41.119  5935  6497 E ImsAdaptorImpl: setSSACInfo : ImsAdaptorImpl.
02-13 20:55:41.131  5935  6497 E ImsAdaptorImpl: setSSACInfo : ImsAdaptorImpl.
02-13 20:55:41.132  6324  6593 E EPDG -- SIM0 [RILRECEIVER]: Incorrect EpdgIilIpcMessage IPC Message -- not initialized
02-13 20:55:41.135  6324  6593 E EPDG -- SIM0 [RILRECEIVER]: RX [NET_REGIST] -- RESPONSE -- not initialized
02-13 20:55:51.751  6324  6593 E EPDG -- SIM0 [RILRECEIVER]: Incorrect EpdgIilIpcMessage IPC Message -- not initialized
02-13 20:55:51.755  5935  6497 E ImsAdaptorImpl: setSSACInfo : ImsAdaptorImpl.
02-13 20:55:51.768  5935  6497 E ImsAdaptorImpl: setSSACInfo : ImsAdaptorImpl.
02-13 20:55:51.771  6324  6593 E EPDG -- SIM0 [RILRECEIVER]: Incorrect EpdgIilIpcMessage IPC Message -- not initialized
02-13 20:55:51.773  6324  6593 E EPDG -- SIM0 [RILRECEIVER]: RX [NET_REGIST] -- RESPONSE -- not initialized
02-13 20:55:51.778  5606  6124 E Watchdog: !@Sync 7953 [2021-02-13 20:55:51.778] FD count : 585
02-13 20:56:00.068  4138  4138 E Zygote  : isWhitelistProcess - Process is Whitelisted
02-13 20:56:00.071  4138  4138 E Zygote  : accessInfo : 1
02-13 20:56:00.093  4138  4138 E com.viber.voip: Not starting debugger since process cannot load the jdwp agent.
02-13 20:56:00.368  4138  4138 E HMSSDK_HMSPackageManager: Failed to find HMS apk
02-13 20:56:00.371  4138  4138 E HMSSDK_HMSPackageManager: Failed to find HMS apk
02-13 20:56:00.380  4138  4138 E HMSSDK_HMSPackageManager: Failed to find HMS apk
02-13 20:56:00.658  4138  4138 E SchedPolicy: set_timerslack_ns write failed: Operation not permitted
02-13 20:56:00.658  4138  4138 E SchedPolicy: set_timerslack_ns write failed: Operation not permitted
02-13 20:56:01.115  4138  4138 E com.viber.voip: No package ID ff found for ID 0xffffffff.
02-13 20:56:01.223  3376  3777 E NativeSemDvfsCpuManager: acquire:: Start
02-13 20:56:01.224  3376  3777 E NativeSemDvfsCpuManager: acquire:: timeout = -1 mIsAcquired = 0  mTagName : AudioFlinger 
02-13 20:56:01.226  3376  3777 E NativeCustomFrequencyManager: [NativeCFMS] BpCustomFrequencyManager::acquireDVFSLock() 
02-13 20:56:01.227  3376  3777 E NativeSemDvfsCpuManager: acquire:: End
02-13 20:56:01.275  4138  4197 E NativeMethods: looking up class com/viber/jni/PhoneControllerHelper
02-13 20:56:01.277  4138  4197 E NativeMethods: looking up class com/viber/jni/backup/BackupReader
02-13 20:56:01.277  4138  4197 E NativeMethods: looking up class com/viber/jni/backup/BackupWriter
02-13 20:56:01.278  4138  4197 E NativeMethods: looking up class com/viber/jni/slashkey/SlashKeyAdapter
02-13 20:56:01.278  4138  4197 E NativeMethods: looking up class com/viber/jni/slashkey/SlashKeyController
02-13 20:56:01.278  4138  4197 E NativeMethods: looking up class com/viber/voip/sound/NativeMediaDelegateExtra
02-13 20:56:01.278  4138  4197 E NativeMethods: looking up class com/viber/jni/webrtc/IncomingProcessedCallback
02-13 20:56:01.278  4138  4197 E NativeMethods: looking up class com/viber/jni/webrtc/IncomingSdpProcessedCallback
02-13 20:56:01.284  4138  4157 E SchedPolicy: set_timerslack_ns write failed: Operation not permitted
02-13 20:56:01.285  4138  4157 E SchedPolicy: set_timerslack_ns write failed: Operation not permitted
02-13 20:56:04.237  3376  3777 E NativeSemDvfsCpuManager: release:: Start
02-13 20:56:04.237  3376  3777 E NativeSemDvfsCpuManager: release():: mIsAcquired = 1 , mName = CPU  , mTagName : AudioFlinger 
02-13 20:56:04.239  3376  3777 E NativeCustomFrequencyManager: [NativeCFMS] BpCustomFrequencyManager::releaseDVFSLock() 
02-13 20:56:04.239  3376  3777 E NativeSemDvfsCpuManager: release:: End
02-13 20:56:05.624  5370  5459 E Netd    : getNetworkForDns: getNetId from enterpriseCtrl is netid 0
02-13 20:56:05.632  4138  4157 E Adjust  : Adjust not initialized correctly
02-13 20:56:05.679  5370  5459 E Netd    : getNetworkForDns: getNetId from enterpriseCtrl is netid 0
02-13 20:56:05.681  5370  5459 E Netd    : getNetworkForDns: getNetId from enterpriseCtrl is netid 0
02-13 20:56:10.020  5992  5992 E KeyguardUpdateMonitor: handleStartedWakingUp start 1
02-13 20:56:10.029  3361  4018 E Sensors : inject_scontext_data: New ssp_data_injection_fd(29)
02-13 20:56:10.031  5992  5992 E KeyguardFingerPrint: updateFingerprintListeningState#mFingerprintRunningState=1 shouldListenForFingerprint=true
02-13 20:56:10.048  5992  5992 E SystemUIImageView: set Image Drawable!!
02-13 20:56:10.048  3361  4018 E Sensors : inject_scontext_data: New ssp_data_injection_fd(29)
02-13 20:56:10.049  5992  5992 E SystemUIImageView: set Background Drawable!!
02-13 20:56:10.051  5992  5992 E KeyguardUpdateMonitor: handleStartedWakingUp end
02-13 20:56:10.057  5606  8121 E LockSettingsStorage: Cannot read file java.io.FileNotFoundException: /data/system/fmmpassword.key: open failed: ENOENT (No such file or directory)
02-13 20:56:10.065  5935  6497 E ImsAdaptorImpl: setSSACInfo : ImsAdaptorImpl.
02-13 20:56:10.066  5606  5961 E LockSettingsStorage: Cannot read file java.io.FileNotFoundException: /data/system/fmmpassword.key: open failed: ENOENT (No such file or directory)
02-13 20:56:10.066  5935  6522 E ImsAdaptorImpl2: setSSACInfo : ImsAdaptorImpl.
02-13 20:56:10.067  6324  6593 E EPDG -- SIM0 [RILRECEIVER]: Incorrect EpdgIilIpcMessage IPC Message -- not initialized
02-13 20:56:10.071  5606  7391 E LockSettingsStorage: Cannot read file java.io.FileNotFoundException: /data/system/fmmpassword.key: open failed: ENOENT (No such file or directory)
02-13 20:56:10.071  6324  6593 E EPDG -- SIM1 [RILRECEIVER]: Incorrect EpdgIilIpcMessage IPC Message -- not initialized
02-13 20:56:10.074  6324  6593 E EPDG -- SIM0 [RILRECEIVER]: RX [NET_REGIST] -- RESPONSE -- not initialized
02-13 20:56:10.075  6324  6593 E EPDG -- SIM1 [RILRECEIVER]: RX [NET_REGIST] -- RESPONSE -- not initialized
02-13 20:56:10.132  3361  4018 E Sensors : inject_scontext_data: New ssp_data_injection_fd(29)
02-13 20:56:10.154  5606  5606 E PocketModeEvent: ACTION_SCREEN_ON(by 1)
02-13 20:56:10.203  3366  3366 E SecHAL  : nfc_hal_write: [Cmd]Send EVT data_sending_flag = true, return size=4!!
02-13 20:56:10.205  5992  5992 E SystemUIImageView: set Image Drawable!!
02-13 20:56:10.205  5992  5992 E SystemUIImageView: set Background Drawable!!
02-13 20:56:10.208 25280  4239 E SQLiteLog: (10) POSIX Error : 9 SQLite Error : 3850
02-13 20:56:10.208 25280  4239 E SQLiteLog: (10) LOCK : Getting pending lock for (4) failed due to (9). The current owner is (-992811640).
02-13 20:56:10.215 25280  4239 E SQLiteLog: (10) POSIX Error : 9 SQLite Error : 3850
02-13 20:56:10.215 25280  4239 E SQLiteLog: (10) LOCK : Getting pending lock for (4) failed due to (9). The current owner is (-992811640).
02-13 20:56:10.230  3366  1293 E SecHAL  : nfc_data_callback: [Cmd]Received a response packet : data_sending_flag = false!!
02-13 20:56:10.231  5606  5627 E LockSettingsStorage: Cannot read file java.io.FileNotFoundException: /data/system/fmmpassword.key: open failed: ENOENT (No such file or directory)
